Component: ARM Compiler 5.06 update 1 (build 61) Tool: armlink [4d35a8]

==============================================================================

Section Cross References

    main.o(i.BSP_Init) refers to system_stm32f10x.o(i.SystemInit) for SystemInit
    main.o(i.BSP_Init) refers to usart_for_dynamixel.o(i.USART_TTL_Init) for USART_TTL_Init
    main.o(i.BSP_Init) refers to usart_for_dynamixel.o(i.USART2_Init) for USART2_Init
    main.o(i.BSP_Init) refers to main.o(i.LED_Configuration) for LED_Configuration
    main.o(i.BSP_Init) refers to main.o(i.Value_Reset) for Value_Reset
    main.o(i.BSP_Init) refers to tasks.o(i.vTaskDelay) for vTaskDelay
    main.o(i.BSP_Task) refers to main.o(i.BSP_Init) for BSP_Init
    main.o(i.BSP_Task) refers to tasks.o(i.xTaskGenericCreate) for xTaskGenericCreate
    main.o(i.BSP_Task) refers to tasks.o(i.vTaskDelete) for vTaskDelete
    main.o(i.BSP_Task) refers to main.o(i.Dynamixel_Set_Task) for Dynamixel_Set_Task
    main.o(i.BSP_Task) refers to main.o(i.Function_Control) for Function_Control
    main.o(i.Dynamixel_Set_Task) refers to usart_for_dynamixel.o(i.Receive_Data) for Receive_Data
    main.o(i.Dynamixel_Set_Task) refers to dynamixel.o(i.ReadData) for ReadData
    main.o(i.Dynamixel_Set_Task) refers to dynamixel.o(i.DataOPE) for DataOPE
    main.o(i.Dynamixel_Set_Task) refers to dynamixel.o(i.Set_Goal_Value) for Set_Goal_Value
    main.o(i.Dynamixel_Set_Task) refers to dynamixel.o(i.Set_Baud_Rate) for Set_Baud_Rate
    main.o(i.Dynamixel_Set_Task) refers to dynamixel.o(i.Set_Return_Level) for Set_Return_Level
    main.o(i.Dynamixel_Set_Task) refers to dynamixel.o(i.ReadDataS) for ReadDataS
    main.o(i.Dynamixel_Set_Task) refers to dynamixel.o(i.Set_XL_LED) for Set_XL_LED
    main.o(i.Dynamixel_Set_Task) refers to finger.o(i.Hand_Open) for Hand_Open
    main.o(i.Dynamixel_Set_Task) refers to tasks.o(i.vTaskDelay) for vTaskDelay
    main.o(i.Dynamixel_Set_Task) refers to main.o(.data) for Function_Select
    main.o(i.Dynamixel_Set_Task) refers to dynamixel.o(.bss) for Goal
    main.o(i.Dynamixel_Set_Task) refers to main.o(.bss) for extracting
    main.o(i.Function_Control) refers to tasks.o(i.xTaskGenericCreate) for xTaskGenericCreate
    main.o(i.Function_Control) refers to tasks.o(i.vTaskDelete) for vTaskDelete
    main.o(i.Function_Control) refers to tasks.o(i.vTaskDelay) for vTaskDelay
    main.o(i.Function_Control) refers to dynamixel.o(i.Detect_CMD) for Detect_CMD
    main.o(i.Function_Control) refers to main.o(.data) for Action_Function
    main.o(i.Function_Control) refers to main.o(.bss) for Finish_Flag
    main.o(i.Function_Control) refers to finger.o(i.GrabCup) for GrabCup
    main.o(i.Function_Control) refers to finger.o(i.Single_Finger) for Single_Finger
    main.o(i.Function_Control) refers to finger.o(i.Three_Finger) for Three_Finger
    main.o(i.Function_Control) refers to finger.o(i.Hand_Reset) for Hand_Reset
    main.o(i.Function_Control) refers to finger.o(i.Hand_Open) for Hand_Open
    main.o(i.Function_Control) refers to finger.o(i.FastReset) for FastReset
    main.o(i.Function_Control) refers to finger.o(i.Vertical_Hold) for Vertical_Hold
    main.o(i.Function_Control) refers to finger.o(i.Clamp_Card) for Clamp_Card
    main.o(i.Function_Control) refers to finger.o(i.Stone_Gesture) for Stone_Gesture
    main.o(i.Function_Control) refers to finger.o(i.Scissors_Gesture) for Scissors_Gesture
    main.o(i.Function_Control) refers to finger.o(i.Cloth_Gesture) for Cloth_Gesture
    main.o(i.LED_Configuration) refers to stm32f10x_rcc.o(i.RCC_APB2PeriphClockCmd) for RCC_APB2PeriphClockCmd
    main.o(i.LED_Configuration) refers to stm32f10x_gpio.o(i.GPIO_Init) for GPIO_Init
    main.o(i.LED_Configuration) refers to stm32f10x_gpio.o(i.GPIO_ResetBits) for GPIO_ResetBits
    main.o(i.Value_Reset) refers to main.o(.bss) for Finish_Flag
    main.o(i.main) refers to tasks.o(i.xTaskGenericCreate) for xTaskGenericCreate
    main.o(i.main) refers to tasks.o(i.vTaskStartScheduler) for vTaskStartScheduler
    main.o(i.main) refers to main.o(i.BSP_Task) for BSP_Task
    adc.o(i.ADC_Configuration) refers to stm32f10x_rcc.o(i.RCC_ADCCLKConfig) for RCC_ADCCLKConfig
    adc.o(i.ADC_Configuration) refers to stm32f10x_rcc.o(i.RCC_APB2PeriphClockCmd) for RCC_APB2PeriphClockCmd
    adc.o(i.ADC_Configuration) refers to stm32f10x_rcc.o(i.RCC_AHBPeriphClockCmd) for RCC_AHBPeriphClockCmd
    adc.o(i.ADC_Configuration) refers to stm32f10x_gpio.o(i.GPIO_Init) for GPIO_Init
    adc.o(i.ADC_Configuration) refers to stm32f10x_dma.o(i.DMA_DeInit) for DMA_DeInit
    adc.o(i.ADC_Configuration) refers to stm32f10x_dma.o(i.DMA_Init) for DMA_Init
    adc.o(i.ADC_Configuration) refers to stm32f10x_dma.o(i.DMA_Cmd) for DMA_Cmd
    adc.o(i.ADC_Configuration) refers to stm32f10x_dma.o(i.DMA_ITConfig) for DMA_ITConfig
    adc.o(i.ADC_Configuration) refers to stm32f10x_adc.o(i.ADC_Init) for ADC_Init
[...]
    Removing stm32f10x_tim.o(i.TIM_OC2Init), (164 bytes).
    Removing stm32f10x_tim.o(i.TIM_OC2NPolarityConfig), (26 bytes).
    Removing stm32f10x_tim.o(i.TIM_OC2PolarityConfig), (26 bytes).
    Removing stm32f10x_tim.o(i.TIM_OC2PreloadConfig), (26 bytes).
    Removing stm32f10x_tim.o(i.TIM_OC3FastConfig), (18 bytes).
    Removing stm32f10x_tim.o(i.TIM_OC3Init), (160 bytes).
    Removing stm32f10x_tim.o(i.TIM_OC3NPolarityConfig), (26 bytes).
    Removing stm32f10x_tim.o(i.TIM_OC3PolarityConfig), (26 bytes).
    Removing stm32f10x_tim.o(i.TIM_OC3PreloadConfig), (18 bytes).
    Removing stm32f10x_tim.o(i.TIM_OC4FastConfig), (26 bytes).
    Removing stm32f10x_tim.o(i.TIM_OC4Init), (124 bytes).
    Removing stm32f10x_tim.o(i.TIM_OC4PolarityConfig), (26 bytes).
    Removing stm32f10x_tim.o(i.TIM_OC4PreloadConfig), (26 bytes).
    Removing stm32f10x_tim.o(i.TIM_OCStructInit), (20 bytes).
    Removing stm32f10x_tim.o(i.TIM_PWMIConfig), (124 bytes).
    Removing stm32f10x_tim.o(i.TIM_PrescalerConfig), (6 bytes).
    Removing stm32f10x_tim.o(i.TIM_SelectCCDMA), (24 bytes).
    Removing stm32f10x_tim.o(i.TIM_SelectCOM), (24 bytes).
    Removing stm32f10x_tim.o(i.TIM_SelectHallSensor), (24 bytes).
    Removing stm32f10x_tim.o(i.TIM_SelectInputTrigger), (18 bytes).
    Removing stm32f10x_tim.o(i.TIM_SelectMasterSlaveMode), (18 bytes).
    Removing stm32f10x_tim.o(i.TIM_SelectOCxM), (82 bytes).
    Removing stm32f10x_tim.o(i.TIM_SelectOnePulseMode), (18 bytes).
    Removing stm32f10x_tim.o(i.TIM_SelectOutputTrigger), (18 bytes).
    Removing stm32f10x_tim.o(i.TIM_SelectSlaveMode), (18 bytes).
    Removing stm32f10x_tim.o(i.TIM_SetAutoreload), (4 bytes).
    Removing stm32f10x_tim.o(i.TIM_SetClockDivision), (18 bytes).
    Removing stm32f10x_tim.o(i.TIM_SetCompare1), (4 bytes).
    Removing stm32f10x_tim.o(i.TIM_SetCompare2), (4 bytes).
    Removing stm32f10x_tim.o(i.TIM_SetCompare3), (4 bytes).
    Removing stm32f10x_tim.o(i.TIM_SetCompare4), (6 bytes).
    Removing stm32f10x_tim.o(i.TIM_SetCounter), (4 bytes).
    Removing stm32f10x_tim.o(i.TIM_SetIC1Prescaler), (18 bytes).
    Removing stm32f10x_tim.o(i.TIM_SetIC2Prescaler), (26 bytes).
    Removing stm32f10x_tim.o(i.TIM_SetIC3Prescaler), (18 bytes).
    Removing stm32f10x_tim.o(i.TIM_SetIC4Prescaler), (26 bytes).
    Removing stm32f10x_tim.o(i.TIM_TIxExternalClockConfig), (62 bytes).
    Removing stm32f10x_tim.o(i.TIM_TimeBaseInit), (164 bytes).
    Removing stm32f10x_tim.o(i.TIM_TimeBaseStructInit), (18 bytes).
    Removing stm32f10x_tim.o(i.TIM_UpdateDisableConfig), (24 bytes).
    Removing stm32f10x_tim.o(i.TIM_UpdateRequestConfig), (24 bytes).
    Removing stm32f10x_usart.o(.rev16_text), (4 bytes).
    Removing stm32f10x_usart.o(.revsh_text), (4 bytes).
    Removing stm32f10x_usart.o(.rrx_text), (6 bytes).
    Removing stm32f10x_usart.o(i.USART_ClearFlag), (18 bytes).
    Removing stm32f10x_usart.o(i.USART_ClearITPendingBit), (30 bytes).
    Removing stm32f10x_usart.o(i.USART_ClockInit), (34 bytes).
    Removing stm32f10x_usart.o(i.USART_ClockStructInit), (12 bytes).
    Removing stm32f10x_usart.o(i.USART_DMACmd), (18 bytes).
    Removing stm32f10x_usart.o(i.USART_DeInit), (156 bytes).
    Removing stm32f10x_usart.o(i.USART_GetITStatus), (84 bytes).
    Removing stm32f10x_usart.o(i.USART_HalfDuplexCmd), (24 bytes).
    Removing stm32f10x_usart.o(i.USART_IrDACmd), (24 bytes).
    Removing stm32f10x_usart.o(i.USART_IrDAConfig), (18 bytes).
    Removing stm32f10x_usart.o(i.USART_LINBreakDetectLengthConfig), (18 bytes).
    Removing stm32f10x_usart.o(i.USART_LINCmd), (24 bytes).
    Removing stm32f10x_usart.o(i.USART_OneBitMethodCmd), (24 bytes).
    Removing stm32f10x_usart.o(i.USART_OverSampling8Cmd), (22 bytes).
    Removing stm32f10x_usart.o(i.USART_ReceiverWakeUpCmd), (24 bytes).
    Removing stm32f10x_usart.o(i.USART_SendBreak), (10 bytes).
    Removing stm32f10x_usart.o(i.USART_SetAddress), (18 bytes).
    Removing stm32f10x_usart.o(i.USART_SetGuardTime), (16 bytes).
    Removing stm32f10x_usart.o(i.USART_SetPrescaler), (16 bytes).
    Removing stm32f10x_usart.o(i.USART_SmartCardCmd), (24 bytes).
    Removing stm32f10x_usart.o(i.USART_SmartCardNACKCmd), (24 bytes).
    Removing stm32f10x_usart.o(i.USART_StructInit), (24 bytes).
    Removing stm32f10x_usart.o(i.USART_WakeUpConfig), (18 bytes).
    Removing dma_stm32f10x.o(.rev16_text), (4 bytes).
    Removing dma_stm32f10x.o(.revsh_text), (4 bytes).
    Removing dma_stm32f10x.o(.rrx_text), (6 bytes).
    Removing dma_stm32f10x.o(i.DMA_ChannelInitialize), (256 bytes).
    Removing dma_stm32f10x.o(i.DMA_ChannelUninitialize), (176 bytes).
    Removing dma_stm32f10x.o(i.NVIC_ClearPendingIRQ), (24 bytes).
    Removing dma_stm32f10x.o(i.NVIC_DisableIRQ), (24 bytes).
    Removing dma_stm32f10x.o(i.NVIC_EnableIRQ), (22 bytes).
    Removing dma_stm32f10x.o(.data), (1 bytes).
    Removing gpio_stm32f10x.o(.rev16_text), (4 bytes).
    Removing gpio_stm32f10x.o(.revsh_text), (4 bytes).
    Removing gpio_stm32f10x.o(.rrx_text), (6 bytes).
    Removing gpio_stm32f10x.o(i.GPIO_AFConfigure), (88 bytes).
    Removing gpio_stm32f10x.o(i.GPIO_PinConfigure), (92 bytes).
    Removing gpio_stm32f10x.o(i.GPIO_PortClock), (316 bytes).
    Removing system_stm32f10x.o(.rev16_text), (4 bytes).
    Removing system_stm32f10x.o(.revsh_text), (4 bytes).
    Removing system_stm32f10x.o(.rrx_text), (6 bytes).
    Removing system_stm32f10x.o(i.SystemCoreClockUpdate), (164 bytes).
    Removing system_stm32f10x.o(.data), (20 bytes).

366 unused section(s) (total 16407 bytes) removed from the image.

==============================================================================

Image Symbol Table

    Local Symbols

    Symbol Name                              Value     Ov Type        Size  Object(Section)

    ../clib/angel/boardlib.s                 0x00000000   Number         0  boardinit1.o ABSOLUTE
    ../clib/angel/boardlib.s                 0x00000000   Number         0  boardshut.o ABSOLUTE
    ../clib/angel/boardlib.s                 0x00000000   Number         0  boardinit2.o ABSOLUTE
    ../clib/angel/boardlib.s                 0x00000000   Number         0  boardinit3.o ABSOLUTE
    ../clib/angel/handlers.s                 0x00000000   Number         0  __scatter_copy.o ABSOLUTE
    ../clib/angel/handlers.s                 0x00000000   Number         0  __scatter_zi.o ABSOLUTE
    ../clib/angel/kernel.s                   0x00000000   Number         0  rtexit2.o ABSOLUTE
    ../clib/angel/kernel.s                   0x00000000   Number         0  __rtentry.o ABSOLUTE
    ../clib/angel/kernel.s                   0x00000000   Number         0  __rtentry4.o ABSOLUTE
    ../clib/angel/kernel.s                   0x00000000   Number         0  __rtentry2.o ABSOLUTE
    ../clib/angel/kernel.s                   0x00000000   Number         0  rtexit.o ABSOLUTE
    ../clib/angel/rt.s                       0x00000000   Number         0  rt_raise.o ABSOLUTE
    ../clib/angel/scatter.s                  0x00000000   Number         0  __scatter.o ABSOLUTE
    ../clib/angel/startup.s                  0x00000000   Number         0  __main.o ABSOLUTE
    ../clib/angel/sys.s                      0x00000000   Number         0  indicate_semi.o ABSOLUTE
    ../clib/angel/sys.s                      0x00000000   Number         0  use_no_semi.o ABSOLUTE
    ../clib/angel/sys.s                      0x00000000   Number         0  libspace.o ABSOLUTE
    ../clib/angel/sys.s                      0x00000000   Number         0  sys_stackheap_outer.o ABSOLUTE
    ../clib/angel/sysapp.c                   0x00000000   Number         0  sys_command.o ABSOLUTE
    ../clib/angel/sysapp.c                   0x00000000   Number         0  sys_exit.o ABSOLUTE
    ../clib/angel/sysapp.c                   0x00000000   Number         0  sys_wrch.o ABSOLUTE
    ../clib/armsys.c                         0x00000000   Number         0  no_argv.o ABSOLUTE
    ../clib/armsys.c                         0x00000000   Number         0  _get_argv_nomalloc.o ABSOLUTE
    ../clib/armsys.c                         0x00000000   Number         0  argv_veneer.o ABSOLUTE
    ../clib/armsys.c                         0x00000000   Number         0  argv_veneer.o ABSOLUTE
    ../clib/heapalloc.c                      0x00000000   Number         0  hrguard.o ABSOLUTE
    ../clib/heapaux.c                        0x00000000   Number         0  heapauxi.o ABSOLUTE
    ../clib/libinit.s                        0x00000000   Number         0  libshutdown.o ABSOLUTE
    ../clib/libinit.s                        0x00000000   Number         0  libinit.o ABSOLUTE
    ../clib/libinit.s                        0x00000000   Number         0  libinit2.o ABSOLUTE
    ../clib/libinit.s                        0x00000000   Number         0  libshutdown2.o ABSOLUTE
    ../clib/memcpset.s                       0x00000000   Number         0  rt_memcpy_v6.o ABSOLUTE
    ../clib/memcpset.s                       0x00000000   Number         0  rt_memcpy_w.o ABSOLUTE
    ../clib/signal.c                         0x00000000   Number         0  __raise.o ABSOLUTE
    ../clib/signal.c                         0x00000000   Number         0  defsig_rtmem_inner.o ABSOLUTE
    ../clib/signal.c                         0x00000000   Number         0  defsig_exit.o ABSOLUTE
    ../clib/signal.c                         0x00000000   Number         0  defsig_rtmem_formal.o ABSOLUTE
    ../clib/signal.c                         0x00000000   Number         0  defsig_rtmem_outer.o ABSOLUTE
    ../clib/signal.c                         0x00000000   Number         0  defsig_abrt_inner.o ABSOLUTE
    ../clib/signal.c                         0x00000000   Number         0  defsig_other.o ABSOLUTE
    ../clib/signal.c                         0x00000000   Number         0  defsig_segv_inner.o ABSOLUTE
    ../clib/signal.c                         0x00000000   Number         0  defsig_cppl_inner.o ABSOLUTE
    ../clib/signal.c                         0x00000000   Number         0  defsig_pvfn_inner.o ABSOLUTE
    ../clib/signal.c                         0x00000000   Number         0  defsig_stak_inner.o ABSOLUTE
    ../clib/signal.c                         0x00000000   Number         0  defsig_rtred_inner.o ABSOLUTE
    ../clib/signal.c                         0x00000000   Number         0  defsig_fpe_inner.o ABSOLUTE
    ../clib/signal.c                         0x00000000   Number         0  defsig_general.o ABSOLUTE
    ../clib/signal.s                         0x00000000   Number         0  defsig.o ABSOLUTE
    ../clib/stdlib.c                         0x00000000   Number         0  exit.o ABSOLUTE
    ../fplib/faddsub.s                       0x00000000   Number         0  faddsub_clz.o ABSOLUTE
    ../fplib/fcmpi.s                         0x00000000   Number         0  fcmpi.o ABSOLUTE
    ../fplib/fdiv.s                          0x00000000   Number         0  fdiv.o ABSOLUTE
    ../fplib/feqf.s                          0x00000000   Number         0  feqf.o ABSOLUTE
    ../fplib/ffixu.s                         0x00000000   Number         0  ffixu.o ABSOLUTE
    ../fplib/fmul.s                          0x00000000   Number         0  fmul.o ABSOLUTE
    ../fplib/fnaninf.s                       0x00000000   Number         0  fnaninf.o ABSOLUTE
    ../fplib/fpinit.s                        0x00000000   Number         0  fpinit.o ABSOLUTE
    ../fplib/fretinf.s                       0x00000000   Number         0  fretinf.o ABSOLUTE
    ../fplib/usenofp.s                       0x00000000   Number         0  usenofp.o ABSOLUTE
    APP\ADC.c                                0x00000000   Number         0  adc.o ABSOLUTE
    APP\Dynamixel.c                          0x00000000   Number         0  dynamixel.o ABSOLUTE
    APP\Finger.c                             0x00000000   Number         0  finger.o ABSOLUTE
    APP\USART_for_Dynamixel.c                0x00000000   Number         0  usart_for_dynamixel.o ABSOLUTE
    APP\\ADC.c                               0x00000000   Number         0  adc.o ABSOLUTE
    APP\\Dynamixel.c                         0x00000000   Number         0  dynamixel.o ABSOLUTE
    APP\\Finger.c                            0x00000000   Number         0  finger.o ABSOLUTE
    APP\\USART_for_Dynamixel.c               0x00000000   Number         0  usart_for_dynamixel.o ABSOLUTE
    APP\\main.c                              0x00000000   Number         0  main.o ABSOLUTE
    APP\main.c                               0x00000000   Number         0  main.o ABSOLUTE
    C:\Keil_v5\ARM\PACK\Keil\STM32F1xx_DFP\1.1.0\Device\StdPeriph_Driver\src\misc.c 0x00000000   Number         0  misc.o ABSOLUTE
    C:\Keil_v5\ARM\PACK\Keil\STM32F1xx_DFP\1.1.0\Device\StdPeriph_Driver\src\stm32f10x_adc.c 0x00000000   Number         0  stm32f10x_adc.o ABSOLUTE
    C:\Keil_v5\ARM\PACK\Keil\STM32F1xx_DFP\1.1.0\Device\StdPeriph_Driver\src\stm32f10x_dma.c 0x00000000   Number         0  stm32f10x_dma.o ABSOLUTE
    C:\Keil_v5\ARM\PACK\Keil\STM32F1xx_DFP\1.1.0\Device\StdPeriph_Driver\src\stm32f10x_flash.c 0x00000000   Number         0  stm32f10x_flash.o ABSOLUTE
    C:\Keil_v5\ARM\PACK\Keil\STM32F1xx_DFP\1.1.0\Device\StdPeriph_Driver\src\stm32f10x_gpio.c 0x00000000   Number         0  stm32f10x_gpio.o ABSOLUTE
    C:\Keil_v5\ARM\PACK\Keil\STM32F1xx_DFP\1.1.0\Device\StdPeriph_Driver\src\stm32f10x_rcc.c 0x00000000   Number         0  stm32f10x_rcc.o ABSOLUTE
    C:\Keil_v5\ARM\PACK\Keil\STM32F1xx_DFP\1.1.0\Device\StdPeriph_Driver\src\stm32f10x_tim.c 0x00000000   Number         0  stm32f10x_tim.o ABSOLUTE
    C:\Keil_v5\ARM\PACK\Keil\STM32F1xx_DFP\1.1.0\Device\StdPeriph_Driver\src\stm32f10x_usart.c 0x00000000   Number         0  stm32f10x_usart.o ABSOLUTE
    C:\Keil_v5\ARM\PACK\Keil\STM32F1xx_DFP\1.1.0\RTE_Driver\DMA_STM32F10x.c 0x00000000   Number         0  dma_stm32f10x.o ABSOLUTE
    C:\Keil_v5\ARM\PACK\Keil\STM32F1xx_DFP\1.1.0\RTE_Driver\GPIO_STM32F10x.c 0x00000000   Number         0  gpio_stm32f10x.o ABSOLUTE
    C:\\Keil_v5\\ARM\\PACK\\Keil\\STM32F1xx_DFP\\1.1.0\\Device\\StdPeriph_Driver\\src\\misc.c 0x00000000   Number         0  misc.o ABSOLUTE
    C:\\Keil_v5\\ARM\\PACK\\Keil\\STM32F1xx_DFP\\1.1.0\\Device\\StdPeriph_Driver\\src\\stm32f10x_adc.c 0x00000000   Number         0  stm32f10x_adc.o ABSOLUTE
    C:\\Keil_v5\\ARM\\PACK\\Keil\\STM32F1xx_DFP\\1.1.0\\Device\\StdPeriph_Driver\\src\\stm32f10x_dma.c 0x00000000   Number         0  stm32f10x_dma.o ABSOLUTE
    C:\\Keil_v5\\ARM\\PACK\\Keil\\STM32F1xx_DFP\\1.1.0\\Device\\StdPeriph_Driver\\src\\stm32f10x_flash.c 0x00000000   Number         0  stm32f10x_flash.o ABSOLUTE
    C:\\Keil_v5\\ARM\\PACK\\Keil\\STM32F1xx_DFP\\1.1.0\\Device\\StdPeriph_Driver\\src\\stm32f10x_gpio.c 0x00000000   Number         0  stm32f10x_gpio.o ABSOLUTE
    C:\\Keil_v5\\ARM\\PACK\\Keil\\STM32F1xx_DFP\\1.1.0\\Device\\StdPeriph_Driver\\src\\stm32f10x_rcc.c 0x00000000   Number         0  stm32f10x_rcc.o ABSOLUTE
    C:\\Keil_v5\\ARM\\PACK\\Keil\\STM32F1xx_DFP\\1.1.0\\Device\\StdPeriph_Driver\\src\\stm32f10x_tim.c 0x00000000   Number         0  stm32f10x_tim.o ABSOLUTE
    C:\\Keil_v5\\ARM\\PACK\\Keil\\STM32F1xx_DFP\\1.1.0\\Device\\StdPeriph_Driver\\src\\stm32f10x_usart.c 0x00000000   Number         0  stm32f10x_usart.o ABSOLUTE
    C:\\Keil_v5\\ARM\\PACK\\Keil\\STM32F1xx_DFP\\1.1.0\\RTE_Driver\\DMA_STM32F10x.c 0x00000000   Number         0  dma_stm32f10x.o ABSOLUTE
    C:\\Keil_v5\\ARM\\PACK\\Keil\\STM32F1xx_DFP\\1.1.0\\RTE_Driver\\GPIO_STM32F10x.c 0x00000000   Number         0  gpio_stm32f10x.o ABSOLUTE
    FreeRTOS\\port.c                         0x00000000   Number         0  port.o ABSOLUTE
    FreeRTOS\croutine.c                      0x00000000   Number         0  croutine.o ABSOLUTE
    FreeRTOS\heap_2.c                        0x00000000   Number         0  heap_2.o ABSOLUTE
    FreeRTOS\list.c                          0x00000000   Number         0  list.o ABSOLUTE
    FreeRTOS\port.c                          0x00000000   Number         0  port.o ABSOLUTE
    FreeRTOS\queue.c                         0x00000000   Number         0  queue.o ABSOLUTE
    FreeRTOS\tasks.c                         0x00000000   Number         0  tasks.o ABSOLUTE
    FreeRTOS\timers.c                        0x00000000   Number         0  timers.o ABSOLUTE
    RTE\Device\STM32F103T8\startup_stm32f10x_md.s 0x00000000   Number         0  startup_stm32f10x_md.o ABSOLUTE
    RTE\Device\STM32F103T8\system_stm32f10x.c 0x00000000   Number         0  system_stm32f10x.o ABSOLUTE
    RTE\\Device\\STM32F103T8\\system_stm32f10x.c 0x00000000   Number         0  system_stm32f10x.o ABSOLUTE
    dc.s                                     0x00000000   Number         0  dc.o ABSOLUTE
    RESET                                    0x08000000   Section      236  startup_stm32f10x_md.o(RESET)
    !!!main                                  0x080000ec   Section        8  __main.o(!!!main)
    !!!scatter                               0x080000f4   Section       52  __scatter.o(!!!scatter)
    !!handler_copy                           0x08000128   Section       26  __scatter_copy.o(!!handler_copy)
    !!handler_zi                             0x08000144   Section       28  __scatter_zi.o(!!handler_zi)
    .ARM.Collect$$libinit$$00000000          0x08000160   Section        2  libinit.o(.ARM.Collect$$libinit$$00000000)
    .ARM.Collect$$libinit$$00000002          0x08000162   Section        0  libinit2.o(.ARM.Collect$$libinit$$00000002)
    .ARM.Collect$$libinit$$00000004          0x08000162   Section        0  libinit2.o(.ARM.Collect$$libinit$$00000004)
    .ARM.Collect$$libinit$$0000000A          0x08000162   Section        0  libinit2.o(.ARM.Collect$$libinit$$0000000A)
    .ARM.Collect$$libinit$$0000000C          0x08000162   Section        0  libinit2.o(.ARM.Collect$$libinit$$0000000C)
    .ARM.Collect$$libinit$$0000000E          0x08000162   Section        0  libinit2.o(.ARM.Collect$$libinit$$0000000E)
    .ARM.Collect$$libinit$$00000011          0x08000162   Section        0  libinit2.o(.ARM.Collect$$libinit$$00000011)
    .ARM.Collect$$libinit$$00000013          0x08000162   Section        0  libinit2.o(.ARM.Collect$$libinit$$00000013)
    .ARM.Collect$$libinit$$00000015          0x08000162   Section        0  libinit2.o(.ARM.Collect$$libinit$$00000015)
    .ARM.Collect$$libinit$$00000017          0x08000162   Section        0  libinit2.o(.ARM.Collect$$libinit$$00000017)
    .ARM.Collect$$libinit$$00000019          0x08000162   Section        0  libinit2.o(.ARM.Collect$$libinit$$00000019)
    .ARM.Collect$$libinit$$0000001B          0x08000162   Section        0  libinit2.o(.ARM.Collect$$libinit$$0000001B)
    .ARM.Collect$$libinit$$0000001D          0x08000162   Section        0  libinit2.o(.ARM.Collect$$libinit$$0000001D)
    .ARM.Collect$$libinit$$0000001F          0x08000162   Section        0  libinit2.o(.ARM.Collect$$libinit$$0000001F)
    .ARM.Collect$$libinit$$00000021          0x08000162   Section        0  libinit2.o(.ARM.Collect$$libinit$$00000021)
    .ARM.Collect$$libinit$$00000023          0x08000162   Section        0  libinit2.o(.ARM.Collect$$libinit$$00000023)
    .ARM.Collect$$libinit$$00000025          0x08000162   Section        0  libinit2.o(.ARM.Collect$$libinit$$00000025)
    .ARM.Collect$$libinit$$0000002C          0x08000162   Section        0  libinit2.o(.ARM.Collect$$libinit$$0000002C)
    .ARM.Collect$$libinit$$0000002E          0x08000162   Section        0  libinit2.o(.ARM.Collect$$libinit$$0000002E)
    .ARM.Collect$$libinit$$00000030          0x08000162   Section        0  libinit2.o(.ARM.Collect$$libinit$$00000030)
    .ARM.Collect$$libinit$$00000032          0x08000162   Section        0  libinit2.o(.ARM.Collect$$libinit$$00000032)
    .ARM.Collect$$libinit$$00000033          0x08000162   Section        2  libinit2.o(.ARM.Collect$$libinit$$00000033)
    .ARM.Collect$$libshutdown$$00000000      0x08000164   Section        2  libshutdown.o(.ARM.Collect$$libshutdown$$00000000)
    .ARM.Collect$$libshutdown$$00000002      0x08000166   Section        0  libshutdown2.o(.ARM.Collect$$libshutdown$$00000002)
    .ARM.Collect$$libshutdown$$00000004      0x08000166   Section        0  libshutdown2.o(.ARM.Collect$$libshutdown$$00000004)
    .ARM.Collect$$libshutdown$$00000007      0x08000166   Section        0  libshutdown2.o(.ARM.Collect$$libshutdown$$00000007)
    .ARM.Collect$$libshutdown$$0000000A      0x08000166   Section        0  libshutdown2.o(.ARM.Collect$$libshutdown$$0000000A)
    .ARM.Collect$$libshutdown$$0000000C      0x08000166   Section        0  libshutdown2.o(.ARM.Collect$$libshutdown$$0000000C)
    .ARM.Collect$$libshutdown$$0000000F      0x08000166   Section        0  libshutdown2.o(.ARM.Collect$$libshutdown$$0000000F)
    .ARM.Collect$$libshutdown$$00000010      0x08000166   Section        2  libshutdown2.o(.ARM.Collect$$libshutdown$$00000010)
    .ARM.Collect$$rtentry$$00000000          0x08000168   Section        0  __rtentry.o(.ARM.Collect$$rtentry$$00000000)
    .ARM.Collect$$rtentry$$00000002          0x08000168   Section        0  __rtentry2.o(.ARM.Collect$$rtentry$$00000002)
    .ARM.Collect$$rtentry$$00000004          0x08000168   Section        6  __rtentry4.o(.ARM.Collect$$rtentry$$00000004)
    .ARM.Collect$$rtentry$$00000009          0x0800016e   Section        0  __rtentry2.o(.ARM.Collect$$rtentry$$00000009)
    .ARM.Collect$$rtentry$$0000000A          0x0800016e   Section        4  __rtentry2.o(.ARM.Collect$$rtentry$$0000000A)
    .ARM.Collect$$rtentry$$0000000C          0x08000172   Section        0  __rtentry2.o(.ARM.Collect$$rtentry$$0000000C)
    .ARM.Collect$$rtentry$$0000000D          0x08000172   Section        8  __rtentry2.o(.ARM.Collect$$rtentry$$0000000D)
    .ARM.Collect$$rtexit$$00000000           0x0800017a   Section        2  rtexit.o(.ARM.Collect$$rtexit$$00000000)
    .ARM.Collect$$rtexit$$00000002           0x0800017c   Section        0  rtexit2.o(.ARM.Collect$$rtexit$$00000002)
    .ARM.Collect$$rtexit$$00000003           0x0800017c   Section        4  rtexit2.o(.ARM.Collect$$rtexit$$00000003)
    .ARM.Collect$$rtexit$$00000004           0x08000180   Section        6  rtexit2.o(.ARM.Collect$$rtexit$$00000004)
    .emb_text                                0x08000188   Section      162  port.o(.emb_text)
    .text                                    0x0800022c   Section       64  startup_stm32f10x_md.o(.text)
    .text                                    0x0800026c   Section        0  heapauxi.o(.text)
    .text                                    0x08000272   Section       74  sys_stackheap_outer.o(.text)
    .text                                    0x080002bc   Section        0  exit.o(.text)
    .text                                    0x080002d0   Section        8  libspace.o(.text)
    .text                                    0x080002d8   Section        0  sys_exit.o(.text)
    .text                                    0x080002e4   Section        2  use_no_semi.o(.text)
    .text                                    0x080002e6   Section        0  indicate_semi.o(.text)
    i.BSP_Init                               0x080002e6   Section        0  main.o(i.BSP_Init)
    i.BSP_Task                               0x08000310   Section        0  main.o(i.BSP_Task)
    i.Clamp_Card                             0x08000374   Section        0  finger.o(i.Clamp_Card)
    i.Cloth_Gesture                          0x08000390   Section        0  finger.o(i.Cloth_Gesture)
    i.DMA1_Channel1_Event                    0x080003d8   Section        0  dma_stm32f10x.o(i.DMA1_Channel1_Event)
    i.DMA1_Channel1_IRQHandler               0x080003dc   Section        0  dma_stm32f10x.o(i.DMA1_Channel1_IRQHandler)
    i.DMA1_Channel2_Event                    0x080003f8   Section        0  dma_stm32f10x.o(i.DMA1_Channel2_Event)
    i.DMA1_Channel2_IRQHandler               0x080003fc   Section        0  dma_stm32f10x.o(i.DMA1_Channel2_IRQHandler)
    i.DMA1_Channel3_Event                    0x08000418   Section        0  dma_stm32f10x.o(i.DMA1_Channel3_Event)
    i.DMA1_Channel3_IRQHandler               0x0800041c   Section        0  dma_stm32f10x.o(i.DMA1_Channel3_IRQHandler)
    i.DMA1_Channel4_Event                    0x08000438   Section        0  dma_stm32f10x.o(i.DMA1_Channel4_Event)
    i.DMA1_Channel4_IRQHandler               0x0800043c   Section        0  dma_stm32f10x.o(i.DMA1_Channel4_IRQHandler)
    i.DMA1_Channel5_Event                    0x08000458   Section        0  dma_stm32f10x.o(i.DMA1_Channel5_Event)
    i.DMA1_Channel5_IRQHandler               0x0800045c   Section        0  dma_stm32f10x.o(i.DMA1_Channel5_IRQHandler)
    i.DMA1_Channel6_Event                    0x08000478   Section        0  dma_stm32f10x.o(i.DMA1_Channel6_Event)
    i.DMA1_Channel6_IRQHandler               0x0800047c   Section        0  dma_stm32f10x.o(i.DMA1_Channel6_IRQHandler)
    i.DMA1_Channel7_Event                    0x08000498   Section        0  dma_stm32f10x.o(i.DMA1_Channel7_Event)
    i.DMA1_Channel7_IRQHandler               0x0800049c   Section        0  dma_stm32f10x.o(i.DMA1_Channel7_IRQHandler)
    i.DataOPE                                0x080004b8   Section        0  dynamixel.o(i.DataOPE)
    i.Detect_CMD                             0x080006e0   Section        0  dynamixel.o(i.Detect_CMD)
    i.Dynamixel_Set_Task                     0x08000714   Section        0  main.o(i.Dynamixel_Set_Task)
    i.FastReset                              0x0800085c   Section        0  finger.o(i.FastReset)
    i.Function_Control                       0x080008a0   Section        0  main.o(i.Function_Control)
    i.GPIO_Init                              0x08000bc4   Section        0  stm32f10x_gpio.o(i.GPIO_Init)
    i.GPIO_ResetBits                         0x08000cda   Section        0  stm32f10x_gpio.o(i.GPIO_ResetBits)
    i.GPIO_SetBits                           0x08000cde   Section        0  stm32f10x_gpio.o(i.GPIO_SetBits)
    i.GrabCup                                0x08000ce4   Section        0  finger.o(i.GrabCup)
    i.Hand_Open                              0x08000d84   Section        0  finger.o(i.Hand_Open)
    i.Hand_Reset                             0x08000e08   Section        0  finger.o(i.Hand_Reset)
    i.LED_Configuration                      0x08000eac   Section        0  main.o(i.LED_Configuration)
    i.NVIC_Init                              0x08000ee4   Section        0  misc.o(i.NVIC_Init)
    i.NVIC_PriorityGroupConfig               0x08000f54   Section        0  misc.o(i.NVIC_PriorityGroupConfig)
    i.RCC_APB1PeriphClockCmd                 0x08000f68   Section        0  stm32f10x_rcc.o(i.RCC_APB1PeriphClockCmd)
    i.RCC_APB2PeriphClockCmd                 0x08000f88   Section        0  stm32f10x_rcc.o(i.RCC_APB2PeriphClockCmd)
    i.RCC_GetClocksFreq                      0x08000fa8   Section        0  stm32f10x_rcc.o(i.RCC_GetClocksFreq)
    i.ReadData                               0x0800107c   Section        0  dynamixel.o(i.ReadData)
    i.ReadDataS                              0x080010f4   Section        0  dynamixel.o(i.ReadDataS)
    i.Receive_Cmd_TTL                        0x080011a0   Section        0  usart_for_dynamixel.o(i.Receive_Cmd_TTL)
    i.Receive_Data                           0x080012c4   Section        0  usart_for_dynamixel.o(i.Receive_Data)
    i.Receive_Data_485                       0x080012f0   Section        0  usart_for_dynamixel.o(i.Receive_Data_485)
    i.Receive_Data_TTL                       0x08001478   Section        0  usart_for_dynamixel.o(i.Receive_Data_TTL)
    i.SYNC_Finger                            0x0800164c   Section        0  dynamixel.o(i.SYNC_Finger)
    i.Scissors_Gesture                       0x08001858   Section        0  finger.o(i.Scissors_Gesture)
    i.Send_Array_TTL                         0x080018a4   Section        0  usart_for_dynamixel.o(i.Send_Array_TTL)
    i.Send_Data_TTL                          0x08001918   Section        0  usart_for_dynamixel.o(i.Send_Data_TTL)
    i.SetSysClock                            0x080019bc   Section        0  system_stm32f10x.o(i.SetSysClock)
    SetSysClock                              0x080019bd   Thumb Code     8  system_stm32f10x.o(i.SetSysClock)
    i.SetSysClockTo72                        0x080019c4   Section        0  system_stm32f10x.o(i.SetSysClockTo72)
    SetSysClockTo72                          0x080019c5   Thumb Code   214  system_stm32f10x.o(i.SetSysClockTo72)
    i.Set_Baud_Rate                          0x08001aa4   Section        0  dynamixel.o(i.Set_Baud_Rate)
    i.Set_Goal_Value                         0x08001ab8   Section        0  dynamixel.o(i.Set_Goal_Value)
    i.Set_Return_Level                       0x08001ad0   Section        0  dynamixel.o(i.Set_Return_Level)
    i.Set_XL_LED                             0x08001ae4   Section        0  dynamixel.o(i.Set_XL_LED)
    i.Single_Finger                          0x08001af8   Section        0  finger.o(i.Single_Finger)
    i.Stone_Gesture                          0x08001b44   Section        0  finger.o(i.Stone_Gesture)
    i.SystemInit                             0x08001b80   Section        0  system_stm32f10x.o(i.SystemInit)
    i.Three_Finger                           0x08001be0   Section        0  finger.o(i.Three_Finger)
    i.USART1_IRQHandler                      0x08001bfc   Section        0  usart_for_dynamixel.o(i.USART1_IRQHandler)
    i.USART2_IRQHandler                      0x08001c3c   Section        0  usart_for_dynamixel.o(i.USART2_IRQHandler)
    i.USART2_Init                            0x08001c7c   Section        0  usart_for_dynamixel.o(i.USART2_Init)
    i.USART_Cmd                              0x08001d4c   Section        0  stm32f10x_usart.o(i.USART_Cmd)
    i.USART_GetFlagStatus                    0x08001d64   Section        0  stm32f10x_usart.o(i.USART_GetFlagStatus)
    i.USART_ITConfig                         0x08001d7e   Section        0  stm32f10x_usart.o(i.USART_ITConfig)
    i.USART_Init                             0x08001dc8   Section        0  stm32f10x_usart.o(i.USART_Init)
    i.USART_ReceiveData                      0x08001ea0   Section        0  stm32f10x_usart.o(i.USART_ReceiveData)
    i.USART_SendData                         0x08001eaa   Section        0  stm32f10x_usart.o(i.USART_SendData)
    i.USART_TTL_Init                         0x08001eb4   Section        0  usart_for_dynamixel.o(i.USART_TTL_Init)
    i.Value_Reset                            0x08001f88   Section        0  main.o(i.Value_Reset)
    i.Vertical_Hold                          0x08001fa4   Section        0  finger.o(i.Vertical_Hold)
    i.WriteData                              0x0800203c   Section        0  dynamixel.o(i.WriteData)
    i.main                                   0x0800214c   Section        0  main.o(i.main)
    i.prvAddCurrentTaskToDelayedList         0x08002180   Section        0  tasks.o(i.prvAddCurrentTaskToDelayedList)
    prvAddCurrentTaskToDelayedList           0x08002181   Thumb Code    62  tasks.o(i.prvAddCurrentTaskToDelayedList)
    i.prvAllocateTCBAndStack                 0x080021d4   Section        0  tasks.o(i.prvAllocateTCBAndStack)
    prvAllocateTCBAndStack                   0x080021d5   Thumb Code    54  tasks.o(i.prvAllocateTCBAndStack)
    i.prvCheckTasksWaitingTermination        0x0800220c   Section        0  tasks.o(i.prvCheckTasksWaitingTermination)
    prvCheckTasksWaitingTermination          0x0800220d   Thumb Code    86  tasks.o(i.prvCheckTasksWaitingTermination)
    i.prvDeleteTCB                           0x08002270   Section        0  tasks.o(i.prvDeleteTCB)
    prvDeleteTCB                             0x08002271   Thumb Code    18  tasks.o(i.prvDeleteTCB)
    i.prvHeapInit                            0x08002284   Section        0  heap_2.o(i.prvHeapInit)
    prvHeapInit                              0x08002285   Thumb Code    42  heap_2.o(i.prvHeapInit)
    i.prvIdleTask                            0x080022bc   Section        0  tasks.o(i.prvIdleTask)
    prvIdleTask                              0x080022bd   Thumb Code    20  tasks.o(i.prvIdleTask)
    i.prvInitialiseTCBVariables              0x080022d4   Section        0  tasks.o(i.prvInitialiseTCBVariables)
    prvInitialiseTCBVariables                0x080022d5   Thumb Code    92  tasks.o(i.prvInitialiseTCBVariables)
    i.prvInitialiseTaskLists                 0x08002330   Section        0  tasks.o(i.prvInitialiseTaskLists)
    prvInitialiseTaskLists                   0x08002331   Thumb Code    70  tasks.o(i.prvInitialiseTaskLists)
    i.prvResetNextTaskUnblockTime            0x08002398   Section        0  tasks.o(i.prvResetNextTaskUnblockTime)
    prvResetNextTaskUnblockTime              0x08002399   Thumb Code    42  tasks.o(i.prvResetNextTaskUnblockTime)
    i.prvTaskExitError                       0x080023cc   Section        0  port.o(i.prvTaskExitError)
    prvTaskExitError                         0x080023cd   Thumb Code     8  port.o(i.prvTaskExitError)
    i.pvPortMalloc                           0x080023d4   Section        0  heap_2.o(i.pvPortMalloc)
    i.pxPortInitialiseStack                  0x0800248c   Section        0  port.o(i.pxPortInitialiseStack)
    i.update_crc                             0x080024ac   Section        0  usart_for_dynamixel.o(i.update_crc)
    i.uxListRemove                           0x080024d8   Section        0  list.o(i.uxListRemove)
    i.vListInitialise                        0x08002500   Section        0  list.o(i.vListInitialise)
    i.vListInitialiseItem                    0x0800251a   Section        0  list.o(i.vListInitialiseItem)
    i.vListInsert                            0x08002520   Section        0  list.o(i.vListInsert)
    i.vListInsertEnd                         0x08002554   Section        0  list.o(i.vListInsertEnd)
    i.vPortEnterCritical                     0x0800256c   Section        0  port.o(i.vPortEnterCritical)
    i.vPortExitCritical                      0x0800258c   Section        0  port.o(i.vPortExitCritical)
    i.vPortFree                              0x080025ac   Section        0  heap_2.o(i.vPortFree)
    i.vPortSetupTimerInterrupt               0x080025ec   Section        0  port.o(i.vPortSetupTimerInterrupt)
    i.vPortYield                             0x080025fc   Section        0  port.o(i.vPortYield)
    i.vTaskDelay                             0x08002614   Section        0  tasks.o(i.vTaskDelay)
    i.vTaskDelete                            0x08002668   Section        0  tasks.o(i.vTaskDelete)
    i.vTaskStartScheduler                    0x08002710   Section        0  tasks.o(i.vTaskStartScheduler)
    i.vTaskSuspendAll                        0x08002758   Section        0  tasks.o(i.vTaskSuspendAll)
    i.vTaskSwitchContext                     0x08002768   Section        0  tasks.o(i.vTaskSwitchContext)
    i.xPortStartScheduler                    0x080027c8   Section        0  port.o(i.xPortStartScheduler)
    i.xPortSysTickHandler                    0x080027fc   Section        0  port.o(i.xPortSysTickHandler)
    i.xTaskGenericCreate                     0x0800281c   Section        0  tasks.o(i.xTaskGenericCreate)
    i.xTaskIncrementTick                     0x08002918   Section        0  tasks.o(i.xTaskIncrementTick)
    i.xTaskResumeAll                         0x08002a38   Section        0  tasks.o(i.xTaskResumeAll)
    x$fpl$fadd                               0x08002b14   Section      196  faddsub_clz.o(x$fpl$fadd)
    _fadd1                                   0x08002b23   Thumb Code     0  faddsub_clz.o(x$fpl$fadd)
    x$fpl$fcmpinf                            0x08002bd8   Section       24  fcmpi.o(x$fpl$fcmpinf)
    x$fpl$fdiv                               0x08002bf0   Section      388  fdiv.o(x$fpl$fdiv)
    _fdiv1                                   0x08002bf1   Thumb Code     0  fdiv.o(x$fpl$fdiv)
    x$fpl$feqf                               0x08002d74   Section      104  feqf.o(x$fpl$feqf)
    x$fpl$ffixu                              0x08002ddc   Section       62  ffixu.o(x$fpl$ffixu)
    x$fpl$fmul                               0x08002e1c   Section      258  fmul.o(x$fpl$fmul)
    x$fpl$fnaninf                            0x08002f1e   Section      140  fnaninf.o(x$fpl$fnaninf)
    x$fpl$fretinf                            0x08002faa   Section       10  fretinf.o(x$fpl$fretinf)
    x$fpl$frsb                               0x08002fb4   Section       20  faddsub_clz.o(x$fpl$frsb)
    x$fpl$fsub                               0x08002fc8   Section      234  faddsub_clz.o(x$fpl$fsub)
    _fsub1                                   0x08002fd7   Thumb Code     0  faddsub_clz.o(x$fpl$fsub)
    .constdata                               0x080030b2   Section       62  dynamixel.o(.constdata)
    x$fpl$usenofp                            0x080030b2   Section        0  usenofp.o(x$fpl$usenofp)
    .constdata                               0x080030f0   Section      512  usart_for_dynamixel.o(.constdata)
    crc_table                                0x080030f0   Data         512  usart_for_dynamixel.o(.constdata)
    .data                                    0x20000000   Section       19  main.o(.data)
    reg                                      0x20000008   Data           1  main.o(.data)
    length                                   0x2000000a   Data           2  main.o(.data)
    status                                   0x20000010   Data           2  main.o(.data)
    pre_n                                    0x20000012   Data           1  main.o(.data)
    .data                                    0x20000014   Section       12  finger.o(.data)
    .data                                    0x20000020   Section       24  heap_2.o(.data)
    xStart                                   0x20000020   Data           8  heap_2.o(.data)
    xEnd                                     0x20000028   Data           8  heap_2.o(.data)
    xFreeBytesRemaining                      0x20000030   Data           4  heap_2.o(.data)
    xHeapHasBeenInitialised                  0x20000034   Data           4  heap_2.o(.data)
    .data                                    0x20000038   Section        4  port.o(.data)
    uxCriticalNesting                        0x20000038   Data           4  port.o(.data)
    .data                                    0x2000003c   Section       56  tasks.o(.data)
    pxDelayedTaskList                        0x20000040   Data           4  tasks.o(.data)
    pxOverflowDelayedTaskList                0x20000044   Data           4  tasks.o(.data)
    uxTasksDeleted                           0x20000048   Data           4  tasks.o(.data)
    uxCurrentNumberOfTasks                   0x2000004c   Data           4  tasks.o(.data)
    xTickCount                               0x20000050   Data           4  tasks.o(.data)
    uxTopReadyPriority                       0x20000054   Data           4  tasks.o(.data)
    xSchedulerRunning                        0x20000058   Data           4  tasks.o(.data)
    uxPendedTicks                            0x2000005c   Data           4  tasks.o(.data)
    xYieldPending                            0x20000060   Data           4  tasks.o(.data)
    xNumOfOverflows                          0x20000064   Data           4  tasks.o(.data)
    uxTaskNumber                             0x20000068   Data           4  tasks.o(.data)
    xNextTaskUnblockTime                     0x2000006c   Data           4  tasks.o(.data)
    uxSchedulerSuspended                     0x20000070   Data           4  tasks.o(.data)
    .data                                    0x20000074   Section       20  stm32f10x_rcc.o(.data)
    APBAHBPrescTable                         0x20000074   Data          16  stm32f10x_rcc.o(.data)
    ADCPrescTable                            0x20000084   Data           4  stm32f10x_rcc.o(.data)
    .bss                                     0x20000088   Section       64  main.o(.bss)
    extracting                               0x2000009c   Data          20  main.o(.bss)
    .bss                                     0x200000c8   Section       60  dynamixel.o(.bss)
    .bss                                     0x20000104   Section      276  usart_for_dynamixel.o(.bss)
    receive_dynl                             0x200001d0   Data          24  usart_for_dynamixel.o(.bss)
    receive_TTL_dynl                         0x200001e8   Data          24  usart_for_dynamixel.o(.bss)
    receive_TTL_dynl                         0x20000200   Data          24  usart_for_dynamixel.o(.bss)
    .bss                                     0x20000218   Section    17408  heap_2.o(.bss)
    ucHeap                                   0x20000218   Data       17408  heap_2.o(.bss)
    .bss                                     0x20004618   Section      200  tasks.o(.bss)
    pxReadyTasksLists                        0x20004618   Data         100  tasks.o(.bss)
    xDelayedTaskList1                        0x2000467c   Data          20  tasks.o(.bss)
    xDelayedTaskList2                        0x20004690   Data          20  tasks.o(.bss)
    xPendingReadyList                        0x200046a4   Data          20  tasks.o(.bss)
    xTasksWaitingTermination                 0x200046b8   Data          20  tasks.o(.bss)
    xSuspendedTaskList                       0x200046cc   Data          20  tasks.o(.bss)
    .bss                                     0x200046e0   Section       96  libspace.o(.bss)
    HEAP                                     0x20004740   Section      512  startup_stm32f10x_md.o(HEAP)
    Heap_Mem                                 0x20004740   Data         512  startup_stm32f10x_md.o(HEAP)
    STACK                                    0x20004940   Section     1024  startup_stm32f10x_md.o(STACK)
    Stack_Mem                                0x20004940   Data        1024  startup_stm32f10x_md.o(STACK)
    __initial_sp                             0x20004d40   Data           0  startup_stm32f10x_md.o(STACK)

    Global Symbols

    Symbol Name                              Value     Ov Type        Size  Object(Section)

    BuildAttributes$$THM_ISAv4$P$D$K$B$S$PE$A:L22UL41UL21$X:L11$S22US41US21$IEEE1$IW$USESV6$~STKCKD$USESV7$~SHL$OSPACE$ROPI$EBA8$UX$STANDARDLIB$REQ8$PRES8$EABIv2 0x00000000   Number         0  anon$$obj.o ABSOLUTE
    __ARM_use_no_argv                        0x00000000   Number         0  main.o ABSOLUTE
    __ARM_exceptions_init                     - Undefined Weak Reference
    __alloca_initialize                       - Undefined Weak Reference
    __arm_preinit_                            - Undefined Weak Reference
    __cpp_initialize__aeabi_                  - Undefined Weak Reference
    __cxa_finalize                            - Undefined Weak Reference
    __rt_locale                               - Undefined Weak Reference
    __sigvec_lookup                           - Undefined Weak Reference
    _atexit_init                              - Undefined Weak Reference
    _call_atexit_fns                          - Undefined Weak Reference
    _clock_init                               - Undefined Weak Reference
    _fp_trap_init                             - Undefined Weak Reference
    _fp_trap_shutdown                         - Undefined Weak Reference
    _get_lc_collate                           - Undefined Weak Reference
    _get_lc_ctype                             - Undefined Weak Reference
    _get_lc_monetary                          - Undefined Weak Reference
    _get_lc_numeric                           - Undefined Weak Reference
    _get_lc_time                              - Undefined Weak Reference
    _getenv_init                              - Undefined Weak Reference
    _handle_redirection                       - Undefined Weak Reference
    _init_alloc                               - Undefined Weak Reference
    _init_user_alloc                          - Undefined Weak Reference
    _initio                                   - Undefined Weak Reference
    _rand_init                                - Undefined Weak Reference
    _signal_finish                            - Undefined Weak Reference
    _signal_init                              - Undefined Weak Reference
    _terminate_alloc                          - Undefined Weak Reference
    _terminate_user_alloc                     - Undefined Weak Reference
    _terminateio                              - Undefined Weak Reference
    __Vectors_Size                           0x000000ec   Number         0  startup_stm32f10x_md.o ABSOLUTE
    __Vectors                                0x08000000   Data           4  startup_stm32f10x_md.o(RESET)
    __Vectors_End                            0x080000ec   Data           0  startup_stm32f10x_md.o(RESET)
    __main                                   0x080000ed   Thumb Code     8  __main.o(!!!main)
    __scatterload                            0x080000f5   Thumb Code     0  __scatter.o(!!!scatter)
    __scatterload_rt2                        0x080000f5   Thumb Code    44  __scatter.o(!!!scatter)
    __scatterload_rt2_thumb_only             0x080000f5   Thumb Code     0  __scatter.o(!!!scatter)
    __scatterload_null                       0x08000103   Thumb Code     0  __scatter.o(!!!scatter)
    __scatterload_copy                       0x08000129   Thumb Code    26  __scatter_copy.o(!!handler_copy)
    __scatterload_zeroinit                   0x08000145   Thumb Code    28  __scatter_zi.o(!!handler_zi)
    __rt_lib_init                            0x08000161   Thumb Code     0  libinit.o(.ARM.Collect$$libinit$$00000000)
    __rt_lib_init_alloca_1                   0x08000163   Thumb Code     0  libinit2.o(.ARM.Collect$$libinit$$0000002E)
    __rt_lib_init_argv_1                     0x08000163   Thumb Code     0  libinit2.o(.ARM.Collect$$libinit$$0000002C)
    __rt_lib_init_atexit_1                   0x08000163   Thumb Code     0  libinit2.o(.ARM.Collect$$libinit$$0000001B)
    __rt_lib_init_clock_1                    0x08000163   Thumb Code     0  libinit2.o(.ARM.Collect$$libinit$$00000021)
    __rt_lib_init_cpp_1                      0x08000163   Thumb Code     0  libinit2.o(.ARM.Collect$$libinit$$00000032)
    __rt_lib_init_exceptions_1               0x08000163   Thumb Code     0  libinit2.o(.ARM.Collect$$libinit$$00000030)
    __rt_lib_init_fp_1                       0x08000163   Thumb Code     0  libinit2.o(.ARM.Collect$$libinit$$00000002)
    __rt_lib_init_fp_trap_1                  0x08000163   Thumb Code     0  libinit2.o(.ARM.Collect$$libinit$$0000001F)
    __rt_lib_init_getenv_1                   0x08000163   Thumb Code     0  libinit2.o(.ARM.Collect$$libinit$$00000023)
    __rt_lib_init_heap_1                     0x08000163   Thumb Code     0  libinit2.o(.ARM.Collect$$libinit$$0000000A)
    __rt_lib_init_lc_collate_1               0x08000163   Thumb Code     0  libinit2.o(.ARM.Collect$$libinit$$00000011)
    __rt_lib_init_lc_ctype_1                 0x08000163   Thumb Code     0  libinit2.o(.ARM.Collect$$libinit$$00000013)
    __rt_lib_init_lc_monetary_1              0x08000163   Thumb Code     0  libinit2.o(.ARM.Collect$$libinit$$00000015)
    __rt_lib_init_lc_numeric_1               0x08000163   Thumb Code     0  libinit2.o(.ARM.Collect$$libinit$$00000017)
    __rt_lib_init_lc_time_1                  0x08000163   Thumb Code     0  libinit2.o(.ARM.Collect$$libinit$$00000019)
    __rt_lib_init_preinit_1                  0x08000163   Thumb Code     0  libinit2.o(.ARM.Collect$$libinit$$00000004)
    __rt_lib_init_rand_1                     0x08000163   Thumb Code     0  libinit2.o(.ARM.Collect$$libinit$$0000000E)
    __rt_lib_init_return                     0x08000163   Thumb Code     0  libinit2.o(.ARM.Collect$$libinit$$00000033)
    __rt_lib_init_signal_1                   0x08000163   Thumb Code     0  libinit2.o(.ARM.Collect$$libinit$$0000001D)
    __rt_lib_init_stdio_1                    0x08000163   Thumb Code     0  libinit2.o(.ARM.Collect$$libinit$$00000025)
    __rt_lib_init_user_alloc_1               0x08000163   Thumb Code     0  libinit2.o(.ARM.Collect$$libinit$$0000000C)
    __rt_lib_shutdown                        0x08000165   Thumb Code     0  libshutdown.o(.ARM.Collect$$libshutdown$$00000000)
    __rt_lib_shutdown_cpp_1                  0x08000167   Thumb Code     0  libshutdown2.o(.ARM.Collect$$libshutdown$$00000002)
    __rt_lib_shutdown_fp_trap_1              0x08000167   Thumb Code     0  libshutdown2.o(.ARM.Collect$$libshutdown$$00000007)
    __rt_lib_shutdown_heap_1                 0x08000167   Thumb Code     0  libshutdown2.o(.ARM.Collect$$libshutdown$$0000000F)
    __rt_lib_shutdown_return                 0x08000167   Thumb Code     0  libshutdown2.o(.ARM.Collect$$libshutdown$$00000010)
    __rt_lib_shutdown_signal_1               0x08000167   Thumb Code     0  libshutdown2.o(.ARM.Collect$$libshutdown$$0000000A)
    __rt_lib_shutdown_stdio_1                0x08000167   Thumb Code     0  libshutdown2.o(.ARM.Collect$$libshutdown$$00000004)
    __rt_lib_shutdown_user_alloc_1           0x08000167   Thumb Code     0  libshutdown2.o(.ARM.Collect$$libshutdown$$0000000C)
    __rt_entry                               0x08000169   Thumb Code     0  __rtentry.o(.ARM.Collect$$rtentry$$00000000)
    __rt_entry_presh_1                       0x08000169   Thumb Code     0  __rtentry2.o(.ARM.Collect$$rtentry$$00000002)
    __rt_entry_sh                            0x08000169   Thumb Code     0  __rtentry4.o(.ARM.Collect$$rtentry$$00000004)
    __rt_entry_li                            0x0800016f   Thumb Code     0  __rtentry2.o(.ARM.Collect$$rtentry$$0000000A)
    __rt_entry_postsh_1                      0x0800016f   Thumb Code     0  __rtentry2.o(.ARM.Collect$$rtentry$$00000009)
    __rt_entry_main                          0x08000173   Thumb Code     0  __rtentry2.o(.ARM.Collect$$rtentry$$0000000D)
    __rt_entry_postli_1                      0x08000173   Thumb Code     0  __rtentry2.o(.ARM.Collect$$rtentry$$0000000C)
    __rt_exit                                0x0800017b   Thumb Code     0  rtexit.o(.ARM.Collect$$rtexit$$00000000)
    __rt_exit_ls                             0x0800017d   Thumb Code     0  rtexit2.o(.ARM.Collect$$rtexit$$00000003)
    __rt_exit_prels_1                        0x0800017d   Thumb Code     0  rtexit2.o(.ARM.Collect$$rtexit$$00000002)
    __rt_exit_exit                           0x08000181   Thumb Code     0  rtexit2.o(.ARM.Collect$$rtexit$$00000004)
    vPortSVCHandler                          0x08000189   Thumb Code    32  port.o(.emb_text)
    __asm___6_port_c_39a90d8d__prvStartFirstTask 0x080001ad   Thumb Code    28  port.o(.emb_text)
    xPortPendSVHandler                       0x080001cd   Thumb Code    64  port.o(.emb_text)
    ulPortSetInterruptMask                   0x08000211   Thumb Code    14  port.o(.emb_text)
    vPortClearInterruptMask                  0x0800021f   Thumb Code     6  port.o(.emb_text)
    vPortGetIPSR                             0x08000225   Thumb Code     6  port.o(.emb_text)
    Reset_Handler                            0x0800022d   Thumb Code     8  startup_stm32f10x_md.o(.text)
    NMI_Handler                              0x08000235   Thumb Code     2  startup_stm32f10x_md.o(.text)
    HardFault_Handler                        0x08000237   Thumb Code     2  startup_stm32f10x_md.o(.text)
    MemManage_Handler                        0x08000239   Thumb Code     2  startup_stm32f10x_md.o(.text)
    BusFault_Handler                         0x0800023b   Thumb Code     2  startup_stm32f10x_md.o(.text)
    UsageFault_Handler                       0x0800023d   Thumb Code     2  startup_stm32f10x_md.o(.text)
    SVC_Handler                              0x0800023f   Thumb Code     2  startup_stm32f10x_md.o(.text)
    DebugMon_Handler                         0x08000241   Thumb Code     2  startup_stm32f10x_md.o(.text)
    PendSV_Handler                           0x08000243   Thumb Code     2  startup_stm32f10x_md.o(.text)
    SysTick_Handler                          0x08000245   Thumb Code     2  startup_stm32f10x_md.o(.text)
    ADC1_2_IRQHandler                        0x08000247   Thumb Code     0  startup_stm32f10x_md.o(.text)
    CAN1_RX1_IRQHandler                      0x08000247   Thumb Code     0  startup_stm32f10x_md.o(.text)
    CAN1_SCE_IRQHandler                      0x08000247   Thumb Code     0  startup_stm32f10x_md.o(.text)
    EXTI0_IRQHandler                         0x08000247   Thumb Code     0  startup_stm32f10x_md.o(.text)
    EXTI15_10_IRQHandler                     0x08000247   Thumb Code     0  startup_stm32f10x_md.o(.text)
    EXTI1_IRQHandler                         0x08000247   Thumb Code     0  startup_stm32f10x_md.o(.text)
    EXTI2_IRQHandler                         0x08000247   Thumb Code     0  startup_stm32f10x_md.o(.text)
    EXTI3_IRQHandler                         0x08000247   Thumb Code     0  startup_stm32f10x_md.o(.text)
    EXTI4_IRQHandler                         0x08000247   Thumb Code     0  startup_stm32f10x_md.o(.text)
    EXTI9_5_IRQHandler                       0x08000247   Thumb Code     0  startup_stm32f10x_md.o(.text)
    FLASH_IRQHandler                         0x08000247   Thumb Code     0  startup_stm32f10x_md.o(.text)
    I2C1_ER_IRQHandler                       0x08000247   Thumb Code     0  startup_stm32f10x_md.o(.text)
    I2C1_EV_IRQHandler                       0x08000247   Thumb Code     0  startup_stm32f10x_md.o(.text)
    I2C2_ER_IRQHandler                       0x08000247   Thumb Code     0  startup_stm32f10x_md.o(.text)
    I2C2_EV_IRQHandler                       0x08000247   Thumb Code     0  startup_stm32f10x_md.o(.text)
    PVD_IRQHandler                           0x08000247   Thumb Code     0  startup_stm32f10x_md.o(.text)
    RCC_IRQHandler                           0x08000247   Thumb Code     0  startup_stm32f10x_md.o(.text)
    RTCAlarm_IRQHandler                      0x08000247   Thumb Code     0  startup_stm32f10x_md.o(.text)
    RTC_IRQHandler                           0x08000247   Thumb Code     0  startup_stm32f10x_md.o(.text)
    SPI1_IRQHandler                          0x08000247   Thumb Code     0  startup_stm32f10x_md.o(.text)
    SPI2_IRQHandler                          0x08000247   Thumb Code     0  startup_stm32f10x_md.o(.text)
    TAMPER_IRQHandler                        0x08000247   Thumb Code     0  startup_stm32f10x_md.o(.text)
    TIM1_BRK_IRQHandler                      0x08000247   Thumb Code     0  startup_stm32f10x_md.o(.text)
    TIM1_CC_IRQHandler                       0x08000247   Thumb Code     0  startup_stm32f10x_md.o(.text)
    TIM1_TRG_COM_IRQHandler                  0x08000247   Thumb Code     0  startup_stm32f10x_md.o(.text)
    TIM1_UP_IRQHandler                       0x08000247   Thumb Code     0  startup_stm32f10x_md.o(.text)
    TIM2_IRQHandler                          0x08000247   Thumb Code     0  startup_stm32f10x_md.o(.text)
    TIM3_IRQHandler                          0x08000247   Thumb Code     0  startup_stm32f10x_md.o(.text)
    TIM4_IRQHandler                          0x08000247   Thumb Code     0  startup_stm32f10x_md.o(.text)
    USART3_IRQHandler                        0x08000247   Thumb Code     0  startup_stm32f10x_md.o(.text)
    USBWakeUp_IRQHandler                     0x08000247   Thumb Code     0  startup_stm32f10x_md.o(.text)
    USB_HP_CAN1_TX_IRQHandler                0x08000247   Thumb Code     0  startup_stm32f10x_md.o(.text)
    USB_LP_CAN1_RX0_IRQHandler               0x08000247   Thumb Code     0  startup_stm32f10x_md.o(.text)
    WWDG_IRQHandler                          0x08000247   Thumb Code     0  startup_stm32f10x_md.o(.text)
    __user_initial_stackheap                 0x08000249   Thumb Code     0  startup_stm32f10x_md.o(.text)
    __use_two_region_memory                  0x0800026d   Thumb Code     2  heapauxi.o(.text)
    __rt_heap_escrow$2region                 0x0800026f   Thumb Code     2  heapauxi.o(.text)
    __rt_heap_expand$2region                 0x08000271   Thumb Code     2  heapauxi.o(.text)
    __user_setup_stackheap                   0x08000273   Thumb Code    74  sys_stackheap_outer.o(.text)
    exit                                     0x080002bd   Thumb Code    18  exit.o(.text)
    __user_libspace                          0x080002d1   Thumb Code     8  libspace.o(.text)
    __user_perproc_libspace                  0x080002d1   Thumb Code     0  libspace.o(.text)
    __user_perthread_libspace                0x080002d1   Thumb Code     0  libspace.o(.text)
    _sys_exit                                0x080002d9   Thumb Code     8  sys_exit.o(.text)
    __I$use$semihosting                      0x080002e5   Thumb Code     0  use_no_semi.o(.text)
    __use_no_semihosting_swi                 0x080002e5   Thumb Code     2  use_no_semi.o(.text)
    BSP_Init                                 0x080002e7   Thumb Code    40  main.o(i.BSP_Init)
    __semihosting_library_function           0x080002e7   Thumb Code     0  indicate_semi.o(.text)
    BSP_Task                                 0x08000311   Thumb Code    62  main.o(i.BSP_Task)
    Clamp_Card                               0x08000375   Thumb Code    22  finger.o(i.Clamp_Card)
    Cloth_Gesture                            0x08000391   Thumb Code    64  finger.o(i.Cloth_Gesture)
    DMA1_Channel1_Event                      0x080003d9   Thumb Code     2  dma_stm32f10x.o(i.DMA1_Channel1_Event)
    DMA1_Channel1_IRQHandler                 0x080003dd   Thumb Code    22  dma_stm32f10x.o(i.DMA1_Channel1_IRQHandler)
    DMA1_Channel2_Event                      0x080003f9   Thumb Code     2  dma_stm32f10x.o(i.DMA1_Channel2_Event)
    DMA1_Channel2_IRQHandler                 0x080003fd   Thumb Code    24  dma_stm32f10x.o(i.DMA1_Channel2_IRQHandler)
    DMA1_Channel3_Event                      0x08000419   Thumb Code     2  dma_stm32f10x.o(i.DMA1_Channel3_Event)
    DMA1_Channel3_IRQHandler                 0x0800041d   Thumb Code    24  dma_stm32f10x.o(i.DMA1_Channel3_IRQHandler)
    DMA1_Channel4_Event                      0x08000439   Thumb Code     2  dma_stm32f10x.o(i.DMA1_Channel4_Event)
    DMA1_Channel4_IRQHandler                 0x0800043d   Thumb Code    24  dma_stm32f10x.o(i.DMA1_Channel4_IRQHandler)
    DMA1_Channel5_Event                      0x08000459   Thumb Code     2  dma_stm32f10x.o(i.DMA1_Channel5_Event)
    DMA1_Channel5_IRQHandler                 0x0800045d   Thumb Code    24  dma_stm32f10x.o(i.DMA1_Channel5_IRQHandler)
    DMA1_Channel6_Event                      0x08000479   Thumb Code     2  dma_stm32f10x.o(i.DMA1_Channel6_Event)
    DMA1_Channel6_IRQHandler                 0x0800047d   Thumb Code    24  dma_stm32f10x.o(i.DMA1_Channel6_IRQHandler)
    DMA1_Channel7_Event                      0x08000499   Thumb Code     2  dma_stm32f10x.o(i.DMA1_Channel7_Event)
    DMA1_Channel7_IRQHandler                 0x0800049d   Thumb Code    24  dma_stm32f10x.o(i.DMA1_Channel7_IRQHandler)
    DataOPE                                  0x080004b9   Thumb Code   546  dynamixel.o(i.DataOPE)
    Detect_CMD                               0x080006e1   Thumb Code    50  dynamixel.o(i.Detect_CMD)
    Dynamixel_Set_Task                       0x08000715   Thumb Code   298  main.o(i.Dynamixel_Set_Task)
    FastReset                                0x0800085d   Thumb Code    64  finger.o(i.FastReset)
    Function_Control                         0x080008a1   Thumb Code   590  main.o(i.Function_Control)
    GPIO_Init                                0x08000bc5   Thumb Code   278  stm32f10x_gpio.o(i.GPIO_Init)
    GPIO_ResetBits                           0x08000cdb   Thumb Code     4  stm32f10x_gpio.o(i.GPIO_ResetBits)
    GPIO_SetBits                             0x08000cdf   Thumb Code     4  stm32f10x_gpio.o(i.GPIO_SetBits)
    GrabCup                                  0x08000ce5   Thumb Code   136  finger.o(i.GrabCup)
    Hand_Open                                0x08000d85   Thumb Code   118  finger.o(i.Hand_Open)
    Hand_Reset                               0x08000e09   Thumb Code   152  finger.o(i.Hand_Reset)
    LED_Configuration                        0x08000ead   Thumb Code    50  main.o(i.LED_Configuration)
    NVIC_Init                                0x08000ee5   Thumb Code   100  misc.o(i.NVIC_Init)
    NVIC_PriorityGroupConfig                 0x08000f55   Thumb Code    10  misc.o(i.NVIC_PriorityGroupConfig)
    RCC_APB1PeriphClockCmd                   0x08000f69   Thumb Code    26  stm32f10x_rcc.o(i.RCC_APB1PeriphClockCmd)
    RCC_APB2PeriphClockCmd                   0x08000f89   Thumb Code    26  stm32f10x_rcc.o(i.RCC_APB2PeriphClockCmd)
    RCC_GetClocksFreq                        0x08000fa9   Thumb Code   192  stm32f10x_rcc.o(i.RCC_GetClocksFreq)
    ReadData                                 0x0800107d   Thumb Code   114  dynamixel.o(i.ReadData)
    ReadDataS                                0x080010f5   Thumb Code   166  dynamixel.o(i.ReadDataS)
    Receive_Cmd_TTL                          0x080011a1   Thumb Code   284  usart_for_dynamixel.o(i.Receive_Cmd_TTL)
    Receive_Data                             0x080012c5   Thumb Code    42  usart_for_dynamixel.o(i.Receive_Data)
    Receive_Data_485                         0x080012f1   Thumb Code   384  usart_for_dynamixel.o(i.Receive_Data_485)
    Receive_Data_TTL                         0x08001479   Thumb Code   460  usart_for_dynamixel.o(i.Receive_Data_TTL)
    SYNC_Finger                              0x0800164d   Thumb Code   508  dynamixel.o(i.SYNC_Finger)
    Scissors_Gesture                         0x08001859   Thumb Code    64  finger.o(i.Scissors_Gesture)
    Send_Array_TTL                           0x080018a5   Thumb Code   108  usart_for_dynamixel.o(i.Send_Array_TTL)
    Send_Data_TTL                            0x08001919   Thumb Code   164  usart_for_dynamixel.o(i.Send_Data_TTL)
    Set_Baud_Rate                            0x08001aa5   Thumb Code    20  dynamixel.o(i.Set_Baud_Rate)
    Set_Goal_Value                           0x08001ab9   Thumb Code    24  dynamixel.o(i.Set_Goal_Value)
    Set_Return_Level                         0x08001ad1   Thumb Code    20  dynamixel.o(i.Set_Return_Level)
    Set_XL_LED                               0x08001ae5   Thumb Code    20  dynamixel.o(i.Set_XL_LED)
    Single_Finger                            0x08001af9   Thumb Code    66  finger.o(i.Single_Finger)
    Stone_Gesture                            0x08001b45   Thumb Code    52  finger.o(i.Stone_Gesture)
    SystemInit                               0x08001b81   Thumb Code    78  system_stm32f10x.o(i.SystemInit)
    Three_Finger                             0x08001be1   Thumb Code    22  finger.o(i.Three_Finger)
    USART1_IRQHandler                        0x08001bfd   Thumb Code    56  usart_for_dynamixel.o(i.USART1_IRQHandler)
    USART2_IRQHandler                        0x08001c3d   Thumb Code    56  usart_for_dynamixel.o(i.USART2_IRQHandler)
    USART2_Init                              0x08001c7d   Thumb Code   200  usart_for_dynamixel.o(i.USART2_Init)
    USART_Cmd                                0x08001d4d   Thumb Code    24  stm32f10x_usart.o(i.USART_Cmd)
    USART_GetFlagStatus                      0x08001d65   Thumb Code    26  stm32f10x_usart.o(i.USART_GetFlagStatus)
    USART_ITConfig                           0x08001d7f   Thumb Code    74  stm32f10x_usart.o(i.USART_ITConfig)
    USART_Init                               0x08001dc9   Thumb Code   210  stm32f10x_usart.o(i.USART_Init)
    USART_ReceiveData                        0x08001ea1   Thumb Code    10  stm32f10x_usart.o(i.USART_ReceiveData)
    USART_SendData                           0x08001eab   Thumb Code     8  stm32f10x_usart.o(i.USART_SendData)
    USART_TTL_Init                           0x08001eb5   Thumb Code   204  usart_for_dynamixel.o(i.USART_TTL_Init)
    Value_Reset                              0x08001f89   Thumb Code    22  main.o(i.Value_Reset)
    Vertical_Hold                            0x08001fa5   Thumb Code   132  finger.o(i.Vertical_Hold)
    WriteData                                0x0800203d   Thumb Code   266  dynamixel.o(i.WriteData)
    main                                     0x0800214d   Thumb Code    34  main.o(i.main)
    pvPortMalloc                             0x080023d5   Thumb Code   166  heap_2.o(i.pvPortMalloc)
    pxPortInitialiseStack                    0x0800248d   Thumb Code    26  port.o(i.pxPortInitialiseStack)
    update_crc                               0x080024ad   Thumb Code    38  usart_for_dynamixel.o(i.update_crc)
    uxListRemove                             0x080024d9   Thumb Code    40  list.o(i.uxListRemove)
    vListInitialise                          0x08002501   Thumb Code    26  list.o(i.vListInitialise)
    vListInitialiseItem                      0x0800251b   Thumb Code     6  list.o(i.vListInitialiseItem)
    vListInsert                              0x08002521   Thumb Code    52  list.o(i.vListInsert)
    vListInsertEnd                           0x08002555   Thumb Code    24  list.o(i.vListInsertEnd)
    vPortEnterCritical                       0x0800256d   Thumb Code    26  port.o(i.vPortEnterCritical)
    vPortExitCritical                        0x0800258d   Thumb Code    26  port.o(i.vPortExitCritical)
    vPortFree                                0x080025ad   Thumb Code    56  heap_2.o(i.vPortFree)
    vPortSetupTimerInterrupt                 0x080025ed   Thumb Code    16  port.o(i.vPortSetupTimerInterrupt)
    vPortYield                               0x080025fd   Thumb Code    18  port.o(i.vPortYield)
    vTaskDelay                               0x08002615   Thumb Code    72  tasks.o(i.vTaskDelay)
    vTaskDelete                              0x08002669   Thumb Code   138  tasks.o(i.vTaskDelete)
    vTaskStartScheduler                      0x08002711   Thumb Code    52  tasks.o(i.vTaskStartScheduler)
    vTaskSuspendAll                          0x08002759   Thumb Code    12  tasks.o(i.vTaskSuspendAll)
    vTaskSwitchContext                       0x08002769   Thumb Code    76  tasks.o(i.vTaskSwitchContext)
    xPortStartScheduler                      0x080027c9   Thumb Code    42  port.o(i.xPortStartScheduler)
    xPortSysTickHandler                      0x080027fd   Thumb Code    28  port.o(i.xPortSysTickHandler)
    xTaskGenericCreate                       0x0800281d   Thumb Code   226  tasks.o(i.xTaskGenericCreate)
    xTaskIncrementTick                       0x08002919   Thumb Code   242  tasks.o(i.xTaskIncrementTick)
    xTaskResumeAll                           0x08002a39   Thumb Code   186  tasks.o(i.xTaskResumeAll)
    __aeabi_fadd                             0x08002b15   Thumb Code     0  faddsub_clz.o(x$fpl$fadd)
    _fadd                                    0x08002b15   Thumb Code   196  faddsub_clz.o(x$fpl$fadd)
    __fpl_fcmp_Inf                           0x08002bd9   Thumb Code    24  fcmpi.o(x$fpl$fcmpinf)
    __aeabi_fdiv                             0x08002bf1   Thumb Code     0  fdiv.o(x$fpl$fdiv)
    _fdiv                                    0x08002bf1   Thumb Code   384  fdiv.o(x$fpl$fdiv)
    __aeabi_cfcmpeq                          0x08002d75   Thumb Code     0  feqf.o(x$fpl$feqf)
    _fcmpeq                                  0x08002d75   Thumb Code   104  feqf.o(x$fpl$feqf)
    __aeabi_f2uiz                            0x08002ddd   Thumb Code     0  ffixu.o(x$fpl$ffixu)
    _ffixu                                   0x08002ddd   Thumb Code    62  ffixu.o(x$fpl$ffixu)
    __aeabi_fmul                             0x08002e1d   Thumb Code     0  fmul.o(x$fpl$fmul)
    _fmul                                    0x08002e1d   Thumb Code   258  fmul.o(x$fpl$fmul)
    __fpl_fnaninf                            0x08002f1f   Thumb Code   140  fnaninf.o(x$fpl$fnaninf)
    __fpl_fretinf                            0x08002fab   Thumb Code    10  fretinf.o(x$fpl$fretinf)
    __aeabi_frsub                            0x08002fb5   Thumb Code     0  faddsub_clz.o(x$fpl$frsb)
    _frsb                                    0x08002fb5   Thumb Code    20  faddsub_clz.o(x$fpl$frsb)
    __aeabi_fsub                             0x08002fc9   Thumb Code     0  faddsub_clz.o(x$fpl$fsub)
    _fsub                                    0x08002fc9   Thumb Code   234  faddsub_clz.o(x$fpl$fsub)
    Addr                                     0x080030b2   Data          62  dynamixel.o(.constdata)
    __I$use$fp                               0x080030b2   Number         0  usenofp.o(x$fpl$usenofp)
    Region$$Table$$Base                      0x080032f0   Number         0  anon$$obj.o(Region$$Table)
    Region$$Table$$Limit                     0x08003310   Number         0  anon$$obj.o(Region$$Table)
    Action_Function                          0x20000000   Data           1  main.o(.data)
    Function_Select                          0x20000001   Data           1  main.o(.data)
    Delay_Time_Set                           0x20000002   Data           2  main.o(.data)
    Respond_Dynl                             0x20000004   Data           4  main.o(.data)
    gPos                                     0x2000000c   Data           4  main.o(.data)
    EndPos1                                  0x20000014   Data           4  finger.o(.data)
    EndPos2                                  0x20000018   Data           4  finger.o(.data)
    EndPos3                                  0x2000001c   Data           4  finger.o(.data)
    pxCurrentTCB                             0x2000003c   Data           4  tasks.o(.data)
    Finish_Flag                              0x20000088   Data          20  main.o(.bss)
    ADC_ConvertedValueLocal                  0x200000b0   Data          24  main.o(.bss)
    Dynl_Init                                0x200000c8   Data          24  dynamixel.o(.bss)
    Present_Status                           0x200000e0   Data          16  dynamixel.o(.bss)
    Goal                                     0x200000f0   Data          20  dynamixel.o(.bss)
    Receive_Que                              0x20000104   Data         102  usart_for_dynamixel.o(.bss)
    Receive_Que_TTL                          0x2000016a   Data         102  usart_for_dynamixel.o(.bss)
    __libspace_start                         0x200046e0   Data          96  libspace.o(.bss)
    __temporary_stack_top$libspace           0x20004740   Data           0  libspace.o(.bss)



==============================================================================

Memory Map of the image

  Image Entry point : 0x080000ed

  Load Region LR_IROM1 (Base: 0x08000000, Size: 0x00003398, Max: 0x00010000, ABSOLUTE)

    Execution Region ER_IROM1 (Base: 0x08000000, Size: 0x00003310, Max: 0x00010000, ABSOLUTE)

    Base Addr    Size         Type   Attr      Idx    E Section Name        Object

    0x08000000   0x000000ec   Data   RO         2957    RESET               startup_stm32f10x_md.o
    0x080000ec   0x00000008   Code   RO         3014  * !!!main             c_w.l(__main.o)
    0x080000f4   0x00000034   Code   RO         3198    !!!scatter          c_w.l(__scatter.o)
    0x08000128   0x0000001a   Code   RO         3200    !!handler_copy      c_w.l(__scatter_copy.o)
    0x08000142   0x00000002   PAD
    0x08000144   0x0000001c   Code   RO         3202    !!handler_zi        c_w.l(__scatter_zi.o)
    0x08000160   0x00000002   Code   RO         3068    .ARM.Collect$$libinit$$00000000  c_w.l(libinit.o)
    0x08000162   0x00000000   Code   RO         3075    .ARM.Collect$$libinit$$00000002  c_w.l(libinit2.o)
    0x08000162   0x00000000   Code   RO         3077    .ARM.Collect$$libinit$$00000004  c_w.l(libinit2.o)
    0x08000162   0x00000000   Code   RO         3080    .ARM.Collect$$libinit$$0000000A  c_w.l(libinit2.o)
    0x08000162   0x00000000   Code   RO         3082    .ARM.Collect$$libinit$$0000000C  c_w.l(libinit2.o)
    0x08000162   0x00000000   Code   RO         3084    .ARM.Collect$$libinit$$0000000E  c_w.l(libinit2.o)
    0x08000162   0x00000000   Code   RO         3087    .ARM.Collect$$libinit$$00000011  c_w.l(libinit2.o)
    0x08000162   0x00000000   Code   RO         3089    .ARM.Collect$$libinit$$00000013  c_w.l(libinit2.o)
    0x08000162   0x00000000   Code   RO         3091    .ARM.Collect$$libinit$$00000015  c_w.l(libinit2.o)
    0x08000162   0x00000000   Code   RO         3093    .ARM.Collect$$libinit$$00000017  c_w.l(libinit2.o)
    0x08000162   0x00000000   Code   RO         3095    .ARM.Collect$$libinit$$00000019  c_w.l(libinit2.o)
    0x08000162   0x00000000   Code   RO         3097    .ARM.Collect$$libinit$$0000001B  c_w.l(libinit2.o)
    0x08000162   0x00000000   Code   RO         3099    .ARM.Collect$$libinit$$0000001D  c_w.l(libinit2.o)
    0x08000162   0x00000000   Code   RO         3101    .ARM.Collect$$libinit$$0000001F  c_w.l(libinit2.o)
    0x08000162   0x00000000   Code   RO         3103    .ARM.Collect$$libinit$$00000021  c_w.l(libinit2.o)
    0x08000162   0x00000000   Code   RO         3105    .ARM.Collect$$libinit$$00000023  c_w.l(libinit2.o)
    0x08000162   0x00000000   Code   RO         3107    .ARM.Collect$$libinit$$00000025  c_w.l(libinit2.o)
    0x08000162   0x00000000   Code   RO         3111    .ARM.Collect$$libinit$$0000002C  c_w.l(libinit2.o)
    0x08000162   0x00000000   Code   RO         3113    .ARM.Collect$$libinit$$0000002E  c_w.l(libinit2.o)
    0x08000162   0x00000000   Code   RO         3115    .ARM.Collect$$libinit$$00000030  c_w.l(libinit2.o)
    0x08000162   0x00000000   Code   RO         3117    .ARM.Collect$$libinit$$00000032  c_w.l(libinit2.o)
    0x08000162   0x00000002   Code   RO         3118    .ARM.Collect$$libinit$$00000033  c_w.l(libinit2.o)
    0x08000164   0x00000002   Code   RO         3138    .ARM.Collect$$libshutdown$$00000000  c_w.l(libshutdown.o)
    0x08000166   0x00000000   Code   RO         3151    .ARM.Collect$$libshutdown$$00000002  c_w.l(libshutdown2.o)
    0x08000166   0x00000000   Code   RO         3153    .ARM.Collect$$libshutdown$$00000004  c_w.l(libshutdown2.o)
    0x08000166   0x00000000   Code   RO         3156    .ARM.Collect$$libshutdown$$00000007  c_w.l(libshutdown2.o)
    0x08000166   0x00000000   Code   RO         3159    .ARM.Collect$$libshutdown$$0000000A  c_w.l(libshutdown2.o)
    0x08000166   0x00000000   Code   RO         3161    .ARM.Collect$$libshutdown$$0000000C  c_w.l(libshutdown2.o)
    0x08000166   0x00000000   Code   RO         3164    .ARM.Collect$$libshutdown$$0000000F  c_w.l(libshutdown2.o)
    0x08000166   0x00000002   Code   RO         3165    .ARM.Collect$$libshutdown$$00000010  c_w.l(libshutdown2.o)
    0x08000168   0x00000000   Code   RO         3034    .ARM.Collect$$rtentry$$00000000  c_w.l(__rtentry.o)
    0x08000168   0x00000000   Code   RO         3045    .ARM.Collect$$rtentry$$00000002  c_w.l(__rtentry2.o)
    0x08000168   0x00000006   Code   RO         3057    .ARM.Collect$$rtentry$$00000004  c_w.l(__rtentry4.o)
    0x0800016e   0x00000000   Code   RO         3047    .ARM.Collect$$rtentry$$00000009  c_w.l(__rtentry2.o)
    0x0800016e   0x00000004   Code   RO         3048    .ARM.Collect$$rtentry$$0000000A  c_w.l(__rtentry2.o)
    0x08000172   0x00000000   Code   RO         3050    .ARM.Collect$$rtentry$$0000000C  c_w.l(__rtentry2.o)
    0x08000172   0x00000008   Code   RO         3051    .ARM.Collect$$rtentry$$0000000D  c_w.l(__rtentry2.o)
    0x0800017a   0x00000002   Code   RO         3072    .ARM.Collect$$rtexit$$00000000  c_w.l(rtexit.o)
    0x0800017c   0x00000000   Code   RO         3120    .ARM.Collect$$rtexit$$00000002  c_w.l(rtexit2.o)
    0x0800017c   0x00000004   Code   RO         3121    .ARM.Collect$$rtexit$$00000003  c_w.l(rtexit2.o)
    0x08000180   0x00000006   Code   RO         3122    .ARM.Collect$$rtexit$$00000004  c_w.l(rtexit2.o)
    0x08000186   0x00000002   PAD
    0x08000188   0x000000a2   Code   RO          682    .emb_text           port.o
    0x0800022a   0x00000002   PAD
    0x0800022c   0x00000040   Code   RO         2958    .text               startup_stm32f10x_md.o
    0x0800026c   0x00000006   Code   RO         3012    .text               c_w.l(heapauxi.o)
    0x08000272   0x0000004a   Code   RO         3059    .text               c_w.l(sys_stackheap_outer.o)
    0x080002bc   0x00000012   Code   RO         3061    .text               c_w.l(exit.o)
    0x080002ce   0x00000002   PAD
    0x080002d0   0x00000008   Code   RO         3069    .text               c_w.l(libspace.o)
    0x080002d8   0x0000000c   Code   RO         3130    .text               c_w.l(sys_exit.o)
    0x080002e4   0x00000002   Code   RO         3141    .text               c_w.l(use_no_semi.o)
    0x080002e6   0x00000000   Code   RO         3143    .text               c_w.l(indicate_semi.o)
    0x080002e6   0x00000028   Code   RO            4    i.BSP_Init          main.o
    0x0800030e   0x00000002   PAD
    0x08000310   0x00000064   Code   RO            5    i.BSP_Task          main.o
    0x08000374   0x0000001c   Code   RO          347    i.Clamp_Card        finger.o
    0x08000390   0x00000048   Code   RO          348    i.Cloth_Gesture     finger.o
    0x080003d8   0x00000002   Code   RO         2769    i.DMA1_Channel1_Event  dma_stm32f10x.o
    0x080003da   0x00000002   PAD
    0x080003dc   0x0000001c   Code   RO         2770    i.DMA1_Channel1_IRQHandler  dma_stm32f10x.o
    0x080003f8   0x00000002   Code   RO         2771    i.DMA1_Channel2_Event  dma_stm32f10x.o
    0x080003fa   0x00000002   PAD
    0x080003fc   0x0000001c   Code   RO         2772    i.DMA1_Channel2_IRQHandler  dma_stm32f10x.o
    0x08000418   0x00000002   Code   RO         2773    i.DMA1_Channel3_Event  dma_stm32f10x.o
    0x0800041a   0x00000002   PAD
    0x0800041c   0x0000001c   Code   RO         2774    i.DMA1_Channel3_IRQHandler  dma_stm32f10x.o
    0x08000438   0x00000002   Code   RO         2775    i.DMA1_Channel4_Event  dma_stm32f10x.o
    0x0800043a   0x00000002   PAD
    0x0800043c   0x0000001c   Code   RO         2776    i.DMA1_Channel4_IRQHandler  dma_stm32f10x.o
    0x08000458   0x00000002   Code   RO         2777    i.DMA1_Channel5_Event  dma_stm32f10x.o
    0x0800045a   0x00000002   PAD
    0x0800045c   0x0000001c   Code   RO         2778    i.DMA1_Channel5_IRQHandler  dma_stm32f10x.o
    0x08000478   0x00000002   Code   RO         2779    i.DMA1_Channel6_Event  dma_stm32f10x.o
    0x0800047a   0x00000002   PAD
    0x0800047c   0x0000001c   Code   RO         2780    i.DMA1_Channel6_IRQHandler  dma_stm32f10x.o
    0x08000498   0x00000002   Code   RO         2781    i.DMA1_Channel7_Event  dma_stm32f10x.o
    0x0800049a   0x00000002   PAD
    0x0800049c   0x0000001c   Code   RO         2782    i.DMA1_Channel7_IRQHandler  dma_stm32f10x.o
    0x080004b8   0x00000228   Code   RO          247    i.DataOPE           dynamixel.o
    0x080006e0   0x00000032   Code   RO          248    i.Detect_CMD        dynamixel.o
    0x08000712   0x00000002   PAD
    0x08000714   0x00000148   Code   RO            6    i.Dynamixel_Set_Task  main.o
    0x0800085c   0x00000044   Code   RO          350    i.FastReset         finger.o
    0x080008a0   0x00000324   Code   RO            7    i.Function_Control  main.o
    0x08000bc4   0x00000116   Code   RO         1685    i.GPIO_Init         stm32f10x_gpio.o
    0x08000cda   0x00000004   Code   RO         1692    i.GPIO_ResetBits    stm32f10x_gpio.o
    0x08000cde   0x00000004   Code   RO         1693    i.GPIO_SetBits      stm32f10x_gpio.o
    0x08000ce2   0x00000002   PAD
    0x08000ce4   0x000000a0   Code   RO          351    i.GrabCup           finger.o
    0x08000d84   0x00000084   Code   RO          353    i.Hand_Open         finger.o
    0x08000e08   0x000000a4   Code   RO          354    i.Hand_Reset        finger.o
    0x08000eac   0x00000038   Code   RO            8    i.LED_Configuration  main.o
    0x08000ee4   0x00000070   Code   RO         1127    i.NVIC_Init         misc.o
    0x08000f54   0x00000014   Code   RO         1128    i.NVIC_PriorityGroupConfig  misc.o
    0x08000f68   0x00000020   Code   RO         1807    i.RCC_APB1PeriphClockCmd  stm32f10x_rcc.o
    0x08000f88   0x00000020   Code   RO         1809    i.RCC_APB2PeriphClockCmd  stm32f10x_rcc.o
    0x08000fa8   0x000000d4   Code   RO         1817    i.RCC_GetClocksFreq  stm32f10x_rcc.o
    0x0800107c   0x00000078   Code   RO          249    i.ReadData          dynamixel.o
    0x080010f4   0x000000ac   Code   RO          250    i.ReadDataS         dynamixel.o
    0x080011a0   0x00000124   Code   RO          459    i.Receive_Cmd_TTL   usart_for_dynamixel.o
    0x080012c4   0x0000002a   Code   RO          460    i.Receive_Data      usart_for_dynamixel.o
    0x080012ee   0x00000002   PAD
    0x080012f0   0x00000188   Code   RO          461    i.Receive_Data_485  usart_for_dynamixel.o
    0x08001478   0x000001d4   Code   RO          462    i.Receive_Data_TTL  usart_for_dynamixel.o
    0x0800164c   0x0000020c   Code   RO          253    i.SYNC_Finger       dynamixel.o
    0x08001858   0x0000004c   Code   RO          355    i.Scissors_Gesture  finger.o
    0x080018a4   0x00000074   Code   RO          464    i.Send_Array_TTL    usart_for_dynamixel.o
    0x08001918   0x000000a4   Code   RO          466    i.Send_Data_TTL     usart_for_dynamixel.o
    0x080019bc   0x00000008   Code   RO         2965    i.SetSysClock       system_stm32f10x.o
    0x080019c4   0x000000e0   Code   RO         2966    i.SetSysClockTo72   system_stm32f10x.o
    0x08001aa4   0x00000014   Code   RO          254    i.Set_Baud_Rate     dynamixel.o
    0x08001ab8   0x00000018   Code   RO          255    i.Set_Goal_Value    dynamixel.o
    0x08001ad0   0x00000014   Code   RO          256    i.Set_Return_Level  dynamixel.o
    0x08001ae4   0x00000014   Code   RO          257    i.Set_XL_LED        dynamixel.o
    0x08001af8   0x0000004c   Code   RO          356    i.Single_Finger     finger.o
    0x08001b44   0x0000003c   Code   RO          357    i.Stone_Gesture     finger.o
    0x08001b80   0x00000060   Code   RO         2968    i.SystemInit        system_stm32f10x.o
    0x08001be0   0x0000001c   Code   RO          358    i.Three_Finger      finger.o
    0x08001bfc   0x00000040   Code   RO          467    i.USART1_IRQHandler  usart_for_dynamixel.o
    0x08001c3c   0x00000040   Code   RO          468    i.USART2_IRQHandler  usart_for_dynamixel.o
    0x08001c7c   0x000000d0   Code   RO          469    i.USART2_Init       usart_for_dynamixel.o
    0x08001d4c   0x00000018   Code   RO         2581    i.USART_Cmd         stm32f10x_usart.o
    0x08001d64   0x0000001a   Code   RO         2584    i.USART_GetFlagStatus  stm32f10x_usart.o
    0x08001d7e   0x0000004a   Code   RO         2587    i.USART_ITConfig    stm32f10x_usart.o
    0x08001dc8   0x000000d8   Code   RO         2588    i.USART_Init        stm32f10x_usart.o
    0x08001ea0   0x0000000a   Code   RO         2595    i.USART_ReceiveData  stm32f10x_usart.o
    0x08001eaa   0x00000008   Code   RO         2598    i.USART_SendData    stm32f10x_usart.o
    0x08001eb2   0x00000002   PAD
    0x08001eb4   0x000000d4   Code   RO          470    i.USART_TTL_Init    usart_for_dynamixel.o
    0x08001f88   0x0000001c   Code   RO           10    i.Value_Reset       main.o
    0x08001fa4   0x00000098   Code   RO          359    i.Vertical_Hold     finger.o
    0x0800203c   0x00000110   Code   RO          258    i.WriteData         dynamixel.o
    0x0800214c   0x00000034   Code   RO           11    i.main              main.o
    0x08002180   0x00000054   Code   RO          865    i.prvAddCurrentTaskToDelayedList  tasks.o
    0x080021d4   0x00000036   Code   RO          866    i.prvAllocateTCBAndStack  tasks.o
    0x0800220a   0x00000002   PAD
    0x0800220c   0x00000064   Code   RO          867    i.prvCheckTasksWaitingTermination  tasks.o
    0x08002270   0x00000012   Code   RO          868    i.prvDeleteTCB      tasks.o
    0x08002282   0x00000002   PAD
    0x08002284   0x00000038   Code   RO          608    i.prvHeapInit       heap_2.o
    0x080022bc   0x00000018   Code   RO          869    i.prvIdleTask       tasks.o
    0x080022d4   0x0000005c   Code   RO          870    i.prvInitialiseTCBVariables  tasks.o
    0x08002330   0x00000068   Code   RO          871    i.prvInitialiseTaskLists  tasks.o
    0x08002398   0x00000034   Code   RO          872    i.prvResetNextTaskUnblockTime  tasks.o
    0x080023cc   0x00000008   Code   RO          683    i.prvTaskExitError  port.o
    0x080023d4   0x000000b8   Code   RO          609    i.pvPortMalloc      heap_2.o
    0x0800248c   0x00000020   Code   RO          684    i.pxPortInitialiseStack  port.o
    0x080024ac   0x0000002c   Code   RO          471    i.update_crc        usart_for_dynamixel.o
    0x080024d8   0x00000028   Code   RO          646    i.uxListRemove      list.o
    0x08002500   0x0000001a   Code   RO          647    i.vListInitialise   list.o
    0x0800251a   0x00000006   Code   RO          648    i.vListInitialiseItem  list.o
    0x08002520   0x00000034   Code   RO          649    i.vListInsert       list.o
    0x08002554   0x00000018   Code   RO          650    i.vListInsertEnd    list.o
    0x0800256c   0x00000020   Code   RO          686    i.vPortEnterCritical  port.o
    0x0800258c   0x00000020   Code   RO          687    i.vPortExitCritical  port.o
    0x080025ac   0x00000040   Code   RO          610    i.vPortFree         heap_2.o
    0x080025ec   0x00000010   Code   RO          688    i.vPortSetupTimerInterrupt  port.o
    0x080025fc   0x00000018   Code   RO          689    i.vPortYield        port.o
    0x08002614   0x00000054   Code   RO          879    i.vTaskDelay        tasks.o
    0x08002668   0x000000a8   Code   RO          881    i.vTaskDelete       tasks.o
    0x08002710   0x00000048   Code   RO          890    i.vTaskStartScheduler  tasks.o
    0x08002758   0x00000010   Code   RO          892    i.vTaskSuspendAll   tasks.o
    0x08002768   0x00000060   Code   RO          893    i.vTaskSwitchContext  tasks.o
    0x080027c8   0x00000034   Code   RO          690    i.xPortStartScheduler  port.o
    0x080027fc   0x00000020   Code   RO          691    i.xPortSysTickHandler  port.o
    0x0800281c   0x000000fc   Code   RO          895    i.xTaskGenericCreate  tasks.o
    0x08002918   0x00000120   Code   RO          898    i.xTaskIncrementTick  tasks.o
    0x08002a38   0x000000dc   Code   RO          904    i.xTaskResumeAll    tasks.o
    0x08002b14   0x000000c4   Code   RO         3016    x$fpl$fadd          fz_ws.l(faddsub_clz.o)
    0x08002bd8   0x00000018   Code   RO         3037    x$fpl$fcmpinf       fz_ws.l(fcmpi.o)
    0x08002bf0   0x00000184   Code   RO         3023    x$fpl$fdiv          fz_ws.l(fdiv.o)
    0x08002d74   0x00000068   Code   RO         3026    x$fpl$feqf          fz_ws.l(feqf.o)
    0x08002ddc   0x0000003e   Code   RO         3028    x$fpl$ffixu         fz_ws.l(ffixu.o)
    0x08002e1a   0x00000002   PAD
    0x08002e1c   0x00000102   Code   RO         3032    x$fpl$fmul          fz_ws.l(fmul.o)
    0x08002f1e   0x0000008c   Code   RO         3039    x$fpl$fnaninf       fz_ws.l(fnaninf.o)
    0x08002faa   0x0000000a   Code   RO         3041    x$fpl$fretinf       fz_ws.l(fretinf.o)
    0x08002fb4   0x00000014   Code   RO         3017    x$fpl$frsb          fz_ws.l(faddsub_clz.o)
    0x08002fc8   0x000000ea   Code   RO         3018    x$fpl$fsub          fz_ws.l(faddsub_clz.o)
    0x080030b2   0x00000000   Code   RO         3043    x$fpl$usenofp       fz_ws.l(usenofp.o)
    0x080030b2   0x0000003e   Data   RO          260    .constdata          dynamixel.o
    0x080030f0   0x00000200   Data   RO          473    .constdata          usart_for_dynamixel.o
    0x080032f0   0x00000020   Data   RO         3196    Region$$Table       anon$$obj.o


    Execution Region RW_IRAM1 (Base: 0x20000000, Size: 0x00004d40, Max: 0x00005000, ABSOLUTE)

    Base Addr    Size         Type   Attr      Idx    E Section Name        Object

    0x20000000   0x00000013   Data   RW           17    .data               main.o
    0x20000013   0x00000001   PAD
    0x20000014   0x0000000c   Data   RW          360    .data               finger.o
    0x20000020   0x00000018   Data   RW          614    .data               heap_2.o
    0x20000038   0x00000004   Data   RW          692    .data               port.o
    0x2000003c   0x00000038   Data   RW          907    .data               tasks.o
    0x20000074   0x00000014   Data   RW         1837    .data               stm32f10x_rcc.o
    0x20000088   0x00000040   Zero   RW           16    .bss                main.o
    0x200000c8   0x0000003c   Zero   RW          259    .bss                dynamixel.o
    0x20000104   0x00000114   Zero   RW          472    .bss                usart_for_dynamixel.o
    0x20000218   0x00004400   Zero   RW          613    .bss                heap_2.o
    0x20004618   0x000000c8   Zero   RW          906    .bss                tasks.o
    0x200046e0   0x00000060   Zero   RW         3070    .bss                c_w.l(libspace.o)
    0x20004740   0x00000200   Zero   RW         2956    HEAP                startup_stm32f10x_md.o
    0x20004940   0x00000400   Zero   RW         2955    STACK               startup_stm32f10x_md.o


==============================================================================

Image component sizes


      Code (inc. data)   RO Data    RW Data    ZI Data      Debug   Object Name

       210         30          0          0          0       7231   dma_stm32f10x.o
      1774         50         62          0         60      11094   dynamixel.o
      1016        124          0         12          0       6848   finger.o
       304         40          0         24      17408       3107   heap_2.o
       148          0          0          0          0       2698   list.o
      1408        352          0         19         64     246990   main.o
       132         22          0          0          0       1683   misc.o
       390         50          0          4          0       5701   port.o
        64         26        236          0       1536        784   startup_stm32f10x_md.o
       286          0          0          0          0       3212   stm32f10x_gpio.o
       276         32          0         20          0       4606   stm32f10x_rcc.o
       358          6          0          0          0       5689   stm32f10x_usart.o
       328         28          0          0          0       1845   system_stm32f10x.o
      1724        276          0         56        200      12190   tasks.o
      2066         70        512          0        276       7042   usart_for_dynamixel.o

    ----------------------------------------------------------------------
     10514       1106        842        136      19544     320720   Object Totals
         0          0         32          0          0          0   (incl. Generated)
        30          0          0          1          0          0   (incl. Padding)

    ----------------------------------------------------------------------

      Code (inc. data)   RO Data    RW Data    ZI Data      Debug   Library Member Name

         8          0          0          0          0         68   __main.o
         0          0          0          0          0          0   __rtentry.o
        12          0          0          0          0          0   __rtentry2.o
         6          0          0          0          0          0   __rtentry4.o
        52          8          0          0          0          0   __scatter.o
        26          0          0          0          0          0   __scatter_copy.o
        28          0          0          0          0          0   __scatter_zi.o
        18          0          0          0          0         80   exit.o
         6          0          0          0          0        152   heapauxi.o
         0          0          0          0          0          0   indicate_semi.o
         2          0          0          0          0          0   libinit.o
         2          0          0          0          0          0   libinit2.o
         2          0          0          0          0          0   libshutdown.o
         2          0          0          0          0          0   libshutdown2.o
         8          4          0          0         96         68   libspace.o
         2          0          0          0          0          0   rtexit.o
        10          0          0          0          0          0   rtexit2.o
        12          4          0          0          0         68   sys_exit.o
        74          0          0          0          0         80   sys_stackheap_outer.o
         2          0          0          0          0         68   use_no_semi.o
       450          8          0          0          0        236   faddsub_clz.o
        24          0          0          0          0         68   fcmpi.o
       388         76          0          0          0         96   fdiv.o
       104          4          0          0          0         84   feqf.o
        62          4          0          0          0         84   ffixu.o
       258          4          0          0          0         84   fmul.o
       140          4          0          0          0         84   fnaninf.o
        10          0          0          0          0         68   fretinf.o
         0          0          0          0          0          0   usenofp.o

    ----------------------------------------------------------------------
      1716        116          0          0         96       1388   Library Totals
         8          0          0          0          0          0   (incl. Padding)

    ----------------------------------------------------------------------

      Code (inc. data)   RO Data    RW Data    ZI Data      Debug   Library Name

       272         16          0          0         96        584   c_w.l
      1436        100          0          0          0        804   fz_ws.l

    ----------------------------------------------------------------------
      1716        116          0          0         96       1388   Library Totals

    ----------------------------------------------------------------------

==============================================================================


      Code (inc. data)   RO Data    RW Data    ZI Data      Debug   

     12230       1222        842        136      19640     316228   Grand Totals
     12230       1222        842        136      19640     316228   ELF Image Totals
     12230       1222        842        136          0          0   ROM Totals

==============================================================================

    Total RO  Size (Code + RO Data)                13072 (  12.77kB)
    Total RW  Size (RW Data + ZI Data)             19776 (  19.31kB)
    Total ROM Size (Code + RO Data + RW Data)      13208 (  12.90kB)

==============================================================================

