Component: ARM Compiler 5.06 update 1 (build 61) Tool: armlink [4d35a8]

==============================================================================

Section Cross References

    main.o(i.BSP_Init) refers to system_stm32f10x.o(i.SystemInit) for SystemInit
    main.o(i.BSP_Init) refers to usart_for_dynamixel.o(i.USART_TTL_Init) for USART_TTL_Init
    main.o(i.BSP_Init) refers to usart_for_dynamixel.o(i.USART2_Init) for USART2_Init
    main.o(i.BSP_Init) refers to main.o(i.LED_Configuration) for LED_Configuration
    main.o(i.BSP_Init) refers to adc.o(i.ADC_Configuration) for ADC_Configuration
    main.o(i.BSP_Init) refers to main.o(i.Value_Reset) for Value_Reset
    main.o(i.BSP_Init) refers to tasks.o(i.vTaskDelay) for vTaskDelay
    main.o(i.BSP_Task) refers to main.o(i.BSP_Init) for BSP_Init
    main.o(i.BSP_Task) refers to tasks.o(i.xTaskGenericCreate) for xTaskGenericCreate
    main.o(i.BSP_Task) refers to tasks.o(i.vTaskDelete) for vTaskDelete
    main.o(i.BSP_Task) refers to main.o(i.Dynamixel_Set_Task) for Dynamixel_Set_Task
    main.o(i.BSP_Task) refers to main.o(i.Function_Control) for Function_Control
    main.o(i.Dynamixel_Set_Task) refers to usart_for_dynamixel.o(i.Receive_Data) for Receive_Data
    main.o(i.Dynamixel_Set_Task) refers to dynamixel.o(i.ReadData) for ReadData
    main.o(i.Dynamixel_Set_Task) refers to dynamixel.o(i.DataOPE) for DataOPE
    main.o(i.Dynamixel_Set_Task) refers to dynamixel.o(i.Set_Goal_Value) for Set_Goal_Value
    main.o(i.Dynamixel_Set_Task) refers to dynamixel.o(i.Set_Baud_Rate) for Set_Baud_Rate
    main.o(i.Dynamixel_Set_Task) refers to dynamixel.o(i.Set_Return_Level) for Set_Return_Level
    main.o(i.Dynamixel_Set_Task) refers to dynamixel.o(i.ReadDataS) for ReadDataS
    main.o(i.Dynamixel_Set_Task) refers to dynamixel.o(i.Set_XL_LED) for Set_XL_LED
    main.o(i.Dynamixel_Set_Task) refers to finger.o(i.Hand_Open) for Hand_Open
    main.o(i.Dynamixel_Set_Task) refers to tasks.o(i.vTaskDelay) for vTaskDelay
    main.o(i.Dynamixel_Set_Task) refers to fflt_clz.o(x$fpl$ffltu) for __aeabi_ui2f
    main.o(i.Dynamixel_Set_Task) refers to fdiv.o(x$fpl$fdiv) for __aeabi_fdiv
    main.o(i.Dynamixel_Set_Task) refers to f2d.o(x$fpl$f2d) for __aeabi_f2d
    main.o(i.Dynamixel_Set_Task) refers to dmul.o(x$fpl$dmul) for __aeabi_dmul
    main.o(i.Dynamixel_Set_Task) refers to d2f.o(x$fpl$d2f) for __aeabi_d2f
    main.o(i.Dynamixel_Set_Task) refers to main.o(.data) for Function_Select
    main.o(i.Dynamixel_Set_Task) refers to dynamixel.o(.bss) for Goal
    main.o(i.Dynamixel_Set_Task) refers to main.o(.bss) for extracting
    main.o(i.Dynamixel_Set_Task) refers to adc.o(.data) for ADC_ConvertedValue
    main.o(i.Function_Control) refers to tasks.o(i.xTaskGenericCreate) for xTaskGenericCreate
    main.o(i.Function_Control) refers to tasks.o(i.vTaskDelete) for vTaskDelete
    main.o(i.Function_Control) refers to tasks.o(i.vTaskDelay) for vTaskDelay
    main.o(i.Function_Control) refers to dynamixel.o(i.Detect_CMD) for Detect_CMD
    main.o(i.Function_Control) refers to main.o(.data) for Action_Function
    main.o(i.Function_Control) refers to main.o(.bss) for Finish_Flag
    main.o(i.Function_Control) refers to finger.o(i.GrabCup) for GrabCup
    main.o(i.Function_Control) refers to finger.o(i.Single_Finger) for Single_Finger
    main.o(i.Function_Control) refers to finger.o(i.Three_Finger) for Three_Finger
    main.o(i.Function_Control) refers to finger.o(i.Hand_Reset) for Hand_Reset
    main.o(i.Function_Control) refers to finger.o(i.Hand_Open) for Hand_Open
    main.o(i.Function_Control) refers to finger.o(i.FastReset) for FastReset
    main.o(i.Function_Control) refers to finger.o(i.Vertical_Hold) for Vertical_Hold
    main.o(i.Function_Control) refers to finger.o(i.Clamp_Card) for Clamp_Card
    main.o(i.Function_Control) refers to finger.o(i.Stone_Gesture) for Stone_Gesture
    main.o(i.Function_Control) refers to finger.o(i.Scissors_Gesture) for Scissors_Gesture
    main.o(i.Function_Control) refers to finger.o(i.Cloth_Gesture) for Cloth_Gesture
    main.o(i.LED_Configuration) refers to stm32f10x_rcc.o(i.RCC_APB2PeriphClockCmd) for RCC_APB2PeriphClockCmd
    main.o(i.LED_Configuration) refers to stm32f10x_gpio.o(i.GPIO_Init) for GPIO_Init
    main.o(i.LED_Configuration) refers to stm32f10x_gpio.o(i.GPIO_ResetBits) for GPIO_ResetBits
    main.o(i.Value_Reset) refers to main.o(.bss) for Finish_Flag
    main.o(i.main) refers to tasks.o(i.xTaskGenericCreate) for xTaskGenericCreate
    main.o(i.main) refers to tasks.o(i.vTaskStartScheduler) for vTaskStartScheduler
    main.o(i.main) refers to main.o(i.BSP_Task) for BSP_Task
    adc.o(i.ADC_Configuration) refers to stm32f10x_rcc.o(i.RCC_ADCCLKConfig) for RCC_ADCCLKConfig
    adc.o(i.ADC_Configuration) refers to stm32f10x_rcc.o(i.RCC_APB2PeriphClockCmd) for RCC_APB2PeriphClockCmd
    adc.o(i.ADC_Configuration) refers to stm32f10x_rcc.o(i.RCC_AHBPeriphClockCmd) for RCC_AHBPeriphClockCmd
[...]
    ../clib/signal.c                         0x00000000   Number         0  defsig_abrt_inner.o ABSOLUTE
    ../clib/signal.c                         0x00000000   Number         0  defsig_general.o ABSOLUTE
    ../clib/signal.c                         0x00000000   Number         0  __raise.o ABSOLUTE
    ../clib/signal.c                         0x00000000   Number         0  defsig_rtmem_inner.o ABSOLUTE
    ../clib/signal.c                         0x00000000   Number         0  defsig_exit.o ABSOLUTE
    ../clib/signal.c                         0x00000000   Number         0  defsig_rtmem_outer.o ABSOLUTE
    ../clib/signal.c                         0x00000000   Number         0  defsig_rtmem_formal.o ABSOLUTE
    ../clib/signal.c                         0x00000000   Number         0  defsig_other.o ABSOLUTE
    ../clib/signal.c                         0x00000000   Number         0  defsig_segv_inner.o ABSOLUTE
    ../clib/signal.c                         0x00000000   Number         0  defsig_cppl_inner.o ABSOLUTE
    ../clib/signal.c                         0x00000000   Number         0  defsig_pvfn_inner.o ABSOLUTE
    ../clib/signal.c                         0x00000000   Number         0  defsig_fpe_inner.o ABSOLUTE
    ../clib/signal.c                         0x00000000   Number         0  defsig_stak_inner.o ABSOLUTE
    ../clib/signal.c                         0x00000000   Number         0  defsig_rtred_inner.o ABSOLUTE
    ../clib/signal.s                         0x00000000   Number         0  defsig.o ABSOLUTE
    ../clib/stdlib.c                         0x00000000   Number         0  exit.o ABSOLUTE
    ../fplib/d2f.s                           0x00000000   Number         0  d2f.o ABSOLUTE
    ../fplib/dmul.s                          0x00000000   Number         0  dmul.o ABSOLUTE
    ../fplib/dnaninf.s                       0x00000000   Number         0  dnaninf.o ABSOLUTE
    ../fplib/dretinf.s                       0x00000000   Number         0  dretinf.o ABSOLUTE
    ../fplib/f2d.s                           0x00000000   Number         0  f2d.o ABSOLUTE
    ../fplib/faddsub.s                       0x00000000   Number         0  faddsub_clz.o ABSOLUTE
    ../fplib/fcmpi.s                         0x00000000   Number         0  fcmpi.o ABSOLUTE
    ../fplib/fdiv.s                          0x00000000   Number         0  fdiv.o ABSOLUTE
    ../fplib/feqf.s                          0x00000000   Number         0  feqf.o ABSOLUTE
    ../fplib/ffixu.s                         0x00000000   Number         0  ffixu.o ABSOLUTE
    ../fplib/fflt.s                          0x00000000   Number         0  fflt_clz.o ABSOLUTE
    ../fplib/fmul.s                          0x00000000   Number         0  fmul.o ABSOLUTE
    ../fplib/fnaninf.s                       0x00000000   Number         0  fnaninf.o ABSOLUTE
    ../fplib/fpinit.s                        0x00000000   Number         0  fpinit.o ABSOLUTE
    ../fplib/fretinf.s                       0x00000000   Number         0  fretinf.o ABSOLUTE
    ../fplib/usenofp.s                       0x00000000   Number         0  usenofp.o ABSOLUTE
    APP\ADC.c                                0x00000000   Number         0  adc.o ABSOLUTE
    APP\Dynamixel.c                          0x00000000   Number         0  dynamixel.o ABSOLUTE
    APP\Finger.c                             0x00000000   Number         0  finger.o ABSOLUTE
    APP\USART_for_Dynamixel.c                0x00000000   Number         0  usart_for_dynamixel.o ABSOLUTE
    APP\\ADC.c                               0x00000000   Number         0  adc.o ABSOLUTE
    APP\\Dynamixel.c                         0x00000000   Number         0  dynamixel.o ABSOLUTE
    APP\\Finger.c                            0x00000000   Number         0  finger.o ABSOLUTE
    APP\\USART_for_Dynamixel.c               0x00000000   Number         0  usart_for_dynamixel.o ABSOLUTE
    APP\\main.c                              0x00000000   Number         0  main.o ABSOLUTE
    APP\main.c                               0x00000000   Number         0  main.o ABSOLUTE
    C:\Keil_v5\ARM\PACK\Keil\STM32F1xx_DFP\1.1.0\Device\StdPeriph_Driver\src\misc.c 0x00000000   Number         0  misc.o ABSOLUTE
    C:\Keil_v5\ARM\PACK\Keil\STM32F1xx_DFP\1.1.0\Device\StdPeriph_Driver\src\stm32f10x_adc.c 0x00000000   Number         0  stm32f10x_adc.o ABSOLUTE
    C:\Keil_v5\ARM\PACK\Keil\STM32F1xx_DFP\1.1.0\Device\StdPeriph_Driver\src\stm32f10x_dma.c 0x00000000   Number         0  stm32f10x_dma.o ABSOLUTE
    C:\Keil_v5\ARM\PACK\Keil\STM32F1xx_DFP\1.1.0\Device\StdPeriph_Driver\src\stm32f10x_flash.c 0x00000000   Number         0  stm32f10x_flash.o ABSOLUTE
    C:\Keil_v5\ARM\PACK\Keil\STM32F1xx_DFP\1.1.0\Device\StdPeriph_Driver\src\stm32f10x_gpio.c 0x00000000   Number         0  stm32f10x_gpio.o ABSOLUTE
    C:\Keil_v5\ARM\PACK\Keil\STM32F1xx_DFP\1.1.0\Device\StdPeriph_Driver\src\stm32f10x_rcc.c 0x00000000   Number         0  stm32f10x_rcc.o ABSOLUTE
    C:\Keil_v5\ARM\PACK\Keil\STM32F1xx_DFP\1.1.0\Device\StdPeriph_Driver\src\stm32f10x_tim.c 0x00000000   Number         0  stm32f10x_tim.o ABSOLUTE
    C:\Keil_v5\ARM\PACK\Keil\STM32F1xx_DFP\1.1.0\Device\StdPeriph_Driver\src\stm32f10x_usart.c 0x00000000   Number         0  stm32f10x_usart.o ABSOLUTE
    C:\Keil_v5\ARM\PACK\Keil\STM32F1xx_DFP\1.1.0\RTE_Driver\DMA_STM32F10x.c 0x00000000   Number         0  dma_stm32f10x.o ABSOLUTE
    C:\Keil_v5\ARM\PACK\Keil\STM32F1xx_DFP\1.1.0\RTE_Driver\GPIO_STM32F10x.c 0x00000000   Number         0  gpio_stm32f10x.o ABSOLUTE
    C:\\Keil_v5\\ARM\\PACK\\Keil\\STM32F1xx_DFP\\1.1.0\\Device\\StdPeriph_Driver\\src\\misc.c 0x00000000   Number         0  misc.o ABSOLUTE
    C:\\Keil_v5\\ARM\\PACK\\Keil\\STM32F1xx_DFP\\1.1.0\\Device\\StdPeriph_Driver\\src\\stm32f10x_adc.c 0x00000000   Number         0  stm32f10x_adc.o ABSOLUTE
    C:\\Keil_v5\\ARM\\PACK\\Keil\\STM32F1xx_DFP\\1.1.0\\Device\\StdPeriph_Driver\\src\\stm32f10x_dma.c 0x00000000   Number         0  stm32f10x_dma.o ABSOLUTE
    C:\\Keil_v5\\ARM\\PACK\\Keil\\STM32F1xx_DFP\\1.1.0\\Device\\StdPeriph_Driver\\src\\stm32f10x_flash.c 0x00000000   Number         0  stm32f10x_flash.o ABSOLUTE
    C:\\Keil_v5\\ARM\\PACK\\Keil\\STM32F1xx_DFP\\1.1.0\\Device\\StdPeriph_Driver\\src\\stm32f10x_gpio.c 0x00000000   Number         0  stm32f10x_gpio.o ABSOLUTE
    C:\\Keil_v5\\ARM\\PACK\\Keil\\STM32F1xx_DFP\\1.1.0\\Device\\StdPeriph_Driver\\src\\stm32f10x_rcc.c 0x00000000   Number         0  stm32f10x_rcc.o ABSOLUTE
    C:\\Keil_v5\\ARM\\PACK\\Keil\\STM32F1xx_DFP\\1.1.0\\Device\\StdPeriph_Driver\\src\\stm32f10x_tim.c 0x00000000   Number         0  stm32f10x_tim.o ABSOLUTE
    C:\\Keil_v5\\ARM\\PACK\\Keil\\STM32F1xx_DFP\\1.1.0\\Device\\StdPeriph_Driver\\src\\stm32f10x_usart.c 0x00000000   Number         0  stm32f10x_usart.o ABSOLUTE
    C:\\Keil_v5\\ARM\\PACK\\Keil\\STM32F1xx_DFP\\1.1.0\\RTE_Driver\\DMA_STM32F10x.c 0x00000000   Number         0  dma_stm32f10x.o ABSOLUTE
    C:\\Keil_v5\\ARM\\PACK\\Keil\\STM32F1xx_DFP\\1.1.0\\RTE_Driver\\GPIO_STM32F10x.c 0x00000000   Number         0  gpio_stm32f10x.o ABSOLUTE
    FreeRTOS\\port.c                         0x00000000   Number         0  port.o ABSOLUTE
    FreeRTOS\croutine.c                      0x00000000   Number         0  croutine.o ABSOLUTE
    FreeRTOS\heap_2.c                        0x00000000   Number         0  heap_2.o ABSOLUTE
    FreeRTOS\list.c                          0x00000000   Number         0  list.o ABSOLUTE
    FreeRTOS\port.c                          0x00000000   Number         0  port.o ABSOLUTE
    FreeRTOS\queue.c                         0x00000000   Number         0  queue.o ABSOLUTE
    FreeRTOS\tasks.c                         0x00000000   Number         0  tasks.o ABSOLUTE
    FreeRTOS\timers.c                        0x00000000   Number         0  timers.o ABSOLUTE
    RTE\Device\STM32F103T8\startup_stm32f10x_md.s 0x00000000   Number         0  startup_stm32f10x_md.o ABSOLUTE
    RTE\Device\STM32F103T8\system_stm32f10x.c 0x00000000   Number         0  system_stm32f10x.o ABSOLUTE
    RTE\\Device\\STM32F103T8\\system_stm32f10x.c 0x00000000   Number         0  system_stm32f10x.o ABSOLUTE
    dc.s                                     0x00000000   Number         0  dc.o ABSOLUTE
    RESET                                    0x08000000   Section      236  startup_stm32f10x_md.o(RESET)
    !!!main                                  0x080000ec   Section        8  __main.o(!!!main)
    !!!scatter                               0x080000f4   Section       52  __scatter.o(!!!scatter)
    !!handler_copy                           0x08000128   Section       26  __scatter_copy.o(!!handler_copy)
    !!handler_zi                             0x08000144   Section       28  __scatter_zi.o(!!handler_zi)
    .ARM.Collect$$libinit$$00000000          0x08000160   Section        2  libinit.o(.ARM.Collect$$libinit$$00000000)
    .ARM.Collect$$libinit$$00000002          0x08000162   Section        0  libinit2.o(.ARM.Collect$$libinit$$00000002)
    .ARM.Collect$$libinit$$00000004          0x08000162   Section        0  libinit2.o(.ARM.Collect$$libinit$$00000004)
    .ARM.Collect$$libinit$$0000000A          0x08000162   Section        0  libinit2.o(.ARM.Collect$$libinit$$0000000A)
    .ARM.Collect$$libinit$$0000000C          0x08000162   Section        0  libinit2.o(.ARM.Collect$$libinit$$0000000C)
    .ARM.Collect$$libinit$$0000000E          0x08000162   Section        0  libinit2.o(.ARM.Collect$$libinit$$0000000E)
    .ARM.Collect$$libinit$$00000011          0x08000162   Section        0  libinit2.o(.ARM.Collect$$libinit$$00000011)
    .ARM.Collect$$libinit$$00000013          0x08000162   Section        0  libinit2.o(.ARM.Collect$$libinit$$00000013)
    .ARM.Collect$$libinit$$00000015          0x08000162   Section        0  libinit2.o(.ARM.Collect$$libinit$$00000015)
    .ARM.Collect$$libinit$$00000017          0x08000162   Section        0  libinit2.o(.ARM.Collect$$libinit$$00000017)
    .ARM.Collect$$libinit$$00000019          0x08000162   Section        0  libinit2.o(.ARM.Collect$$libinit$$00000019)
    .ARM.Collect$$libinit$$0000001B          0x08000162   Section        0  libinit2.o(.ARM.Collect$$libinit$$0000001B)
    .ARM.Collect$$libinit$$0000001D          0x08000162   Section        0  libinit2.o(.ARM.Collect$$libinit$$0000001D)
    .ARM.Collect$$libinit$$0000001F          0x08000162   Section        0  libinit2.o(.ARM.Collect$$libinit$$0000001F)
    .ARM.Collect$$libinit$$00000021          0x08000162   Section        0  libinit2.o(.ARM.Collect$$libinit$$00000021)
    .ARM.Collect$$libinit$$00000023          0x08000162   Section        0  libinit2.o(.ARM.Collect$$libinit$$00000023)
    .ARM.Collect$$libinit$$00000025          0x08000162   Section        0  libinit2.o(.ARM.Collect$$libinit$$00000025)
    .ARM.Collect$$libinit$$0000002C          0x08000162   Section        0  libinit2.o(.ARM.Collect$$libinit$$0000002C)
    .ARM.Collect$$libinit$$0000002E          0x08000162   Section        0  libinit2.o(.ARM.Collect$$libinit$$0000002E)
    .ARM.Collect$$libinit$$00000030          0x08000162   Section        0  libinit2.o(.ARM.Collect$$libinit$$00000030)
    .ARM.Collect$$libinit$$00000032          0x08000162   Section        0  libinit2.o(.ARM.Collect$$libinit$$00000032)
    .ARM.Collect$$libinit$$00000033          0x08000162   Section        2  libinit2.o(.ARM.Collect$$libinit$$00000033)
    .ARM.Collect$$libshutdown$$00000000      0x08000164   Section        2  libshutdown.o(.ARM.Collect$$libshutdown$$00000000)
    .ARM.Collect$$libshutdown$$00000002      0x08000166   Section        0  libshutdown2.o(.ARM.Collect$$libshutdown$$00000002)
    .ARM.Collect$$libshutdown$$00000004      0x08000166   Section        0  libshutdown2.o(.ARM.Collect$$libshutdown$$00000004)
    .ARM.Collect$$libshutdown$$00000007      0x08000166   Section        0  libshutdown2.o(.ARM.Collect$$libshutdown$$00000007)
    .ARM.Collect$$libshutdown$$0000000A      0x08000166   Section        0  libshutdown2.o(.ARM.Collect$$libshutdown$$0000000A)
    .ARM.Collect$$libshutdown$$0000000C      0x08000166   Section        0  libshutdown2.o(.ARM.Collect$$libshutdown$$0000000C)
    .ARM.Collect$$libshutdown$$0000000F      0x08000166   Section        0  libshutdown2.o(.ARM.Collect$$libshutdown$$0000000F)
    .ARM.Collect$$libshutdown$$00000010      0x08000166   Section        2  libshutdown2.o(.ARM.Collect$$libshutdown$$00000010)
    .ARM.Collect$$rtentry$$00000000          0x08000168   Section        0  __rtentry.o(.ARM.Collect$$rtentry$$00000000)
    .ARM.Collect$$rtentry$$00000002          0x08000168   Section        0  __rtentry2.o(.ARM.Collect$$rtentry$$00000002)
    .ARM.Collect$$rtentry$$00000004          0x08000168   Section        6  __rtentry4.o(.ARM.Collect$$rtentry$$00000004)
    .ARM.Collect$$rtentry$$00000009          0x0800016e   Section        0  __rtentry2.o(.ARM.Collect$$rtentry$$00000009)
    .ARM.Collect$$rtentry$$0000000A          0x0800016e   Section        4  __rtentry2.o(.ARM.Collect$$rtentry$$0000000A)
    .ARM.Collect$$rtentry$$0000000C          0x08000172   Section        0  __rtentry2.o(.ARM.Collect$$rtentry$$0000000C)
    .ARM.Collect$$rtentry$$0000000D          0x08000172   Section        8  __rtentry2.o(.ARM.Collect$$rtentry$$0000000D)
    .ARM.Collect$$rtexit$$00000000           0x0800017a   Section        2  rtexit.o(.ARM.Collect$$rtexit$$00000000)
    .ARM.Collect$$rtexit$$00000002           0x0800017c   Section        0  rtexit2.o(.ARM.Collect$$rtexit$$00000002)
    .ARM.Collect$$rtexit$$00000003           0x0800017c   Section        4  rtexit2.o(.ARM.Collect$$rtexit$$00000003)
    .ARM.Collect$$rtexit$$00000004           0x08000180   Section        6  rtexit2.o(.ARM.Collect$$rtexit$$00000004)
    .emb_text                                0x08000188   Section      162  port.o(.emb_text)
    .text                                    0x0800022c   Section       64  startup_stm32f10x_md.o(.text)
    .text                                    0x0800026c   Section        0  heapauxi.o(.text)
    .text                                    0x08000272   Section       74  sys_stackheap_outer.o(.text)
    .text                                    0x080002bc   Section        0  exit.o(.text)
    .text                                    0x080002d0   Section        8  libspace.o(.text)
    .text                                    0x080002d8   Section        0  sys_exit.o(.text)
    .text                                    0x080002e4   Section        2  use_no_semi.o(.text)
    .text                                    0x080002e6   Section        0  indicate_semi.o(.text)
    i.ADC_Cmd                                0x080002e6   Section        0  stm32f10x_adc.o(i.ADC_Cmd)
    i.ADC_Configuration                      0x080002fc   Section        0  adc.o(i.ADC_Configuration)
    i.ADC_DMACmd                             0x08000428   Section        0  stm32f10x_adc.o(i.ADC_DMACmd)
    i.ADC_GetCalibrationStatus               0x0800043e   Section        0  stm32f10x_adc.o(i.ADC_GetCalibrationStatus)
    i.ADC_GetResetCalibrationStatus          0x08000452   Section        0  stm32f10x_adc.o(i.ADC_GetResetCalibrationStatus)
    i.ADC_Init                               0x08000468   Section        0  stm32f10x_adc.o(i.ADC_Init)
    i.ADC_RegularChannelConfig               0x080004b8   Section        0  stm32f10x_adc.o(i.ADC_RegularChannelConfig)
    i.ADC_ResetCalibration                   0x08000570   Section        0  stm32f10x_adc.o(i.ADC_ResetCalibration)
    i.ADC_SoftwareStartConvCmd               0x0800057a   Section        0  stm32f10x_adc.o(i.ADC_SoftwareStartConvCmd)
    i.ADC_StartCalibration                   0x08000590   Section        0  stm32f10x_adc.o(i.ADC_StartCalibration)
    i.BSP_Init                               0x0800059a   Section        0  main.o(i.BSP_Init)
    i.BSP_Task                               0x080005c8   Section        0  main.o(i.BSP_Task)
    i.Clamp_Card                             0x0800062c   Section        0  finger.o(i.Clamp_Card)
    i.Cloth_Gesture                          0x08000648   Section        0  finger.o(i.Cloth_Gesture)
    i.DMA1_Channel1_Event                    0x08000690   Section        0  dma_stm32f10x.o(i.DMA1_Channel1_Event)
    i.DMA1_Channel1_IRQHandler               0x08000694   Section        0  dma_stm32f10x.o(i.DMA1_Channel1_IRQHandler)
    i.DMA1_Channel2_Event                    0x080006b0   Section        0  dma_stm32f10x.o(i.DMA1_Channel2_Event)
    i.DMA1_Channel2_IRQHandler               0x080006b4   Section        0  dma_stm32f10x.o(i.DMA1_Channel2_IRQHandler)
    i.DMA1_Channel3_Event                    0x080006d0   Section        0  dma_stm32f10x.o(i.DMA1_Channel3_Event)
    i.DMA1_Channel3_IRQHandler               0x080006d4   Section        0  dma_stm32f10x.o(i.DMA1_Channel3_IRQHandler)
    i.DMA1_Channel4_Event                    0x080006f0   Section        0  dma_stm32f10x.o(i.DMA1_Channel4_Event)
    i.DMA1_Channel4_IRQHandler               0x080006f4   Section        0  dma_stm32f10x.o(i.DMA1_Channel4_IRQHandler)
    i.DMA1_Channel5_Event                    0x08000710   Section        0  dma_stm32f10x.o(i.DMA1_Channel5_Event)
    i.DMA1_Channel5_IRQHandler               0x08000714   Section        0  dma_stm32f10x.o(i.DMA1_Channel5_IRQHandler)
    i.DMA1_Channel6_Event                    0x08000730   Section        0  dma_stm32f10x.o(i.DMA1_Channel6_Event)
    i.DMA1_Channel6_IRQHandler               0x08000734   Section        0  dma_stm32f10x.o(i.DMA1_Channel6_IRQHandler)
    i.DMA1_Channel7_Event                    0x08000750   Section        0  dma_stm32f10x.o(i.DMA1_Channel7_Event)
    i.DMA1_Channel7_IRQHandler               0x08000754   Section        0  dma_stm32f10x.o(i.DMA1_Channel7_IRQHandler)
    i.DMA_Cmd                                0x08000770   Section        0  stm32f10x_dma.o(i.DMA_Cmd)
    i.DMA_DeInit                             0x08000788   Section        0  stm32f10x_dma.o(i.DMA_DeInit)
    i.DMA_ITConfig                           0x080008d4   Section        0  stm32f10x_dma.o(i.DMA_ITConfig)
    i.DMA_Init                               0x080008e6   Section        0  stm32f10x_dma.o(i.DMA_Init)
    i.DataOPE                                0x08000924   Section        0  dynamixel.o(i.DataOPE)
    i.Detect_CMD                             0x08000b4c   Section        0  dynamixel.o(i.Detect_CMD)
    i.Dynamixel_Set_Task                     0x08000b80   Section        0  main.o(i.Dynamixel_Set_Task)
    i.FastReset                              0x08000d24   Section        0  finger.o(i.FastReset)
    i.Function_Control                       0x08000d68   Section        0  main.o(i.Function_Control)
    i.GPIO_Init                              0x0800108c   Section        0  stm32f10x_gpio.o(i.GPIO_Init)
    i.GPIO_ResetBits                         0x080011a2   Section        0  stm32f10x_gpio.o(i.GPIO_ResetBits)
    i.GPIO_SetBits                           0x080011a6   Section        0  stm32f10x_gpio.o(i.GPIO_SetBits)
    i.GrabCup                                0x080011ac   Section        0  finger.o(i.GrabCup)
    i.Hand_Open                              0x0800124c   Section        0  finger.o(i.Hand_Open)
    i.Hand_Reset                             0x080012d0   Section        0  finger.o(i.Hand_Reset)
    i.LED_Configuration                      0x08001374   Section        0  main.o(i.LED_Configuration)
    i.NVIC_Init                              0x080013ac   Section        0  misc.o(i.NVIC_Init)
    i.NVIC_PriorityGroupConfig               0x0800141c   Section        0  misc.o(i.NVIC_PriorityGroupConfig)
    i.RCC_ADCCLKConfig                       0x08001430   Section        0  stm32f10x_rcc.o(i.RCC_ADCCLKConfig)
    i.RCC_AHBPeriphClockCmd                  0x08001448   Section        0  stm32f10x_rcc.o(i.RCC_AHBPeriphClockCmd)
    i.RCC_APB1PeriphClockCmd                 0x08001468   Section        0  stm32f10x_rcc.o(i.RCC_APB1PeriphClockCmd)
    i.RCC_APB2PeriphClockCmd                 0x08001488   Section        0  stm32f10x_rcc.o(i.RCC_APB2PeriphClockCmd)
    i.RCC_GetClocksFreq                      0x080014a8   Section        0  stm32f10x_rcc.o(i.RCC_GetClocksFreq)
    i.ReadData                               0x0800157c   Section        0  dynamixel.o(i.ReadData)
    i.ReadDataS                              0x080015f4   Section        0  dynamixel.o(i.ReadDataS)
    i.Receive_Cmd_TTL                        0x080016a0   Section        0  usart_for_dynamixel.o(i.Receive_Cmd_TTL)
    i.Receive_Data                           0x080017c4   Section        0  usart_for_dynamixel.o(i.Receive_Data)
    i.Receive_Data_485                       0x080017f0   Section        0  usart_for_dynamixel.o(i.Receive_Data_485)
    i.Receive_Data_TTL                       0x08001978   Section        0  usart_for_dynamixel.o(i.Receive_Data_TTL)
    i.SYNC_Finger                            0x08001b4c   Section        0  dynamixel.o(i.SYNC_Finger)
    i.Scissors_Gesture                       0x08001d58   Section        0  finger.o(i.Scissors_Gesture)
    i.Send_Array_TTL                         0x08001da4   Section        0  usart_for_dynamixel.o(i.Send_Array_TTL)
    i.Send_Data_TTL                          0x08001e18   Section        0  usart_for_dynamixel.o(i.Send_Data_TTL)
    i.SetSysClock                            0x08001ebc   Section        0  system_stm32f10x.o(i.SetSysClock)
    SetSysClock                              0x08001ebd   Thumb Code     8  system_stm32f10x.o(i.SetSysClock)
    i.SetSysClockTo72                        0x08001ec4   Section        0  system_stm32f10x.o(i.SetSysClockTo72)
    SetSysClockTo72                          0x08001ec5   Thumb Code   214  system_stm32f10x.o(i.SetSysClockTo72)
    i.Set_Baud_Rate                          0x08001fa4   Section        0  dynamixel.o(i.Set_Baud_Rate)
    i.Set_Goal_Value                         0x08001fb8   Section        0  dynamixel.o(i.Set_Goal_Value)
    i.Set_Return_Level                       0x08001fd0   Section        0  dynamixel.o(i.Set_Return_Level)
    i.Set_XL_LED                             0x08001fe4   Section        0  dynamixel.o(i.Set_XL_LED)
    i.Single_Finger                          0x08001ff8   Section        0  finger.o(i.Single_Finger)
    i.Stone_Gesture                          0x08002044   Section        0  finger.o(i.Stone_Gesture)
    i.SystemInit                             0x08002080   Section        0  system_stm32f10x.o(i.SystemInit)
    i.Three_Finger                           0x080020e0   Section        0  finger.o(i.Three_Finger)
    i.USART1_IRQHandler                      0x080020fc   Section        0  usart_for_dynamixel.o(i.USART1_IRQHandler)
    i.USART2_IRQHandler                      0x0800213c   Section        0  usart_for_dynamixel.o(i.USART2_IRQHandler)
    i.USART2_Init                            0x0800217c   Section        0  usart_for_dynamixel.o(i.USART2_Init)
    i.USART_Cmd                              0x0800224c   Section        0  stm32f10x_usart.o(i.USART_Cmd)
    i.USART_GetFlagStatus                    0x08002264   Section        0  stm32f10x_usart.o(i.USART_GetFlagStatus)
    i.USART_ITConfig                         0x0800227e   Section        0  stm32f10x_usart.o(i.USART_ITConfig)
    i.USART_Init                             0x080022c8   Section        0  stm32f10x_usart.o(i.USART_Init)
    i.USART_ReceiveData                      0x080023a0   Section        0  stm32f10x_usart.o(i.USART_ReceiveData)
    i.USART_SendData                         0x080023aa   Section        0  stm32f10x_usart.o(i.USART_SendData)
    i.USART_TTL_Init                         0x080023b4   Section        0  usart_for_dynamixel.o(i.USART_TTL_Init)
    i.Value_Reset                            0x08002488   Section        0  main.o(i.Value_Reset)
    i.Vertical_Hold                          0x080024a4   Section        0  finger.o(i.Vertical_Hold)
    i.WriteData                              0x0800253c   Section        0  dynamixel.o(i.WriteData)
    i.main                                   0x0800264c   Section        0  main.o(i.main)
    i.prvAddCurrentTaskToDelayedList         0x08002680   Section        0  tasks.o(i.prvAddCurrentTaskToDelayedList)
    prvAddCurrentTaskToDelayedList           0x08002681   Thumb Code    62  tasks.o(i.prvAddCurrentTaskToDelayedList)
    i.prvAllocateTCBAndStack                 0x080026d4   Section        0  tasks.o(i.prvAllocateTCBAndStack)
    prvAllocateTCBAndStack                   0x080026d5   Thumb Code    54  tasks.o(i.prvAllocateTCBAndStack)
    i.prvCheckTasksWaitingTermination        0x0800270c   Section        0  tasks.o(i.prvCheckTasksWaitingTermination)
    prvCheckTasksWaitingTermination          0x0800270d   Thumb Code    86  tasks.o(i.prvCheckTasksWaitingTermination)
    i.prvDeleteTCB                           0x08002770   Section        0  tasks.o(i.prvDeleteTCB)
    prvDeleteTCB                             0x08002771   Thumb Code    18  tasks.o(i.prvDeleteTCB)
    i.prvHeapInit                            0x08002784   Section        0  heap_2.o(i.prvHeapInit)
    prvHeapInit                              0x08002785   Thumb Code    42  heap_2.o(i.prvHeapInit)
    i.prvIdleTask                            0x080027bc   Section        0  tasks.o(i.prvIdleTask)
    prvIdleTask                              0x080027bd   Thumb Code    20  tasks.o(i.prvIdleTask)
    i.prvInitialiseTCBVariables              0x080027d4   Section        0  tasks.o(i.prvInitialiseTCBVariables)
    prvInitialiseTCBVariables                0x080027d5   Thumb Code    92  tasks.o(i.prvInitialiseTCBVariables)
    i.prvInitialiseTaskLists                 0x08002830   Section        0  tasks.o(i.prvInitialiseTaskLists)
    prvInitialiseTaskLists                   0x08002831   Thumb Code    70  tasks.o(i.prvInitialiseTaskLists)
    i.prvResetNextTaskUnblockTime            0x08002898   Section        0  tasks.o(i.prvResetNextTaskUnblockTime)
    prvResetNextTaskUnblockTime              0x08002899   Thumb Code    42  tasks.o(i.prvResetNextTaskUnblockTime)
    i.prvTaskExitError                       0x080028cc   Section        0  port.o(i.prvTaskExitError)
    prvTaskExitError                         0x080028cd   Thumb Code     8  port.o(i.prvTaskExitError)
    i.pvPortMalloc                           0x080028d4   Section        0  heap_2.o(i.pvPortMalloc)
    i.pxPortInitialiseStack                  0x0800298c   Section        0  port.o(i.pxPortInitialiseStack)
    i.update_crc                             0x080029ac   Section        0  usart_for_dynamixel.o(i.update_crc)
    i.uxListRemove                           0x080029d8   Section        0  list.o(i.uxListRemove)
    i.vListInitialise                        0x08002a00   Section        0  list.o(i.vListInitialise)
    i.vListInitialiseItem                    0x08002a1a   Section        0  list.o(i.vListInitialiseItem)
    i.vListInsert                            0x08002a20   Section        0  list.o(i.vListInsert)
    i.vListInsertEnd                         0x08002a54   Section        0  list.o(i.vListInsertEnd)
    i.vPortEnterCritical                     0x08002a6c   Section        0  port.o(i.vPortEnterCritical)
    i.vPortExitCritical                      0x08002a8c   Section        0  port.o(i.vPortExitCritical)
    i.vPortFree                              0x08002aac   Section        0  heap_2.o(i.vPortFree)
    i.vPortSetupTimerInterrupt               0x08002aec   Section        0  port.o(i.vPortSetupTimerInterrupt)
    i.vPortYield                             0x08002afc   Section        0  port.o(i.vPortYield)
    i.vTaskDelay                             0x08002b14   Section        0  tasks.o(i.vTaskDelay)
    i.vTaskDelete                            0x08002b68   Section        0  tasks.o(i.vTaskDelete)
    i.vTaskStartScheduler                    0x08002c10   Section        0  tasks.o(i.vTaskStartScheduler)
    i.vTaskSuspendAll                        0x08002c58   Section        0  tasks.o(i.vTaskSuspendAll)
    i.vTaskSwitchContext                     0x08002c68   Section        0  tasks.o(i.vTaskSwitchContext)
    i.xPortStartScheduler                    0x08002cc8   Section        0  port.o(i.xPortStartScheduler)
    i.xPortSysTickHandler                    0x08002cfc   Section        0  port.o(i.xPortSysTickHandler)
    i.xTaskGenericCreate                     0x08002d1c   Section        0  tasks.o(i.xTaskGenericCreate)
    i.xTaskIncrementTick                     0x08002e18   Section        0  tasks.o(i.xTaskIncrementTick)
    i.xTaskResumeAll                         0x08002f38   Section        0  tasks.o(i.xTaskResumeAll)
    x$fpl$d2f                                0x08003014   Section       98  d2f.o(x$fpl$d2f)
    x$fpl$dmul                               0x08003078   Section      340  dmul.o(x$fpl$dmul)
    x$fpl$dnaninf                            0x080031cc   Section      156  dnaninf.o(x$fpl$dnaninf)
    x$fpl$dretinf                            0x08003268   Section       12  dretinf.o(x$fpl$dretinf)
    x$fpl$f2d                                0x08003274   Section       86  f2d.o(x$fpl$f2d)
    x$fpl$fadd                               0x080032cc   Section      196  faddsub_clz.o(x$fpl$fadd)
    _fadd1                                   0x080032db   Thumb Code     0  faddsub_clz.o(x$fpl$fadd)
    x$fpl$fcmpinf                            0x08003390   Section       24  fcmpi.o(x$fpl$fcmpinf)
    x$fpl$fdiv                               0x080033a8   Section      388  fdiv.o(x$fpl$fdiv)
    _fdiv1                                   0x080033a9   Thumb Code     0  fdiv.o(x$fpl$fdiv)
    x$fpl$feqf                               0x0800352c   Section      104  feqf.o(x$fpl$feqf)
    x$fpl$ffixu                              0x08003594   Section       62  ffixu.o(x$fpl$ffixu)
    x$fpl$ffltu                              0x080035d4   Section       38  fflt_clz.o(x$fpl$ffltu)
    x$fpl$fmul                               0x080035fc   Section      258  fmul.o(x$fpl$fmul)
    x$fpl$fnaninf                            0x080036fe   Section      140  fnaninf.o(x$fpl$fnaninf)
    x$fpl$fretinf                            0x0800378a   Section       10  fretinf.o(x$fpl$fretinf)
    x$fpl$frsb                               0x08003794   Section       20  faddsub_clz.o(x$fpl$frsb)
    x$fpl$fsub                               0x080037a8   Section      234  faddsub_clz.o(x$fpl$fsub)
    _fsub1                                   0x080037b7   Thumb Code     0  faddsub_clz.o(x$fpl$fsub)
    .constdata                               0x08003892   Section       62  dynamixel.o(.constdata)
    x$fpl$usenofp                            0x08003892   Section        0  usenofp.o(x$fpl$usenofp)
    .constdata                               0x080038d0   Section      512  usart_for_dynamixel.o(.constdata)
    crc_table                                0x080038d0   Data         512  usart_for_dynamixel.o(.constdata)
    .data                                    0x20000000   Section       19  main.o(.data)
    reg                                      0x20000008   Data           1  main.o(.data)
    length                                   0x2000000a   Data           2  main.o(.data)
    status                                   0x20000010   Data           2  main.o(.data)
    pre_n                                    0x20000012   Data           1  main.o(.data)
    .data                                    0x20000014   Section       16  adc.o(.data)
    .data                                    0x20000024   Section       12  finger.o(.data)
    .data                                    0x20000030   Section       24  heap_2.o(.data)
    xStart                                   0x20000030   Data           8  heap_2.o(.data)
    xEnd                                     0x20000038   Data           8  heap_2.o(.data)
    xFreeBytesRemaining                      0x20000040   Data           4  heap_2.o(.data)
    xHeapHasBeenInitialised                  0x20000044   Data           4  heap_2.o(.data)
    .data                                    0x20000048   Section        4  port.o(.data)
    uxCriticalNesting                        0x20000048   Data           4  port.o(.data)
    .data                                    0x2000004c   Section       56  tasks.o(.data)
    pxDelayedTaskList                        0x20000050   Data           4  tasks.o(.data)
    pxOverflowDelayedTaskList                0x20000054   Data           4  tasks.o(.data)
    uxTasksDeleted                           0x20000058   Data           4  tasks.o(.data)
    uxCurrentNumberOfTasks                   0x2000005c   Data           4  tasks.o(.data)
    xTickCount                               0x20000060   Data           4  tasks.o(.data)
    uxTopReadyPriority                       0x20000064   Data           4  tasks.o(.data)
    xSchedulerRunning                        0x20000068   Data           4  tasks.o(.data)
    uxPendedTicks                            0x2000006c   Data           4  tasks.o(.data)
    xYieldPending                            0x20000070   Data           4  tasks.o(.data)
    xNumOfOverflows                          0x20000074   Data           4  tasks.o(.data)
    uxTaskNumber                             0x20000078   Data           4  tasks.o(.data)
    xNextTaskUnblockTime                     0x2000007c   Data           4  tasks.o(.data)
    uxSchedulerSuspended                     0x20000080   Data           4  tasks.o(.data)
    .data                                    0x20000084   Section       20  stm32f10x_rcc.o(.data)
    APBAHBPrescTable                         0x20000084   Data          16  stm32f10x_rcc.o(.data)
    ADCPrescTable                            0x20000094   Data           4  stm32f10x_rcc.o(.data)
    .bss                                     0x20000098   Section       64  main.o(.bss)
    extracting                               0x200000ac   Data          20  main.o(.bss)
    .bss                                     0x200000d8   Section       60  dynamixel.o(.bss)
    .bss                                     0x20000114   Section      276  usart_for_dynamixel.o(.bss)
    receive_dynl                             0x200001e0   Data          24  usart_for_dynamixel.o(.bss)
    receive_TTL_dynl                         0x200001f8   Data          24  usart_for_dynamixel.o(.bss)
    receive_TTL_dynl                         0x20000210   Data          24  usart_for_dynamixel.o(.bss)
    .bss                                     0x20000228   Section    17408  heap_2.o(.bss)
    ucHeap                                   0x20000228   Data       17408  heap_2.o(.bss)
    .bss                                     0x20004628   Section      200  tasks.o(.bss)
    pxReadyTasksLists                        0x20004628   Data         100  tasks.o(.bss)
    xDelayedTaskList1                        0x2000468c   Data          20  tasks.o(.bss)
    xDelayedTaskList2                        0x200046a0   Data          20  tasks.o(.bss)
    xPendingReadyList                        0x200046b4   Data          20  tasks.o(.bss)
    xTasksWaitingTermination                 0x200046c8   Data          20  tasks.o(.bss)
    xSuspendedTaskList                       0x200046dc   Data          20  tasks.o(.bss)
    .bss                                     0x200046f0   Section       96  libspace.o(.bss)
    HEAP                                     0x20004750   Section      512  startup_stm32f10x_md.o(HEAP)
    Heap_Mem                                 0x20004750   Data         512  startup_stm32f10x_md.o(HEAP)
    STACK                                    0x20004950   Section     1024  startup_stm32f10x_md.o(STACK)
    Stack_Mem                                0x20004950   Data        1024  startup_stm32f10x_md.o(STACK)
    __initial_sp                             0x20004d50   Data           0  startup_stm32f10x_md.o(STACK)

    Global Symbols

    Symbol Name                              Value     Ov Type        Size  Object(Section)

    BuildAttributes$$THM_ISAv4$P$D$K$B$S$PE$A:L22UL41UL21$X:L11$S22US41US21$IEEE1$IW$USESV6$~STKCKD$USESV7$~SHL$OSPACE$ROPI$EBA8$UX$STANDARDLIB$REQ8$PRES8$EABIv2 0x00000000   Number         0  anon$$obj.o ABSOLUTE
    __ARM_use_no_argv                        0x00000000   Number         0  main.o ABSOLUTE
    __ARM_exceptions_init                     - Undefined Weak Reference
    __alloca_initialize                       - Undefined Weak Reference
    __arm_preinit_                            - Undefined Weak Reference
    __cpp_initialize__aeabi_                  - Undefined Weak Reference
    __cxa_finalize                            - Undefined Weak Reference
    __rt_locale                               - Undefined Weak Reference
    __sigvec_lookup                           - Undefined Weak Reference
    _atexit_init                              - Undefined Weak Reference
    _call_atexit_fns                          - Undefined Weak Reference
    _clock_init                               - Undefined Weak Reference
    _fp_trap_init                             - Undefined Weak Reference
    _fp_trap_shutdown                         - Undefined Weak Reference
    _get_lc_collate                           - Undefined Weak Reference
    _get_lc_ctype                             - Undefined Weak Reference
    _get_lc_monetary                          - Undefined Weak Reference
    _get_lc_numeric                           - Undefined Weak Reference
    _get_lc_time                              - Undefined Weak Reference
    _getenv_init                              - Undefined Weak Reference
    _handle_redirection                       - Undefined Weak Reference
    _init_alloc                               - Undefined Weak Reference
    _init_user_alloc                          - Undefined Weak Reference
    _initio                                   - Undefined Weak Reference
    _rand_init                                - Undefined Weak Reference
    _signal_finish                            - Undefined Weak Reference
    _signal_init                              - Undefined Weak Reference
    _terminate_alloc                          - Undefined Weak Reference
    _terminate_user_alloc                     - Undefined Weak Reference
    _terminateio                              - Undefined Weak Reference
    __Vectors_Size                           0x000000ec   Number         0  startup_stm32f10x_md.o ABSOLUTE
    __Vectors                                0x08000000   Data           4  startup_stm32f10x_md.o(RESET)
    __Vectors_End                            0x080000ec   Data           0  startup_stm32f10x_md.o(RESET)
    __main                                   0x080000ed   Thumb Code     8  __main.o(!!!main)
    __scatterload                            0x080000f5   Thumb Code     0  __scatter.o(!!!scatter)
    __scatterload_rt2                        0x080000f5   Thumb Code    44  __scatter.o(!!!scatter)
    __scatterload_rt2_thumb_only             0x080000f5   Thumb Code     0  __scatter.o(!!!scatter)
    __scatterload_null                       0x08000103   Thumb Code     0  __scatter.o(!!!scatter)
    __scatterload_copy                       0x08000129   Thumb Code    26  __scatter_copy.o(!!handler_copy)
    __scatterload_zeroinit                   0x08000145   Thumb Code    28  __scatter_zi.o(!!handler_zi)
    __rt_lib_init                            0x08000161   Thumb Code     0  libinit.o(.ARM.Collect$$libinit$$00000000)
    __rt_lib_init_alloca_1                   0x08000163   Thumb Code     0  libinit2.o(.ARM.Collect$$libinit$$0000002E)
    __rt_lib_init_argv_1                     0x08000163   Thumb Code     0  libinit2.o(.ARM.Collect$$libinit$$0000002C)
    __rt_lib_init_atexit_1                   0x08000163   Thumb Code     0  libinit2.o(.ARM.Collect$$libinit$$0000001B)
    __rt_lib_init_clock_1                    0x08000163   Thumb Code     0  libinit2.o(.ARM.Collect$$libinit$$00000021)
    __rt_lib_init_cpp_1                      0x08000163   Thumb Code     0  libinit2.o(.ARM.Collect$$libinit$$00000032)
    __rt_lib_init_exceptions_1               0x08000163   Thumb Code     0  libinit2.o(.ARM.Collect$$libinit$$00000030)
    __rt_lib_init_fp_1                       0x08000163   Thumb Code     0  libinit2.o(.ARM.Collect$$libinit$$00000002)
    __rt_lib_init_fp_trap_1                  0x08000163   Thumb Code     0  libinit2.o(.ARM.Collect$$libinit$$0000001F)
    __rt_lib_init_getenv_1                   0x08000163   Thumb Code     0  libinit2.o(.ARM.Collect$$libinit$$00000023)
    __rt_lib_init_heap_1                     0x08000163   Thumb Code     0  libinit2.o(.ARM.Collect$$libinit$$0000000A)
    __rt_lib_init_lc_collate_1               0x08000163   Thumb Code     0  libinit2.o(.ARM.Collect$$libinit$$00000011)
    __rt_lib_init_lc_ctype_1                 0x08000163   Thumb Code     0  libinit2.o(.ARM.Collect$$libinit$$00000013)
    __rt_lib_init_lc_monetary_1              0x08000163   Thumb Code     0  libinit2.o(.ARM.Collect$$libinit$$00000015)
    __rt_lib_init_lc_numeric_1               0x08000163   Thumb Code     0  libinit2.o(.ARM.Collect$$libinit$$00000017)
    __rt_lib_init_lc_time_1                  0x08000163   Thumb Code     0  libinit2.o(.ARM.Collect$$libinit$$00000019)
    __rt_lib_init_preinit_1                  0x08000163   Thumb Code     0  libinit2.o(.ARM.Collect$$libinit$$00000004)
    __rt_lib_init_rand_1                     0x08000163   Thumb Code     0  libinit2.o(.ARM.Collect$$libinit$$0000000E)
    __rt_lib_init_return                     0x08000163   Thumb Code     0  libinit2.o(.ARM.Collect$$libinit$$00000033)
    __rt_lib_init_signal_1                   0x08000163   Thumb Code     0  libinit2.o(.ARM.Collect$$libinit$$0000001D)
    __rt_lib_init_stdio_1                    0x08000163   Thumb Code     0  libinit2.o(.ARM.Collect$$libinit$$00000025)
    __rt_lib_init_user_alloc_1               0x08000163   Thumb Code     0  libinit2.o(.ARM.Collect$$libinit$$0000000C)
    __rt_lib_shutdown                        0x08000165   Thumb Code     0  libshutdown.o(.ARM.Collect$$libshutdown$$00000000)
    __rt_lib_shutdown_cpp_1                  0x08000167   Thumb Code     0  libshutdown2.o(.ARM.Collect$$libshutdown$$00000002)
    __rt_lib_shutdown_fp_trap_1              0x08000167   Thumb Code     0  libshutdown2.o(.ARM.Collect$$libshutdown$$00000007)
    __rt_lib_shutdown_heap_1                 0x08000167   Thumb Code     0  libshutdown2.o(.ARM.Collect$$libshutdown$$0000000F)
    __rt_lib_shutdown_return                 0x08000167   Thumb Code     0  libshutdown2.o(.ARM.Collect$$libshutdown$$00000010)
    __rt_lib_shutdown_signal_1               0x08000167   Thumb Code     0  libshutdown2.o(.ARM.Collect$$libshutdown$$0000000A)
    __rt_lib_shutdown_stdio_1                0x08000167   Thumb Code     0  libshutdown2.o(.ARM.Collect$$libshutdown$$00000004)
    __rt_lib_shutdown_user_alloc_1           0x08000167   Thumb Code     0  libshutdown2.o(.ARM.Collect$$libshutdown$$0000000C)
    __rt_entry                               0x08000169   Thumb Code     0  __rtentry.o(.ARM.Collect$$rtentry$$00000000)
    __rt_entry_presh_1                       0x08000169   Thumb Code     0  __rtentry2.o(.ARM.Collect$$rtentry$$00000002)
    __rt_entry_sh                            0x08000169   Thumb Code     0  __rtentry4.o(.ARM.Collect$$rtentry$$00000004)
    __rt_entry_li                            0x0800016f   Thumb Code     0  __rtentry2.o(.ARM.Collect$$rtentry$$0000000A)
    __rt_entry_postsh_1                      0x0800016f   Thumb Code     0  __rtentry2.o(.ARM.Collect$$rtentry$$00000009)
    __rt_entry_main                          0x08000173   Thumb Code     0  __rtentry2.o(.ARM.Collect$$rtentry$$0000000D)
    __rt_entry_postli_1                      0x08000173   Thumb Code     0  __rtentry2.o(.ARM.Collect$$rtentry$$0000000C)
    __rt_exit                                0x0800017b   Thumb Code     0  rtexit.o(.ARM.Collect$$rtexit$$00000000)
    __rt_exit_ls                             0x0800017d   Thumb Code     0  rtexit2.o(.ARM.Collect$$rtexit$$00000003)
    __rt_exit_prels_1                        0x0800017d   Thumb Code     0  rtexit2.o(.ARM.Collect$$rtexit$$00000002)
    __rt_exit_exit                           0x08000181   Thumb Code     0  rtexit2.o(.ARM.Collect$$rtexit$$00000004)
    vPortSVCHandler                          0x08000189   Thumb Code    32  port.o(.emb_text)
    __asm___6_port_c_39a90d8d__prvStartFirstTask 0x080001ad   Thumb Code    28  port.o(.emb_text)
    xPortPendSVHandler                       0x080001cd   Thumb Code    64  port.o(.emb_text)
    ulPortSetInterruptMask                   0x08000211   Thumb Code    14  port.o(.emb_text)
    vPortClearInterruptMask                  0x0800021f   Thumb Code     6  port.o(.emb_text)
    vPortGetIPSR                             0x08000225   Thumb Code     6  port.o(.emb_text)
    Reset_Handler                            0x0800022d   Thumb Code     8  startup_stm32f10x_md.o(.text)
    NMI_Handler                              0x08000235   Thumb Code     2  startup_stm32f10x_md.o(.text)
    HardFault_Handler                        0x08000237   Thumb Code     2  startup_stm32f10x_md.o(.text)
    MemManage_Handler                        0x08000239   Thumb Code     2  startup_stm32f10x_md.o(.text)
    BusFault_Handler                         0x0800023b   Thumb Code     2  startup_stm32f10x_md.o(.text)
    UsageFault_Handler                       0x0800023d   Thumb Code     2  startup_stm32f10x_md.o(.text)
    SVC_Handler                              0x0800023f   Thumb Code     2  startup_stm32f10x_md.o(.text)
    DebugMon_Handler                         0x08000241   Thumb Code     2  startup_stm32f10x_md.o(.text)
    PendSV_Handler                           0x08000243   Thumb Code     2  startup_stm32f10x_md.o(.text)
    SysTick_Handler                          0x08000245   Thumb Code     2  startup_stm32f10x_md.o(.text)
    ADC1_2_IRQHandler                        0x08000247   Thumb Code     0  startup_stm32f10x_md.o(.text)
    CAN1_RX1_IRQHandler                      0x08000247   Thumb Code     0  startup_stm32f10x_md.o(.text)
    CAN1_SCE_IRQHandler                      0x08000247   Thumb Code     0  startup_stm32f10x_md.o(.text)
    EXTI0_IRQHandler                         0x08000247   Thumb Code     0  startup_stm32f10x_md.o(.text)
    EXTI15_10_IRQHandler                     0x08000247   Thumb Code     0  startup_stm32f10x_md.o(.text)
    EXTI1_IRQHandler                         0x08000247   Thumb Code     0  startup_stm32f10x_md.o(.text)
    EXTI2_IRQHandler                         0x08000247   Thumb Code     0  startup_stm32f10x_md.o(.text)
    EXTI3_IRQHandler                         0x08000247   Thumb Code     0  startup_stm32f10x_md.o(.text)
    EXTI4_IRQHandler                         0x08000247   Thumb Code     0  startup_stm32f10x_md.o(.text)
    EXTI9_5_IRQHandler                       0x08000247   Thumb Code     0  startup_stm32f10x_md.o(.text)
    FLASH_IRQHandler                         0x08000247   Thumb Code     0  startup_stm32f10x_md.o(.text)
    I2C1_ER_IRQHandler                       0x08000247   Thumb Code     0  startup_stm32f10x_md.o(.text)
    I2C1_EV_IRQHandler                       0x08000247   Thumb Code     0  startup_stm32f10x_md.o(.text)
    I2C2_ER_IRQHandler                       0x08000247   Thumb Code     0  startup_stm32f10x_md.o(.text)
    I2C2_EV_IRQHandler                       0x08000247   Thumb Code     0  startup_stm32f10x_md.o(.text)
    PVD_IRQHandler                           0x08000247   Thumb Code     0  startup_stm32f10x_md.o(.text)
    RCC_IRQHandler                           0x08000247   Thumb Code     0  startup_stm32f10x_md.o(.text)
    RTCAlarm_IRQHandler                      0x08000247   Thumb Code     0  startup_stm32f10x_md.o(.text)
    RTC_IRQHandler                           0x08000247   Thumb Code     0  startup_stm32f10x_md.o(.text)
    SPI1_IRQHandler                          0x08000247   Thumb Code     0  startup_stm32f10x_md.o(.text)
    SPI2_IRQHandler                          0x08000247   Thumb Code     0  startup_stm32f10x_md.o(.text)
    TAMPER_IRQHandler                        0x08000247   Thumb Code     0  startup_stm32f10x_md.o(.text)
    TIM1_BRK_IRQHandler                      0x08000247   Thumb Code     0  startup_stm32f10x_md.o(.text)
    TIM1_CC_IRQHandler                       0x08000247   Thumb Code     0  startup_stm32f10x_md.o(.text)
    TIM1_TRG_COM_IRQHandler                  0x08000247   Thumb Code     0  startup_stm32f10x_md.o(.text)
    TIM1_UP_IRQHandler                       0x08000247   Thumb Code     0  startup_stm32f10x_md.o(.text)
    TIM2_IRQHandler                          0x08000247   Thumb Code     0  startup_stm32f10x_md.o(.text)
    TIM3_IRQHandler                          0x08000247   Thumb Code     0  startup_stm32f10x_md.o(.text)
    TIM4_IRQHandler                          0x08000247   Thumb Code     0  startup_stm32f10x_md.o(.text)
    USART3_IRQHandler                        0x08000247   Thumb Code     0  startup_stm32f10x_md.o(.text)
    USBWakeUp_IRQHandler                     0x08000247   Thumb Code     0  startup_stm32f10x_md.o(.text)
    USB_HP_CAN1_TX_IRQHandler                0x08000247   Thumb Code     0  startup_stm32f10x_md.o(.text)
    USB_LP_CAN1_RX0_IRQHandler               0x08000247   Thumb Code     0  startup_stm32f10x_md.o(.text)
    WWDG_IRQHandler                          0x08000247   Thumb Code     0  startup_stm32f10x_md.o(.text)
    __user_initial_stackheap                 0x08000249   Thumb Code     0  startup_stm32f10x_md.o(.text)
    __use_two_region_memory                  0x0800026d   Thumb Code     2  heapauxi.o(.text)
    __rt_heap_escrow$2region                 0x0800026f   Thumb Code     2  heapauxi.o(.text)
    __rt_heap_expand$2region                 0x08000271   Thumb Code     2  heapauxi.o(.text)
    __user_setup_stackheap                   0x08000273   Thumb Code    74  sys_stackheap_outer.o(.text)
    exit                                     0x080002bd   Thumb Code    18  exit.o(.text)
    __user_libspace                          0x080002d1   Thumb Code     8  libspace.o(.text)
    __user_perproc_libspace                  0x080002d1   Thumb Code     0  libspace.o(.text)
    __user_perthread_libspace                0x080002d1   Thumb Code     0  libspace.o(.text)
    _sys_exit                                0x080002d9   Thumb Code     8  sys_exit.o(.text)
    __I$use$semihosting                      0x080002e5   Thumb Code     0  use_no_semi.o(.text)
    __use_no_semihosting_swi                 0x080002e5   Thumb Code     2  use_no_semi.o(.text)
    ADC_Cmd                                  0x080002e7   Thumb Code    22  stm32f10x_adc.o(i.ADC_Cmd)
    __semihosting_library_function           0x080002e7   Thumb Code     0  indicate_semi.o(.text)
    ADC_Configuration                        0x080002fd   Thumb Code   282  adc.o(i.ADC_Configuration)
    ADC_DMACmd                               0x08000429   Thumb Code    22  stm32f10x_adc.o(i.ADC_DMACmd)
    ADC_GetCalibrationStatus                 0x0800043f   Thumb Code    20  stm32f10x_adc.o(i.ADC_GetCalibrationStatus)
    ADC_GetResetCalibrationStatus            0x08000453   Thumb Code    20  stm32f10x_adc.o(i.ADC_GetResetCalibrationStatus)
    ADC_Init                                 0x08000469   Thumb Code    70  stm32f10x_adc.o(i.ADC_Init)
    ADC_RegularChannelConfig                 0x080004b9   Thumb Code   184  stm32f10x_adc.o(i.ADC_RegularChannelConfig)
    ADC_ResetCalibration                     0x08000571   Thumb Code    10  stm32f10x_adc.o(i.ADC_ResetCalibration)
    ADC_SoftwareStartConvCmd                 0x0800057b   Thumb Code    22  stm32f10x_adc.o(i.ADC_SoftwareStartConvCmd)
    ADC_StartCalibration                     0x08000591   Thumb Code    10  stm32f10x_adc.o(i.ADC_StartCalibration)
    BSP_Init                                 0x0800059b   Thumb Code    44  main.o(i.BSP_Init)
    BSP_Task                                 0x080005c9   Thumb Code    62  main.o(i.BSP_Task)
    Clamp_Card                               0x0800062d   Thumb Code    22  finger.o(i.Clamp_Card)
    Cloth_Gesture                            0x08000649   Thumb Code    64  finger.o(i.Cloth_Gesture)
    DMA1_Channel1_Event                      0x08000691   Thumb Code     2  dma_stm32f10x.o(i.DMA1_Channel1_Event)
    DMA1_Channel1_IRQHandler                 0x08000695   Thumb Code    22  dma_stm32f10x.o(i.DMA1_Channel1_IRQHandler)
    DMA1_Channel2_Event                      0x080006b1   Thumb Code     2  dma_stm32f10x.o(i.DMA1_Channel2_Event)
    DMA1_Channel2_IRQHandler                 0x080006b5   Thumb Code    24  dma_stm32f10x.o(i.DMA1_Channel2_IRQHandler)
    DMA1_Channel3_Event                      0x080006d1   Thumb Code     2  dma_stm32f10x.o(i.DMA1_Channel3_Event)
    DMA1_Channel3_IRQHandler                 0x080006d5   Thumb Code    24  dma_stm32f10x.o(i.DMA1_Channel3_IRQHandler)
    DMA1_Channel4_Event                      0x080006f1   Thumb Code     2  dma_stm32f10x.o(i.DMA1_Channel4_Event)
    DMA1_Channel4_IRQHandler                 0x080006f5   Thumb Code    24  dma_stm32f10x.o(i.DMA1_Channel4_IRQHandler)
    DMA1_Channel5_Event                      0x08000711   Thumb Code     2  dma_stm32f10x.o(i.DMA1_Channel5_Event)
    DMA1_Channel5_IRQHandler                 0x08000715   Thumb Code    24  dma_stm32f10x.o(i.DMA1_Channel5_IRQHandler)
    DMA1_Channel6_Event                      0x08000731   Thumb Code     2  dma_stm32f10x.o(i.DMA1_Channel6_Event)
    DMA1_Channel6_IRQHandler                 0x08000735   Thumb Code    24  dma_stm32f10x.o(i.DMA1_Channel6_IRQHandler)
    DMA1_Channel7_Event                      0x08000751   Thumb Code     2  dma_stm32f10x.o(i.DMA1_Channel7_Event)
    DMA1_Channel7_IRQHandler                 0x08000755   Thumb Code    24  dma_stm32f10x.o(i.DMA1_Channel7_IRQHandler)
    DMA_Cmd                                  0x08000771   Thumb Code    24  stm32f10x_dma.o(i.DMA_Cmd)
    DMA_DeInit                               0x08000789   Thumb Code   324  stm32f10x_dma.o(i.DMA_DeInit)
    DMA_ITConfig                             0x080008d5   Thumb Code    18  stm32f10x_dma.o(i.DMA_ITConfig)
    DMA_Init                                 0x080008e7   Thumb Code    60  stm32f10x_dma.o(i.DMA_Init)
    DataOPE                                  0x08000925   Thumb Code   546  dynamixel.o(i.DataOPE)
    Detect_CMD                               0x08000b4d   Thumb Code    50  dynamixel.o(i.Detect_CMD)
    Dynamixel_Set_Task                       0x08000b81   Thumb Code   380  main.o(i.Dynamixel_Set_Task)
    FastReset                                0x08000d25   Thumb Code    64  finger.o(i.FastReset)
    Function_Control                         0x08000d69   Thumb Code   590  main.o(i.Function_Control)
    GPIO_Init                                0x0800108d   Thumb Code   278  stm32f10x_gpio.o(i.GPIO_Init)
    GPIO_ResetBits                           0x080011a3   Thumb Code     4  stm32f10x_gpio.o(i.GPIO_ResetBits)
    GPIO_SetBits                             0x080011a7   Thumb Code     4  stm32f10x_gpio.o(i.GPIO_SetBits)
    GrabCup                                  0x080011ad   Thumb Code   136  finger.o(i.GrabCup)
    Hand_Open                                0x0800124d   Thumb Code   118  finger.o(i.Hand_Open)
    Hand_Reset                               0x080012d1   Thumb Code   152  finger.o(i.Hand_Reset)
    LED_Configuration                        0x08001375   Thumb Code    50  main.o(i.LED_Configuration)
    NVIC_Init                                0x080013ad   Thumb Code   100  misc.o(i.NVIC_Init)
    NVIC_PriorityGroupConfig                 0x0800141d   Thumb Code    10  misc.o(i.NVIC_PriorityGroupConfig)
    RCC_ADCCLKConfig                         0x08001431   Thumb Code    18  stm32f10x_rcc.o(i.RCC_ADCCLKConfig)
    RCC_AHBPeriphClockCmd                    0x08001449   Thumb Code    26  stm32f10x_rcc.o(i.RCC_AHBPeriphClockCmd)
    RCC_APB1PeriphClockCmd                   0x08001469   Thumb Code    26  stm32f10x_rcc.o(i.RCC_APB1PeriphClockCmd)
    RCC_APB2PeriphClockCmd                   0x08001489   Thumb Code    26  stm32f10x_rcc.o(i.RCC_APB2PeriphClockCmd)
    RCC_GetClocksFreq                        0x080014a9   Thumb Code   192  stm32f10x_rcc.o(i.RCC_GetClocksFreq)
    ReadData                                 0x0800157d   Thumb Code   114  dynamixel.o(i.ReadData)
    ReadDataS                                0x080015f5   Thumb Code   166  dynamixel.o(i.ReadDataS)
    Receive_Cmd_TTL                          0x080016a1   Thumb Code   284  usart_for_dynamixel.o(i.Receive_Cmd_TTL)
    Receive_Data                             0x080017c5   Thumb Code    42  usart_for_dynamixel.o(i.Receive_Data)
    Receive_Data_485                         0x080017f1   Thumb Code   384  usart_for_dynamixel.o(i.Receive_Data_485)
    Receive_Data_TTL                         0x08001979   Thumb Code   460  usart_for_dynamixel.o(i.Receive_Data_TTL)
    SYNC_Finger                              0x08001b4d   Thumb Code   508  dynamixel.o(i.SYNC_Finger)
    Scissors_Gesture                         0x08001d59   Thumb Code    64  finger.o(i.Scissors_Gesture)
    Send_Array_TTL                           0x08001da5   Thumb Code   108  usart_for_dynamixel.o(i.Send_Array_TTL)
    Send_Data_TTL                            0x08001e19   Thumb Code   164  usart_for_dynamixel.o(i.Send_Data_TTL)
    Set_Baud_Rate                            0x08001fa5   Thumb Code    20  dynamixel.o(i.Set_Baud_Rate)
    Set_Goal_Value                           0x08001fb9   Thumb Code    24  dynamixel.o(i.Set_Goal_Value)
    Set_Return_Level                         0x08001fd1   Thumb Code    20  dynamixel.o(i.Set_Return_Level)
    Set_XL_LED                               0x08001fe5   Thumb Code    20  dynamixel.o(i.Set_XL_LED)
    Single_Finger                            0x08001ff9   Thumb Code    66  finger.o(i.Single_Finger)
    Stone_Gesture                            0x08002045   Thumb Code    52  finger.o(i.Stone_Gesture)
    SystemInit                               0x08002081   Thumb Code    78  system_stm32f10x.o(i.SystemInit)
    Three_Finger                             0x080020e1   Thumb Code    22  finger.o(i.Three_Finger)
    USART1_IRQHandler                        0x080020fd   Thumb Code    56  usart_for_dynamixel.o(i.USART1_IRQHandler)
    USART2_IRQHandler                        0x0800213d   Thumb Code    56  usart_for_dynamixel.o(i.USART2_IRQHandler)
    USART2_Init                              0x0800217d   Thumb Code   200  usart_for_dynamixel.o(i.USART2_Init)
    USART_Cmd                                0x0800224d   Thumb Code    24  stm32f10x_usart.o(i.USART_Cmd)
    USART_GetFlagStatus                      0x08002265   Thumb Code    26  stm32f10x_usart.o(i.USART_GetFlagStatus)
    USART_ITConfig                           0x0800227f   Thumb Code    74  stm32f10x_usart.o(i.USART_ITConfig)
    USART_Init                               0x080022c9   Thumb Code   210  stm32f10x_usart.o(i.USART_Init)
    USART_ReceiveData                        0x080023a1   Thumb Code    10  stm32f10x_usart.o(i.USART_ReceiveData)
    USART_SendData                           0x080023ab   Thumb Code     8  stm32f10x_usart.o(i.USART_SendData)
    USART_TTL_Init                           0x080023b5   Thumb Code   204  usart_for_dynamixel.o(i.USART_TTL_Init)
    Value_Reset                              0x08002489   Thumb Code    22  main.o(i.Value_Reset)
    Vertical_Hold                            0x080024a5   Thumb Code   132  finger.o(i.Vertical_Hold)
    WriteData                                0x0800253d   Thumb Code   266  dynamixel.o(i.WriteData)
    main                                     0x0800264d   Thumb Code    34  main.o(i.main)
    pvPortMalloc                             0x080028d5   Thumb Code   166  heap_2.o(i.pvPortMalloc)
    pxPortInitialiseStack                    0x0800298d   Thumb Code    26  port.o(i.pxPortInitialiseStack)
    update_crc                               0x080029ad   Thumb Code    38  usart_for_dynamixel.o(i.update_crc)
    uxListRemove                             0x080029d9   Thumb Code    40  list.o(i.uxListRemove)
    vListInitialise                          0x08002a01   Thumb Code    26  list.o(i.vListInitialise)
    vListInitialiseItem                      0x08002a1b   Thumb Code     6  list.o(i.vListInitialiseItem)
    vListInsert                              0x08002a21   Thumb Code    52  list.o(i.vListInsert)
    vListInsertEnd                           0x08002a55   Thumb Code    24  list.o(i.vListInsertEnd)
    vPortEnterCritical                       0x08002a6d   Thumb Code    26  port.o(i.vPortEnterCritical)
    vPortExitCritical                        0x08002a8d   Thumb Code    26  port.o(i.vPortExitCritical)
    vPortFree                                0x08002aad   Thumb Code    56  heap_2.o(i.vPortFree)
    vPortSetupTimerInterrupt                 0x08002aed   Thumb Code    16  port.o(i.vPortSetupTimerInterrupt)
    vPortYield                               0x08002afd   Thumb Code    18  port.o(i.vPortYield)
    vTaskDelay                               0x08002b15   Thumb Code    72  tasks.o(i.vTaskDelay)
    vTaskDelete                              0x08002b69   Thumb Code   138  tasks.o(i.vTaskDelete)
    vTaskStartScheduler                      0x08002c11   Thumb Code    52  tasks.o(i.vTaskStartScheduler)
    vTaskSuspendAll                          0x08002c59   Thumb Code    12  tasks.o(i.vTaskSuspendAll)
    vTaskSwitchContext                       0x08002c69   Thumb Code    76  tasks.o(i.vTaskSwitchContext)
    xPortStartScheduler                      0x08002cc9   Thumb Code    42  port.o(i.xPortStartScheduler)
    xPortSysTickHandler                      0x08002cfd   Thumb Code    28  port.o(i.xPortSysTickHandler)
    xTaskGenericCreate                       0x08002d1d   Thumb Code   226  tasks.o(i.xTaskGenericCreate)
    xTaskIncrementTick                       0x08002e19   Thumb Code   242  tasks.o(i.xTaskIncrementTick)
    xTaskResumeAll                           0x08002f39   Thumb Code   186  tasks.o(i.xTaskResumeAll)
    __aeabi_d2f                              0x08003015   Thumb Code     0  d2f.o(x$fpl$d2f)
    _d2f                                     0x08003015   Thumb Code    98  d2f.o(x$fpl$d2f)
    __aeabi_dmul                             0x08003079   Thumb Code     0  dmul.o(x$fpl$dmul)
    _dmul                                    0x08003079   Thumb Code   332  dmul.o(x$fpl$dmul)
    __fpl_dnaninf                            0x080031cd   Thumb Code   156  dnaninf.o(x$fpl$dnaninf)
    __fpl_dretinf                            0x08003269   Thumb Code    12  dretinf.o(x$fpl$dretinf)
    __aeabi_f2d                              0x08003275   Thumb Code     0  f2d.o(x$fpl$f2d)
    _f2d                                     0x08003275   Thumb Code    86  f2d.o(x$fpl$f2d)
    __aeabi_fadd                             0x080032cd   Thumb Code     0  faddsub_clz.o(x$fpl$fadd)
    _fadd                                    0x080032cd   Thumb Code   196  faddsub_clz.o(x$fpl$fadd)
    __fpl_fcmp_Inf                           0x08003391   Thumb Code    24  fcmpi.o(x$fpl$fcmpinf)
    __aeabi_fdiv                             0x080033a9   Thumb Code     0  fdiv.o(x$fpl$fdiv)
    _fdiv                                    0x080033a9   Thumb Code   384  fdiv.o(x$fpl$fdiv)
    __aeabi_cfcmpeq                          0x0800352d   Thumb Code     0  feqf.o(x$fpl$feqf)
    _fcmpeq                                  0x0800352d   Thumb Code   104  feqf.o(x$fpl$feqf)
    __aeabi_f2uiz                            0x08003595   Thumb Code     0  ffixu.o(x$fpl$ffixu)
    _ffixu                                   0x08003595   Thumb Code    62  ffixu.o(x$fpl$ffixu)
    __aeabi_ui2f                             0x080035d5   Thumb Code     0  fflt_clz.o(x$fpl$ffltu)
    _ffltu                                   0x080035d5   Thumb Code    38  fflt_clz.o(x$fpl$ffltu)
    __aeabi_fmul                             0x080035fd   Thumb Code     0  fmul.o(x$fpl$fmul)
    _fmul                                    0x080035fd   Thumb Code   258  fmul.o(x$fpl$fmul)
    __fpl_fnaninf                            0x080036ff   Thumb Code   140  fnaninf.o(x$fpl$fnaninf)
    __fpl_fretinf                            0x0800378b   Thumb Code    10  fretinf.o(x$fpl$fretinf)
    __aeabi_frsub                            0x08003795   Thumb Code     0  faddsub_clz.o(x$fpl$frsb)
    _frsb                                    0x08003795   Thumb Code    20  faddsub_clz.o(x$fpl$frsb)
    __aeabi_fsub                             0x080037a9   Thumb Code     0  faddsub_clz.o(x$fpl$fsub)
    _fsub                                    0x080037a9   Thumb Code   234  faddsub_clz.o(x$fpl$fsub)
    Addr                                     0x08003892   Data          62  dynamixel.o(.constdata)
    __I$use$fp                               0x08003892   Number         0  usenofp.o(x$fpl$usenofp)
    Region$$Table$$Base                      0x08003ad0   Number         0  anon$$obj.o(Region$$Table)
    Region$$Table$$Limit                     0x08003af0   Number         0  anon$$obj.o(Region$$Table)
    Action_Function                          0x20000000   Data           1  main.o(.data)
    Function_Select                          0x20000001   Data           1  main.o(.data)
    Delay_Time_Set                           0x20000002   Data           2  main.o(.data)
    Respond_Dynl                             0x20000004   Data           4  main.o(.data)
    gPos                                     0x2000000c   Data           4  main.o(.data)
    ADC_ConvertedValue                       0x20000014   Data           6  adc.o(.data)
    ADC_ConvertedTime                        0x2000001c   Data           4  adc.o(.data)
    realtimeVoltage                          0x20000020   Data           4  adc.o(.data)
    EndPos1                                  0x20000024   Data           4  finger.o(.data)
    EndPos2                                  0x20000028   Data           4  finger.o(.data)
    EndPos3                                  0x2000002c   Data           4  finger.o(.data)
    pxCurrentTCB                             0x2000004c   Data           4  tasks.o(.data)
    Finish_Flag                              0x20000098   Data          20  main.o(.bss)
    ADC_ConvertedValueLocal                  0x200000c0   Data          24  main.o(.bss)
    Dynl_Init                                0x200000d8   Data          24  dynamixel.o(.bss)
    Present_Status                           0x200000f0   Data          16  dynamixel.o(.bss)
    Goal                                     0x20000100   Data          20  dynamixel.o(.bss)
    Receive_Que                              0x20000114   Data         102  usart_for_dynamixel.o(.bss)
    Receive_Que_TTL                          0x2000017a   Data         102  usart_for_dynamixel.o(.bss)
    __libspace_start                         0x200046f0   Data          96  libspace.o(.bss)
    __temporary_stack_top$libspace           0x20004750   Data           0  libspace.o(.bss)



==============================================================================

Memory Map of the image

  Image Entry point : 0x080000ed

  Load Region LR_IROM1 (Base: 0x08000000, Size: 0x00003b88, Max: 0x00010000, ABSOLUTE)

    Execution Region ER_IROM1 (Base: 0x08000000, Size: 0x00003af0, Max: 0x00010000, ABSOLUTE)

    Base Addr    Size         Type   Attr      Idx    E Section Name        Object

    0x08000000   0x000000ec   Data   RO         2956    RESET               startup_stm32f10x_md.o
    0x080000ec   0x00000008   Code   RO         3013  * !!!main             c_w.l(__main.o)
    0x080000f4   0x00000034   Code   RO         3213    !!!scatter          c_w.l(__scatter.o)
    0x08000128   0x0000001a   Code   RO         3215    !!handler_copy      c_w.l(__scatter_copy.o)
    0x08000142   0x00000002   PAD
    0x08000144   0x0000001c   Code   RO         3217    !!handler_zi        c_w.l(__scatter_zi.o)
    0x08000160   0x00000002   Code   RO         3083    .ARM.Collect$$libinit$$00000000  c_w.l(libinit.o)
    0x08000162   0x00000000   Code   RO         3090    .ARM.Collect$$libinit$$00000002  c_w.l(libinit2.o)
    0x08000162   0x00000000   Code   RO         3092    .ARM.Collect$$libinit$$00000004  c_w.l(libinit2.o)
    0x08000162   0x00000000   Code   RO         3095    .ARM.Collect$$libinit$$0000000A  c_w.l(libinit2.o)
    0x08000162   0x00000000   Code   RO         3097    .ARM.Collect$$libinit$$0000000C  c_w.l(libinit2.o)
    0x08000162   0x00000000   Code   RO         3099    .ARM.Collect$$libinit$$0000000E  c_w.l(libinit2.o)
    0x08000162   0x00000000   Code   RO         3102    .ARM.Collect$$libinit$$00000011  c_w.l(libinit2.o)
    0x08000162   0x00000000   Code   RO         3104    .ARM.Collect$$libinit$$00000013  c_w.l(libinit2.o)
    0x08000162   0x00000000   Code   RO         3106    .ARM.Collect$$libinit$$00000015  c_w.l(libinit2.o)
    0x08000162   0x00000000   Code   RO         3108    .ARM.Collect$$libinit$$00000017  c_w.l(libinit2.o)
    0x08000162   0x00000000   Code   RO         3110    .ARM.Collect$$libinit$$00000019  c_w.l(libinit2.o)
    0x08000162   0x00000000   Code   RO         3112    .ARM.Collect$$libinit$$0000001B  c_w.l(libinit2.o)
    0x08000162   0x00000000   Code   RO         3114    .ARM.Collect$$libinit$$0000001D  c_w.l(libinit2.o)
    0x08000162   0x00000000   Code   RO         3116    .ARM.Collect$$libinit$$0000001F  c_w.l(libinit2.o)
    0x08000162   0x00000000   Code   RO         3118    .ARM.Collect$$libinit$$00000021  c_w.l(libinit2.o)
    0x08000162   0x00000000   Code   RO         3120    .ARM.Collect$$libinit$$00000023  c_w.l(libinit2.o)
    0x08000162   0x00000000   Code   RO         3122    .ARM.Collect$$libinit$$00000025  c_w.l(libinit2.o)
    0x08000162   0x00000000   Code   RO         3126    .ARM.Collect$$libinit$$0000002C  c_w.l(libinit2.o)
    0x08000162   0x00000000   Code   RO         3128    .ARM.Collect$$libinit$$0000002E  c_w.l(libinit2.o)
    0x08000162   0x00000000   Code   RO         3130    .ARM.Collect$$libinit$$00000030  c_w.l(libinit2.o)
    0x08000162   0x00000000   Code   RO         3132    .ARM.Collect$$libinit$$00000032  c_w.l(libinit2.o)
    0x08000162   0x00000002   Code   RO         3133    .ARM.Collect$$libinit$$00000033  c_w.l(libinit2.o)
    0x08000164   0x00000002   Code   RO         3153    .ARM.Collect$$libshutdown$$00000000  c_w.l(libshutdown.o)
    0x08000166   0x00000000   Code   RO         3166    .ARM.Collect$$libshutdown$$00000002  c_w.l(libshutdown2.o)
    0x08000166   0x00000000   Code   RO         3168    .ARM.Collect$$libshutdown$$00000004  c_w.l(libshutdown2.o)
    0x08000166   0x00000000   Code   RO         3171    .ARM.Collect$$libshutdown$$00000007  c_w.l(libshutdown2.o)
    0x08000166   0x00000000   Code   RO         3174    .ARM.Collect$$libshutdown$$0000000A  c_w.l(libshutdown2.o)
    0x08000166   0x00000000   Code   RO         3176    .ARM.Collect$$libshutdown$$0000000C  c_w.l(libshutdown2.o)
    0x08000166   0x00000000   Code   RO         3179    .ARM.Collect$$libshutdown$$0000000F  c_w.l(libshutdown2.o)
    0x08000166   0x00000002   Code   RO         3180    .ARM.Collect$$libshutdown$$00000010  c_w.l(libshutdown2.o)
    0x08000168   0x00000000   Code   RO         3045    .ARM.Collect$$rtentry$$00000000  c_w.l(__rtentry.o)
    0x08000168   0x00000000   Code   RO         3060    .ARM.Collect$$rtentry$$00000002  c_w.l(__rtentry2.o)
    0x08000168   0x00000006   Code   RO         3072    .ARM.Collect$$rtentry$$00000004  c_w.l(__rtentry4.o)
    0x0800016e   0x00000000   Code   RO         3062    .ARM.Collect$$rtentry$$00000009  c_w.l(__rtentry2.o)
    0x0800016e   0x00000004   Code   RO         3063    .ARM.Collect$$rtentry$$0000000A  c_w.l(__rtentry2.o)
    0x08000172   0x00000000   Code   RO         3065    .ARM.Collect$$rtentry$$0000000C  c_w.l(__rtentry2.o)
    0x08000172   0x00000008   Code   RO         3066    .ARM.Collect$$rtentry$$0000000D  c_w.l(__rtentry2.o)
    0x0800017a   0x00000002   Code   RO         3087    .ARM.Collect$$rtexit$$00000000  c_w.l(rtexit.o)
    0x0800017c   0x00000000   Code   RO         3135    .ARM.Collect$$rtexit$$00000002  c_w.l(rtexit2.o)
    0x0800017c   0x00000004   Code   RO         3136    .ARM.Collect$$rtexit$$00000003  c_w.l(rtexit2.o)
    0x08000180   0x00000006   Code   RO         3137    .ARM.Collect$$rtexit$$00000004  c_w.l(rtexit2.o)
    0x08000186   0x00000002   PAD
    0x08000188   0x000000a2   Code   RO          681    .emb_text           port.o
    0x0800022a   0x00000002   PAD
    0x0800022c   0x00000040   Code   RO         2957    .text               startup_stm32f10x_md.o
    0x0800026c   0x00000006   Code   RO         3011    .text               c_w.l(heapauxi.o)
    0x08000272   0x0000004a   Code   RO         3074    .text               c_w.l(sys_stackheap_outer.o)
    0x080002bc   0x00000012   Code   RO         3076    .text               c_w.l(exit.o)
    0x080002ce   0x00000002   PAD
    0x080002d0   0x00000008   Code   RO         3084    .text               c_w.l(libspace.o)
    0x080002d8   0x0000000c   Code   RO         3145    .text               c_w.l(sys_exit.o)
    0x080002e4   0x00000002   Code   RO         3156    .text               c_w.l(use_no_semi.o)
    0x080002e6   0x00000000   Code   RO         3158    .text               c_w.l(indicate_semi.o)
    0x080002e6   0x00000016   Code   RO         1180    i.ADC_Cmd           stm32f10x_adc.o
    0x080002fc   0x0000012c   Code   RO          210    i.ADC_Configuration  adc.o
    0x08000428   0x00000016   Code   RO         1181    i.ADC_DMACmd        stm32f10x_adc.o
    0x0800043e   0x00000014   Code   RO         1188    i.ADC_GetCalibrationStatus  stm32f10x_adc.o
    0x08000452   0x00000014   Code   RO         1194    i.ADC_GetResetCalibrationStatus  stm32f10x_adc.o
    0x08000466   0x00000002   PAD
    0x08000468   0x00000050   Code   RO         1198    i.ADC_Init          stm32f10x_adc.o
    0x080004b8   0x000000b8   Code   RO         1202    i.ADC_RegularChannelConfig  stm32f10x_adc.o
    0x08000570   0x0000000a   Code   RO         1203    i.ADC_ResetCalibration  stm32f10x_adc.o
    0x0800057a   0x00000016   Code   RO         1205    i.ADC_SoftwareStartConvCmd  stm32f10x_adc.o
    0x08000590   0x0000000a   Code   RO         1207    i.ADC_StartCalibration  stm32f10x_adc.o
    0x0800059a   0x0000002c   Code   RO            4    i.BSP_Init          main.o
    0x080005c6   0x00000002   PAD
    0x080005c8   0x00000064   Code   RO            5    i.BSP_Task          main.o
    0x0800062c   0x0000001c   Code   RO          346    i.Clamp_Card        finger.o
    0x08000648   0x00000048   Code   RO          347    i.Cloth_Gesture     finger.o
    0x08000690   0x00000002   Code   RO         2768    i.DMA1_Channel1_Event  dma_stm32f10x.o
    0x08000692   0x00000002   PAD
    0x08000694   0x0000001c   Code   RO         2769    i.DMA1_Channel1_IRQHandler  dma_stm32f10x.o
    0x080006b0   0x00000002   Code   RO         2770    i.DMA1_Channel2_Event  dma_stm32f10x.o
    0x080006b2   0x00000002   PAD
    0x080006b4   0x0000001c   Code   RO         2771    i.DMA1_Channel2_IRQHandler  dma_stm32f10x.o
    0x080006d0   0x00000002   Code   RO         2772    i.DMA1_Channel3_Event  dma_stm32f10x.o
    0x080006d2   0x00000002   PAD
    0x080006d4   0x0000001c   Code   RO         2773    i.DMA1_Channel3_IRQHandler  dma_stm32f10x.o
    0x080006f0   0x00000002   Code   RO         2774    i.DMA1_Channel4_Event  dma_stm32f10x.o
    0x080006f2   0x00000002   PAD
    0x080006f4   0x0000001c   Code   RO         2775    i.DMA1_Channel4_IRQHandler  dma_stm32f10x.o
    0x08000710   0x00000002   Code   RO         2776    i.DMA1_Channel5_Event  dma_stm32f10x.o
    0x08000712   0x00000002   PAD
    0x08000714   0x0000001c   Code   RO         2777    i.DMA1_Channel5_IRQHandler  dma_stm32f10x.o
    0x08000730   0x00000002   Code   RO         2778    i.DMA1_Channel6_Event  dma_stm32f10x.o
    0x08000732   0x00000002   PAD
    0x08000734   0x0000001c   Code   RO         2779    i.DMA1_Channel6_IRQHandler  dma_stm32f10x.o
    0x08000750   0x00000002   Code   RO         2780    i.DMA1_Channel7_Event  dma_stm32f10x.o
    0x08000752   0x00000002   PAD
    0x08000754   0x0000001c   Code   RO         2781    i.DMA1_Channel7_IRQHandler  dma_stm32f10x.o
    0x08000770   0x00000018   Code   RO         1410    i.DMA_Cmd           stm32f10x_dma.o
    0x08000788   0x0000014c   Code   RO         1411    i.DMA_DeInit        stm32f10x_dma.o
    0x080008d4   0x00000012   Code   RO         1415    i.DMA_ITConfig      stm32f10x_dma.o
    0x080008e6   0x0000003c   Code   RO         1416    i.DMA_Init          stm32f10x_dma.o
    0x08000922   0x00000002   PAD
    0x08000924   0x00000228   Code   RO          246    i.DataOPE           dynamixel.o
    0x08000b4c   0x00000032   Code   RO          247    i.Detect_CMD        dynamixel.o
    0x08000b7e   0x00000002   PAD
    0x08000b80   0x000001a4   Code   RO            6    i.Dynamixel_Set_Task  main.o
    0x08000d24   0x00000044   Code   RO          349    i.FastReset         finger.o
    0x08000d68   0x00000324   Code   RO            7    i.Function_Control  main.o
    0x0800108c   0x00000116   Code   RO         1684    i.GPIO_Init         stm32f10x_gpio.o
    0x080011a2   0x00000004   Code   RO         1691    i.GPIO_ResetBits    stm32f10x_gpio.o
    0x080011a6   0x00000004   Code   RO         1692    i.GPIO_SetBits      stm32f10x_gpio.o
    0x080011aa   0x00000002   PAD
    0x080011ac   0x000000a0   Code   RO          350    i.GrabCup           finger.o
    0x0800124c   0x00000084   Code   RO          352    i.Hand_Open         finger.o
    0x080012d0   0x000000a4   Code   RO          353    i.Hand_Reset        finger.o
    0x08001374   0x00000038   Code   RO            8    i.LED_Configuration  main.o
    0x080013ac   0x00000070   Code   RO         1126    i.NVIC_Init         misc.o
    0x0800141c   0x00000014   Code   RO         1127    i.NVIC_PriorityGroupConfig  misc.o
    0x08001430   0x00000018   Code   RO         1804    i.RCC_ADCCLKConfig  stm32f10x_rcc.o
    0x08001448   0x00000020   Code   RO         1805    i.RCC_AHBPeriphClockCmd  stm32f10x_rcc.o
    0x08001468   0x00000020   Code   RO         1806    i.RCC_APB1PeriphClockCmd  stm32f10x_rcc.o
    0x08001488   0x00000020   Code   RO         1808    i.RCC_APB2PeriphClockCmd  stm32f10x_rcc.o
    0x080014a8   0x000000d4   Code   RO         1816    i.RCC_GetClocksFreq  stm32f10x_rcc.o
    0x0800157c   0x00000078   Code   RO          248    i.ReadData          dynamixel.o
    0x080015f4   0x000000ac   Code   RO          249    i.ReadDataS         dynamixel.o
    0x080016a0   0x00000124   Code   RO          458    i.Receive_Cmd_TTL   usart_for_dynamixel.o
    0x080017c4   0x0000002a   Code   RO          459    i.Receive_Data      usart_for_dynamixel.o
    0x080017ee   0x00000002   PAD
    0x080017f0   0x00000188   Code   RO          460    i.Receive_Data_485  usart_for_dynamixel.o
    0x08001978   0x000001d4   Code   RO          461    i.Receive_Data_TTL  usart_for_dynamixel.o
    0x08001b4c   0x0000020c   Code   RO          252    i.SYNC_Finger       dynamixel.o
    0x08001d58   0x0000004c   Code   RO          354    i.Scissors_Gesture  finger.o
    0x08001da4   0x00000074   Code   RO          463    i.Send_Array_TTL    usart_for_dynamixel.o
    0x08001e18   0x000000a4   Code   RO          465    i.Send_Data_TTL     usart_for_dynamixel.o
    0x08001ebc   0x00000008   Code   RO         2964    i.SetSysClock       system_stm32f10x.o
    0x08001ec4   0x000000e0   Code   RO         2965    i.SetSysClockTo72   system_stm32f10x.o
    0x08001fa4   0x00000014   Code   RO          253    i.Set_Baud_Rate     dynamixel.o
    0x08001fb8   0x00000018   Code   RO          254    i.Set_Goal_Value    dynamixel.o
    0x08001fd0   0x00000014   Code   RO          255    i.Set_Return_Level  dynamixel.o
    0x08001fe4   0x00000014   Code   RO          256    i.Set_XL_LED        dynamixel.o
    0x08001ff8   0x0000004c   Code   RO          355    i.Single_Finger     finger.o
    0x08002044   0x0000003c   Code   RO          356    i.Stone_Gesture     finger.o
    0x08002080   0x00000060   Code   RO         2967    i.SystemInit        system_stm32f10x.o
    0x080020e0   0x0000001c   Code   RO          357    i.Three_Finger      finger.o
    0x080020fc   0x00000040   Code   RO          466    i.USART1_IRQHandler  usart_for_dynamixel.o
    0x0800213c   0x00000040   Code   RO          467    i.USART2_IRQHandler  usart_for_dynamixel.o
    0x0800217c   0x000000d0   Code   RO          468    i.USART2_Init       usart_for_dynamixel.o
    0x0800224c   0x00000018   Code   RO         2580    i.USART_Cmd         stm32f10x_usart.o
    0x08002264   0x0000001a   Code   RO         2583    i.USART_GetFlagStatus  stm32f10x_usart.o
    0x0800227e   0x0000004a   Code   RO         2586    i.USART_ITConfig    stm32f10x_usart.o
    0x080022c8   0x000000d8   Code   RO         2587    i.USART_Init        stm32f10x_usart.o
    0x080023a0   0x0000000a   Code   RO         2594    i.USART_ReceiveData  stm32f10x_usart.o
    0x080023aa   0x00000008   Code   RO         2597    i.USART_SendData    stm32f10x_usart.o
    0x080023b2   0x00000002   PAD
    0x080023b4   0x000000d4   Code   RO          469    i.USART_TTL_Init    usart_for_dynamixel.o
    0x08002488   0x0000001c   Code   RO           10    i.Value_Reset       main.o
    0x080024a4   0x00000098   Code   RO          358    i.Vertical_Hold     finger.o
    0x0800253c   0x00000110   Code   RO          257    i.WriteData         dynamixel.o
    0x0800264c   0x00000034   Code   RO           11    i.main              main.o
    0x08002680   0x00000054   Code   RO          864    i.prvAddCurrentTaskToDelayedList  tasks.o
    0x080026d4   0x00000036   Code   RO          865    i.prvAllocateTCBAndStack  tasks.o
    0x0800270a   0x00000002   PAD
    0x0800270c   0x00000064   Code   RO          866    i.prvCheckTasksWaitingTermination  tasks.o
    0x08002770   0x00000012   Code   RO          867    i.prvDeleteTCB      tasks.o
    0x08002782   0x00000002   PAD
    0x08002784   0x00000038   Code   RO          607    i.prvHeapInit       heap_2.o
    0x080027bc   0x00000018   Code   RO          868    i.prvIdleTask       tasks.o
    0x080027d4   0x0000005c   Code   RO          869    i.prvInitialiseTCBVariables  tasks.o
    0x08002830   0x00000068   Code   RO          870    i.prvInitialiseTaskLists  tasks.o
    0x08002898   0x00000034   Code   RO          871    i.prvResetNextTaskUnblockTime  tasks.o
    0x080028cc   0x00000008   Code   RO          682    i.prvTaskExitError  port.o
    0x080028d4   0x000000b8   Code   RO          608    i.pvPortMalloc      heap_2.o
    0x0800298c   0x00000020   Code   RO          683    i.pxPortInitialiseStack  port.o
    0x080029ac   0x0000002c   Code   RO          470    i.update_crc        usart_for_dynamixel.o
    0x080029d8   0x00000028   Code   RO          645    i.uxListRemove      list.o
    0x08002a00   0x0000001a   Code   RO          646    i.vListInitialise   list.o
    0x08002a1a   0x00000006   Code   RO          647    i.vListInitialiseItem  list.o
    0x08002a20   0x00000034   Code   RO          648    i.vListInsert       list.o
    0x08002a54   0x00000018   Code   RO          649    i.vListInsertEnd    list.o
    0x08002a6c   0x00000020   Code   RO          685    i.vPortEnterCritical  port.o
    0x08002a8c   0x00000020   Code   RO          686    i.vPortExitCritical  port.o
    0x08002aac   0x00000040   Code   RO          609    i.vPortFree         heap_2.o
    0x08002aec   0x00000010   Code   RO          687    i.vPortSetupTimerInterrupt  port.o
    0x08002afc   0x00000018   Code   RO          688    i.vPortYield        port.o
    0x08002b14   0x00000054   Code   RO          878    i.vTaskDelay        tasks.o
    0x08002b68   0x000000a8   Code   RO          880    i.vTaskDelete       tasks.o
    0x08002c10   0x00000048   Code   RO          889    i.vTaskStartScheduler  tasks.o
    0x08002c58   0x00000010   Code   RO          891    i.vTaskSuspendAll   tasks.o
    0x08002c68   0x00000060   Code   RO          892    i.vTaskSwitchContext  tasks.o
    0x08002cc8   0x00000034   Code   RO          689    i.xPortStartScheduler  port.o
    0x08002cfc   0x00000020   Code   RO          690    i.xPortSysTickHandler  port.o
    0x08002d1c   0x000000fc   Code   RO          894    i.xTaskGenericCreate  tasks.o
    0x08002e18   0x00000120   Code   RO          897    i.xTaskIncrementTick  tasks.o
    0x08002f38   0x000000dc   Code   RO          903    i.xTaskResumeAll    tasks.o
    0x08003014   0x00000062   Code   RO         3015    x$fpl$d2f           fz_ws.l(d2f.o)
    0x08003076   0x00000002   PAD
    0x08003078   0x00000154   Code   RO         3017    x$fpl$dmul          fz_ws.l(dmul.o)
    0x080031cc   0x0000009c   Code   RO         3048    x$fpl$dnaninf       fz_ws.l(dnaninf.o)
    0x08003268   0x0000000c   Code   RO         3050    x$fpl$dretinf       fz_ws.l(dretinf.o)
    0x08003274   0x00000056   Code   RO         3019    x$fpl$f2d           fz_ws.l(f2d.o)
    0x080032ca   0x00000002   PAD
    0x080032cc   0x000000c4   Code   RO         3021    x$fpl$fadd          fz_ws.l(faddsub_clz.o)
    0x08003390   0x00000018   Code   RO         3052    x$fpl$fcmpinf       fz_ws.l(fcmpi.o)
    0x080033a8   0x00000184   Code   RO         3028    x$fpl$fdiv          fz_ws.l(fdiv.o)
    0x0800352c   0x00000068   Code   RO         3031    x$fpl$feqf          fz_ws.l(feqf.o)
    0x08003594   0x0000003e   Code   RO         3033    x$fpl$ffixu         fz_ws.l(ffixu.o)
    0x080035d2   0x00000002   PAD
    0x080035d4   0x00000026   Code   RO         3037    x$fpl$ffltu         fz_ws.l(fflt_clz.o)
    0x080035fa   0x00000002   PAD
    0x080035fc   0x00000102   Code   RO         3043    x$fpl$fmul          fz_ws.l(fmul.o)
    0x080036fe   0x0000008c   Code   RO         3054    x$fpl$fnaninf       fz_ws.l(fnaninf.o)
    0x0800378a   0x0000000a   Code   RO         3056    x$fpl$fretinf       fz_ws.l(fretinf.o)
    0x08003794   0x00000014   Code   RO         3022    x$fpl$frsb          fz_ws.l(faddsub_clz.o)
    0x080037a8   0x000000ea   Code   RO         3023    x$fpl$fsub          fz_ws.l(faddsub_clz.o)
    0x08003892   0x00000000   Code   RO         3058    x$fpl$usenofp       fz_ws.l(usenofp.o)
    0x08003892   0x0000003e   Data   RO          259    .constdata          dynamixel.o
    0x080038d0   0x00000200   Data   RO          472    .constdata          usart_for_dynamixel.o
    0x08003ad0   0x00000020   Data   RO         3211    Region$$Table       anon$$obj.o


    Execution Region RW_IRAM1 (Base: 0x20000000, Size: 0x00004d50, Max: 0x00005000, ABSOLUTE)

    Base Addr    Size         Type   Attr      Idx    E Section Name        Object

    0x20000000   0x00000013   Data   RW           17    .data               main.o
    0x20000013   0x00000001   PAD
    0x20000014   0x00000010   Data   RW          212    .data               adc.o
    0x20000024   0x0000000c   Data   RW          359    .data               finger.o
    0x20000030   0x00000018   Data   RW          613    .data               heap_2.o
    0x20000048   0x00000004   Data   RW          691    .data               port.o
    0x2000004c   0x00000038   Data   RW          906    .data               tasks.o
    0x20000084   0x00000014   Data   RW         1836    .data               stm32f10x_rcc.o
    0x20000098   0x00000040   Zero   RW           16    .bss                main.o
    0x200000d8   0x0000003c   Zero   RW          258    .bss                dynamixel.o
    0x20000114   0x00000114   Zero   RW          471    .bss                usart_for_dynamixel.o
    0x20000228   0x00004400   Zero   RW          612    .bss                heap_2.o
    0x20004628   0x000000c8   Zero   RW          905    .bss                tasks.o
    0x200046f0   0x00000060   Zero   RW         3085    .bss                c_w.l(libspace.o)
    0x20004750   0x00000200   Zero   RW         2955    HEAP                startup_stm32f10x_md.o
    0x20004950   0x00000400   Zero   RW         2954    STACK               startup_stm32f10x_md.o


==============================================================================

Image component sizes


      Code (inc. data)   RO Data    RW Data    ZI Data      Debug   Object Name

       300         18          0         16          0       1247   adc.o
       210         30          0          0          0       7231   dma_stm32f10x.o
      1774         50         62          0         60      11094   dynamixel.o
      1016        124          0         12          0       6848   finger.o
       304         40          0         24      17408       3107   heap_2.o
       148          0          0          0          0       2698   list.o
      1504        362          0         19         64     266082   main.o
       132         22          0          0          0       1683   misc.o
       390         50          0          4          0       5701   port.o
        64         26        236          0       1536        784   startup_stm32f10x_md.o
       390         10          0          0          0       7785   stm32f10x_adc.o
       434          8          0          0          0       4225   stm32f10x_dma.o
       286          0          0          0          0       3212   stm32f10x_gpio.o
       332         44          0         20          0       5793   stm32f10x_rcc.o
       358          6          0          0          0       5689   stm32f10x_usart.o
       328         28          0          0          0       1845   system_stm32f10x.o
      1724        276          0         56        200      12190   tasks.o
      2066         70        512          0        276       7042   usart_for_dynamixel.o

    ----------------------------------------------------------------------
     11794       1164        842        152      19544     354256   Object Totals
         0          0         32          0          0          0   (incl. Generated)
        34          0          0          1          0          0   (incl. Padding)

    ----------------------------------------------------------------------

      Code (inc. data)   RO Data    RW Data    ZI Data      Debug   Library Member Name

         8          0          0          0          0         68   __main.o
         0          0          0          0          0          0   __rtentry.o
        12          0          0          0          0          0   __rtentry2.o
         6          0          0          0          0          0   __rtentry4.o
        52          8          0          0          0          0   __scatter.o
        26          0          0          0          0          0   __scatter_copy.o
        28          0          0          0          0          0   __scatter_zi.o
        18          0          0          0          0         80   exit.o
         6          0          0          0          0        152   heapauxi.o
         0          0          0          0          0          0   indicate_semi.o
         2          0          0          0          0          0   libinit.o
         2          0          0          0          0          0   libinit2.o
         2          0          0          0          0          0   libshutdown.o
         2          0          0          0          0          0   libshutdown2.o
         8          4          0          0         96         68   libspace.o
         2          0          0          0          0          0   rtexit.o
        10          0          0          0          0          0   rtexit2.o
        12          4          0          0          0         68   sys_exit.o
        74          0          0          0          0         80   sys_stackheap_outer.o
         2          0          0          0          0         68   use_no_semi.o
        98          4          0          0          0         92   d2f.o
       340         12          0          0          0        104   dmul.o
       156          4          0          0          0         92   dnaninf.o
        12          0          0          0          0         68   dretinf.o
        86          4          0          0          0         84   f2d.o
       450          8          0          0          0        236   faddsub_clz.o
        24          0          0          0          0         68   fcmpi.o
       388         76          0          0          0         96   fdiv.o
       104          4          0          0          0         84   feqf.o
        62          4          0          0          0         84   ffixu.o
        38          0          0          0          0         68   fflt_clz.o
       258          4          0          0          0         84   fmul.o
       140          4          0          0          0         84   fnaninf.o
        10          0          0          0          0         68   fretinf.o
         0          0          0          0          0          0   usenofp.o

    ----------------------------------------------------------------------
      2452        140          0          0         96       1896   Library Totals
        14          0          0          0          0          0   (incl. Padding)

    ----------------------------------------------------------------------

      Code (inc. data)   RO Data    RW Data    ZI Data      Debug   Library Name

       272         16          0          0         96        584   c_w.l
      2166        124          0          0          0       1312   fz_ws.l

    ----------------------------------------------------------------------
      2452        140          0          0         96       1896   Library Totals

    ----------------------------------------------------------------------

==============================================================================


      Code (inc. data)   RO Data    RW Data    ZI Data      Debug   

     14246       1304        842        152      19640     349128   Grand Totals
     14246       1304        842        152      19640     349128   ELF Image Totals
     14246       1304        842        152          0          0   ROM Totals

==============================================================================

    Total RO  Size (Code + RO Data)                15088 (  14.73kB)
    Total RW  Size (RW Data + ZI Data)             19792 (  19.33kB)
    Total ROM Size (Code + RO Data + RW Data)      15240 (  14.88kB)

==============================================================================

